Component: ARM Compiler 6.16 Tool: armlink [5dfeaa00]

==============================================================================

Section Cross References

    spi_msd0_driver.o(.ARM.exidx.text.MSD0_spi_read_write) refers to spi_msd0_driver.o(.text.MSD0_spi_read_write) for [Anonymous Symbol]
    spi_msd0_driver.o(.text.MSD0_SPI_Configuration) refers to stm32f10x_rcc.o(.text.RCC_APB2PeriphClockCmd) for RCC_APB2PeriphClockCmd
    spi_msd0_driver.o(.text.MSD0_SPI_Configuration) refers to stm32f10x_gpio.o(.text.GPIO_Init) for GPIO_Init
    spi_msd0_driver.o(.text.MSD0_SPI_Configuration) refers to spi_msd0_driver.o(.text.MSD0_SPIHighSpeed) for MSD0_SPIHighSpeed
    spi_msd0_driver.o(.text.MSD0_SPI_Configuration) refers to stm32f10x_spi.o(.text.SPI_Cmd) for SPI_Cmd
    spi_msd0_driver.o(.ARM.exidx.text.MSD0_SPI_Configuration) refers to spi_msd0_driver.o(.text.MSD0_SPI_Configuration) for [Anonymous Symbol]
    spi_msd0_driver.o(.text.MSD0_SPIHighSpeed) refers to stm32f10x_spi.o(.text.SPI_Init) for SPI_Init
    spi_msd0_driver.o(.ARM.exidx.text.MSD0_SPIHighSpeed) refers to spi_msd0_driver.o(.text.MSD0_SPIHighSpeed) for [Anonymous Symbol]
    spi_msd0_driver.o(.text.MSD0_Init) refers to spi_msd0_driver.o(.text.MSD0_spi_read_write) for MSD0_spi_read_write
    spi_msd0_driver.o(.text.MSD0_Init) refers to spi_msd0_driver.o(.text.MSD0_send_command) for MSD0_send_command
    spi_msd0_driver.o(.text.MSD0_Init) refers to spi_msd0_driver.o(.text.MSD0_send_command_hold) for MSD0_send_command_hold
    spi_msd0_driver.o(.text.MSD0_Init) refers to spi_msd0_driver.o(.bss.SD0_CardInfo) for SD0_CardInfo
    spi_msd0_driver.o(.text.MSD0_Init) refers to spi_msd0_driver.o(.text.MSD0_SPIHighSpeed) for MSD0_SPIHighSpeed
    spi_msd0_driver.o(.ARM.exidx.text.MSD0_Init) refers to spi_msd0_driver.o(.text.MSD0_Init) for [Anonymous Symbol]
    spi_msd0_driver.o(.text.MSD0_send_command) refers to spi_msd0_driver.o(.text.MSD0_spi_read_write) for MSD0_spi_read_write
    spi_msd0_driver.o(.ARM.exidx.text.MSD0_send_command) refers to spi_msd0_driver.o(.text.MSD0_send_command) for [Anonymous Symbol]
    spi_msd0_driver.o(.text.MSD0_send_command_hold) refers to spi_msd0_driver.o(.text.MSD0_spi_read_write) for MSD0_spi_read_write
    spi_msd0_driver.o(.ARM.exidx.text.MSD0_send_command_hold) refers to spi_msd0_driver.o(.text.MSD0_send_command_hold) for [Anonymous Symbol]
    spi_msd0_driver.o(.text.MSD0_GetCardInfo) refers to spi_msd0_driver.o(.text.MSD0_send_command) for MSD0_send_command
    spi_msd0_driver.o(.text.MSD0_GetCardInfo) refers to spi_msd0_driver.o(.text.MSD0_read_buffer) for MSD0_read_buffer
    spi_msd0_driver.o(.ARM.exidx.text.MSD0_GetCardInfo) refers to spi_msd0_driver.o(.text.MSD0_GetCardInfo) for [Anonymous Symbol]
    spi_msd0_driver.o(.text.MSD0_read_buffer) refers to spi_msd0_driver.o(.text.MSD0_spi_read_write) for MSD0_spi_read_write
    spi_msd0_driver.o(.ARM.exidx.text.MSD0_read_buffer) refers to spi_msd0_driver.o(.text.MSD0_read_buffer) for [Anonymous Symbol]
    spi_msd0_driver.o(.text.MSD0_ReadSingleBlock) refers to spi_msd0_driver.o(.bss.SD0_CardInfo) for SD0_CardInfo
    spi_msd0_driver.o(.text.MSD0_ReadSingleBlock) refers to spi_msd0_driver.o(.text.MSD0_send_command) for MSD0_send_command
    spi_msd0_driver.o(.text.MSD0_ReadSingleBlock) refers to spi_msd0_driver.o(.text.MSD0_read_buffer) for MSD0_read_buffer
    spi_msd0_driver.o(.ARM.exidx.text.MSD0_ReadSingleBlock) refers to spi_msd0_driver.o(.text.MSD0_ReadSingleBlock) for [Anonymous Symbol]
    spi_msd0_driver.o(.text.MSD0_ReadMultiBlock) refers to spi_msd0_driver.o(.bss.SD0_CardInfo) for SD0_CardInfo
    spi_msd0_driver.o(.text.MSD0_ReadMultiBlock) refers to spi_msd0_driver.o(.text.MSD0_send_command) for MSD0_send_command
    spi_msd0_driver.o(.text.MSD0_ReadMultiBlock) refers to spi_msd0_driver.o(.text.MSD0_read_buffer) for MSD0_read_buffer
    spi_msd0_driver.o(.text.MSD0_ReadMultiBlock) refers to spi_msd0_driver.o(.text.MSD0_spi_read_write) for MSD0_spi_read_write
    spi_msd0_driver.o(.ARM.exidx.text.MSD0_ReadMultiBlock) refers to spi_msd0_driver.o(.text.MSD0_ReadMultiBlock) for [Anonymous Symbol]
    spi_msd0_driver.o(.text.MSD0_WriteSingleBlock) refers to spi_msd0_driver.o(.bss.SD0_CardInfo) for SD0_CardInfo
    spi_msd0_driver.o(.text.MSD0_WriteSingleBlock) refers to spi_msd0_driver.o(.text.MSD0_send_command) for MSD0_send_command
    spi_msd0_driver.o(.text.MSD0_WriteSingleBlock) refers to spi_msd0_driver.o(.text.MSD0_spi_read_write) for MSD0_spi_read_write
    spi_msd0_driver.o(.ARM.exidx.text.MSD0_WriteSingleBlock) refers to spi_msd0_driver.o(.text.MSD0_WriteSingleBlock) for [Anonymous Symbol]
    spi_msd0_driver.o(.text.MSD0_WriteMultiBlock) refers to spi_msd0_driver.o(.bss.SD0_CardInfo) for SD0_CardInfo
    spi_msd0_driver.o(.text.MSD0_WriteMultiBlock) refers to spi_msd0_driver.o(.text.MSD0_send_command) for MSD0_send_command
[...]
    Removing stm32f10x_spi.o(.ARM.exidx.text.SPI_I2S_ReceiveData), (8 bytes).
    Removing stm32f10x_spi.o(.text.SPI_NSSInternalSoftwareConfig), (24 bytes).
    Removing stm32f10x_spi.o(.ARM.exidx.text.SPI_NSSInternalSoftwareConfig), (8 bytes).
    Removing stm32f10x_spi.o(.text.SPI_SSOutputCmd), (20 bytes).
    Removing stm32f10x_spi.o(.ARM.exidx.text.SPI_SSOutputCmd), (8 bytes).
    Removing stm32f10x_spi.o(.text.SPI_DataSizeConfig), (16 bytes).
    Removing stm32f10x_spi.o(.ARM.exidx.text.SPI_DataSizeConfig), (8 bytes).
    Removing stm32f10x_spi.o(.text.SPI_TransmitCRC), (10 bytes).
    Removing stm32f10x_spi.o(.ARM.exidx.text.SPI_TransmitCRC), (8 bytes).
    Removing stm32f10x_spi.o(.text.SPI_CalculateCRC), (20 bytes).
    Removing stm32f10x_spi.o(.ARM.exidx.text.SPI_CalculateCRC), (8 bytes).
    Removing stm32f10x_spi.o(.text.SPI_GetCRC), (12 bytes).
    Removing stm32f10x_spi.o(.ARM.exidx.text.SPI_GetCRC), (8 bytes).
    Removing stm32f10x_spi.o(.text.SPI_GetCRCPolynomial), (4 bytes).
    Removing stm32f10x_spi.o(.ARM.exidx.text.SPI_GetCRCPolynomial), (8 bytes).
    Removing stm32f10x_spi.o(.text.SPI_BiDirectionalLineConfig), (24 bytes).
    Removing stm32f10x_spi.o(.ARM.exidx.text.SPI_BiDirectionalLineConfig), (8 bytes).
    Removing stm32f10x_spi.o(.text.SPI_I2S_GetFlagStatus), (10 bytes).
    Removing stm32f10x_spi.o(.ARM.exidx.text.SPI_I2S_GetFlagStatus), (8 bytes).
    Removing stm32f10x_spi.o(.text.SPI_I2S_ClearFlag), (6 bytes).
    Removing stm32f10x_spi.o(.ARM.exidx.text.SPI_I2S_ClearFlag), (8 bytes).
    Removing stm32f10x_spi.o(.text.SPI_I2S_GetITStatus), (34 bytes).
    Removing stm32f10x_spi.o(.ARM.exidx.text.SPI_I2S_GetITStatus), (8 bytes).
    Removing stm32f10x_spi.o(.text.SPI_I2S_ClearITPendingBit), (16 bytes).
    Removing stm32f10x_spi.o(.ARM.exidx.text.SPI_I2S_ClearITPendingBit), (8 bytes).
    Removing stm32f10x_usart.o(.text), (0 bytes).
    Removing stm32f10x_usart.o(.text.USART_DeInit), (174 bytes).
    Removing stm32f10x_usart.o(.ARM.exidx.text.USART_DeInit), (8 bytes).
    Removing stm32f10x_usart.o(.ARM.exidx.text.USART_Init), (8 bytes).
    Removing stm32f10x_usart.o(.text.USART_StructInit), (18 bytes).
    Removing stm32f10x_usart.o(.ARM.exidx.text.USART_StructInit), (8 bytes).
    Removing stm32f10x_usart.o(.text.USART_ClockInit), (34 bytes).
    Removing stm32f10x_usart.o(.ARM.exidx.text.USART_ClockInit), (8 bytes).
    Removing stm32f10x_usart.o(.text.USART_ClockStructInit), (8 bytes).
    Removing stm32f10x_usart.o(.ARM.exidx.text.USART_ClockStructInit), (8 bytes).
    Removing stm32f10x_usart.o(.ARM.exidx.text.USART_Cmd), (8 bytes).
    Removing stm32f10x_usart.o(.ARM.exidx.text.USART_ITConfig), (8 bytes).
    Removing stm32f10x_usart.o(.text.USART_DMACmd), (16 bytes).
    Removing stm32f10x_usart.o(.ARM.exidx.text.USART_DMACmd), (8 bytes).
    Removing stm32f10x_usart.o(.text.USART_SetAddress), (16 bytes).
    Removing stm32f10x_usart.o(.ARM.exidx.text.USART_SetAddress), (8 bytes).
    Removing stm32f10x_usart.o(.text.USART_WakeUpConfig), (16 bytes).
    Removing stm32f10x_usart.o(.ARM.exidx.text.USART_WakeUpConfig), (8 bytes).
    Removing stm32f10x_usart.o(.text.USART_ReceiverWakeUpCmd), (20 bytes).
    Removing stm32f10x_usart.o(.ARM.exidx.text.USART_ReceiverWakeUpCmd), (8 bytes).
    Removing stm32f10x_usart.o(.text.USART_LINBreakDetectLengthConfig), (16 bytes).
    Removing stm32f10x_usart.o(.ARM.exidx.text.USART_LINBreakDetectLengthConfig), (8 bytes).
    Removing stm32f10x_usart.o(.text.USART_LINCmd), (20 bytes).
    Removing stm32f10x_usart.o(.ARM.exidx.text.USART_LINCmd), (8 bytes).
    Removing stm32f10x_usart.o(.ARM.exidx.text.USART_SendData), (8 bytes).
    Removing stm32f10x_usart.o(.ARM.exidx.text.USART_ReceiveData), (8 bytes).
    Removing stm32f10x_usart.o(.text.USART_SendBreak), (10 bytes).
    Removing stm32f10x_usart.o(.ARM.exidx.text.USART_SendBreak), (8 bytes).
    Removing stm32f10x_usart.o(.text.USART_SetGuardTime), (16 bytes).
    Removing stm32f10x_usart.o(.ARM.exidx.text.USART_SetGuardTime), (8 bytes).
    Removing stm32f10x_usart.o(.text.USART_SetPrescaler), (16 bytes).
    Removing stm32f10x_usart.o(.ARM.exidx.text.USART_SetPrescaler), (8 bytes).
    Removing stm32f10x_usart.o(.text.USART_SmartCardCmd), (20 bytes).
    Removing stm32f10x_usart.o(.ARM.exidx.text.USART_SmartCardCmd), (8 bytes).
    Removing stm32f10x_usart.o(.text.USART_SmartCardNACKCmd), (20 bytes).
    Removing stm32f10x_usart.o(.ARM.exidx.text.USART_SmartCardNACKCmd), (8 bytes).
    Removing stm32f10x_usart.o(.text.USART_HalfDuplexCmd), (20 bytes).
    Removing stm32f10x_usart.o(.ARM.exidx.text.USART_HalfDuplexCmd), (8 bytes).
    Removing stm32f10x_usart.o(.text.USART_OverSampling8Cmd), (20 bytes).
    Removing stm32f10x_usart.o(.ARM.exidx.text.USART_OverSampling8Cmd), (8 bytes).
    Removing stm32f10x_usart.o(.text.USART_OneBitMethodCmd), (20 bytes).
    Removing stm32f10x_usart.o(.ARM.exidx.text.USART_OneBitMethodCmd), (8 bytes).
    Removing stm32f10x_usart.o(.text.USART_IrDAConfig), (16 bytes).
    Removing stm32f10x_usart.o(.ARM.exidx.text.USART_IrDAConfig), (8 bytes).
    Removing stm32f10x_usart.o(.text.USART_IrDACmd), (20 bytes).
    Removing stm32f10x_usart.o(.ARM.exidx.text.USART_IrDACmd), (8 bytes).
    Removing stm32f10x_usart.o(.ARM.exidx.text.USART_GetFlagStatus), (8 bytes).
    Removing stm32f10x_usart.o(.text.USART_ClearFlag), (6 bytes).
    Removing stm32f10x_usart.o(.ARM.exidx.text.USART_ClearFlag), (8 bytes).
    Removing stm32f10x_usart.o(.ARM.exidx.text.USART_GetITStatus), (8 bytes).
    Removing stm32f10x_usart.o(.ARM.exidx.text.USART_ClearITPendingBit), (8 bytes).
    Removing system_stm32f10x.o(.text), (0 bytes).
    Removing system_stm32f10x.o(.ARM.exidx.text.SystemInit), (8 bytes).
    Removing system_stm32f10x.o(.ARM.exidx.text.SetSysClock), (8 bytes).
    Removing system_stm32f10x.o(.text.SystemCoreClockUpdate), (110 bytes).
    Removing system_stm32f10x.o(.ARM.exidx.text.SystemCoreClockUpdate), (8 bytes).
    Removing system_stm32f10x.o(.ARM.exidx.text.SetSysClockTo72), (8 bytes).
    Removing system_stm32f10x.o(.data.SystemCoreClock), (4 bytes).
    Removing system_stm32f10x.o(.rodata.AHBPrescTable), (16 bytes).

373 unused section(s) (total 22607 bytes) removed from the image.

==============================================================================

Image Symbol Table

    Local Symbols

    Symbol Name                              Value     Ov Type        Size  Object(Section)

    ../clib/angel/boardlib.s                 0x00000000   Number         0  boardinit1.o ABSOLUTE
    ../clib/angel/boardlib.s                 0x00000000   Number         0  boardinit2.o ABSOLUTE
    ../clib/angel/boardlib.s                 0x00000000   Number         0  boardinit3.o ABSOLUTE
    ../clib/angel/boardlib.s                 0x00000000   Number         0  boardshut.o ABSOLUTE
    ../clib/angel/handlers.s                 0x00000000   Number         0  __scatter_copy.o ABSOLUTE
    ../clib/angel/handlers.s                 0x00000000   Number         0  __scatter_zi.o ABSOLUTE
    ../clib/angel/kernel.s                   0x00000000   Number         0  __rtentry.o ABSOLUTE
    ../clib/angel/kernel.s                   0x00000000   Number         0  __rtentry2.o ABSOLUTE
    ../clib/angel/kernel.s                   0x00000000   Number         0  __rtentry4.o ABSOLUTE
    ../clib/angel/kernel.s                   0x00000000   Number         0  rtexit.o ABSOLUTE
    ../clib/angel/kernel.s                   0x00000000   Number         0  rtexit2.o ABSOLUTE
    ../clib/angel/rt.s                       0x00000000   Number         0  rt_raise.o ABSOLUTE
    ../clib/angel/scatter.s                  0x00000000   Number         0  __scatter.o ABSOLUTE
    ../clib/angel/startup.s                  0x00000000   Number         0  __main.o ABSOLUTE
    ../clib/angel/sys.s                      0x00000000   Number         0  sys_stackheap_outer.o ABSOLUTE
    ../clib/angel/sys.s                      0x00000000   Number         0  libspace.o ABSOLUTE
    ../clib/angel/sys.s                      0x00000000   Number         0  use_no_semi.o ABSOLUTE
    ../clib/angel/sys.s                      0x00000000   Number         0  indicate_semi.o ABSOLUTE
    ../clib/angel/sysapp.c                   0x00000000   Number         0  sys_exit.o ABSOLUTE
    ../clib/angel/sysapp.c                   0x00000000   Number         0  sys_exit_hlt.o ABSOLUTE
    ../clib/angel/sysapp.c                   0x00000000   Number         0  sys_command.o ABSOLUTE
    ../clib/angel/sysapp.c                   0x00000000   Number         0  sys_command_hlt.o ABSOLUTE
    ../clib/angel/sysapp.c                   0x00000000   Number         0  sys_wrch.o ABSOLUTE
    ../clib/angel/sysapp.c                   0x00000000   Number         0  sys_wrch_hlt.o ABSOLUTE
    ../clib/armsys.c                         0x00000000   Number         0  argv_veneer.o ABSOLUTE
    ../clib/armsys.c                         0x00000000   Number         0  argv_veneer.o ABSOLUTE
    ../clib/armsys.c                         0x00000000   Number         0  _get_argv_nomalloc.o ABSOLUTE
    ../clib/armsys.c                         0x00000000   Number         0  no_argv.o ABSOLUTE
    ../clib/heapalloc.c                      0x00000000   Number         0  hrguard.o ABSOLUTE
    ../clib/heapaux.c                        0x00000000   Number         0  heapauxi.o ABSOLUTE
    ../clib/libinit.s                        0x00000000   Number         0  libinit.o ABSOLUTE
    ../clib/libinit.s                        0x00000000   Number         0  libinit2.o ABSOLUTE
    ../clib/libinit.s                        0x00000000   Number         0  libshutdown.o ABSOLUTE
    ../clib/libinit.s                        0x00000000   Number         0  libshutdown2.o ABSOLUTE
    ../clib/memcpset.s                       0x00000000   Number         0  aeabi_memset.o ABSOLUTE
    ../clib/memcpset.s                       0x00000000   Number         0  rt_memclr.o ABSOLUTE
    ../clib/memcpset.s                       0x00000000   Number         0  rt_memclr_w.o ABSOLUTE
    ../clib/misc.s                           0x00000000   Number         0  printf_stubs.o ABSOLUTE
    ../clib/printf.c                         0x00000000   Number         0  __2printf.o ABSOLUTE
    ../clib/printf.c                         0x00000000   Number         0  __2sprintf.o ABSOLUTE
    ../clib/printf.c                         0x00000000   Number         0  noretval__2printf.o ABSOLUTE
    ../clib/printf.c                         0x00000000   Number         0  noretval__2sprintf.o ABSOLUTE
    ../clib/printf.c                         0x00000000   Number         0  __printf.o ABSOLUTE
    ../clib/printf.c                         0x00000000   Number         0  _printf_pad.o ABSOLUTE
    ../clib/printf.c                         0x00000000   Number         0  _printf_str.o ABSOLUTE
    ../clib/printf.c                         0x00000000   Number         0  _printf_dec.o ABSOLUTE
    ../clib/printf.c                         0x00000000   Number         0  _printf_hex_ll.o ABSOLUTE
    ../clib/printf.c                         0x00000000   Number         0  _printf_hex_int.o ABSOLUTE
    ../clib/printf.c                         0x00000000   Number         0  _printf_hex_int_ll.o ABSOLUTE
    ../clib/printf.c                         0x00000000   Number         0  _printf_hex_ptr.o ABSOLUTE
    ../clib/printf.c                         0x00000000   Number         0  _printf_hex_int_ptr.o ABSOLUTE
    ../clib/printf.c                         0x00000000   Number         0  _printf_hex_ll_ptr.o ABSOLUTE
    ../clib/printf.c                         0x00000000   Number         0  _printf_hex_int_ll_ptr.o ABSOLUTE
    ../clib/printf.c                         0x00000000   Number         0  __printf_flags.o ABSOLUTE
    ../clib/printf.c                         0x00000000   Number         0  __printf_ss.o ABSOLUTE
    ../clib/printf.c                         0x00000000   Number         0  __printf_flags_ss.o ABSOLUTE
    ../clib/printf.c                         0x00000000   Number         0  __printf_wp.o ABSOLUTE
    ../clib/printf.c                         0x00000000   Number         0  __printf_flags_wp.o ABSOLUTE
    ../clib/printf.c                         0x00000000   Number         0  __printf_ss_wp.o ABSOLUTE
    ../clib/printf.c                         0x00000000   Number         0  __printf_flags_ss_wp.o ABSOLUTE
    ../clib/printf.c                         0x00000000   Number         0  _printf_intcommon.o ABSOLUTE
    ../clib/printf.c                         0x00000000   Number         0  _printf_char_common.o ABSOLUTE
    ../clib/printf.c                         0x00000000   Number         0  _sputc.o ABSOLUTE
    ../clib/printf.c                         0x00000000   Number         0  _printf_char.o ABSOLUTE
    ../clib/printf.c                         0x00000000   Number         0  _printf_char_file.o ABSOLUTE
    ../clib/printf.c                         0x00000000   Number         0  __printf_nopercent.o ABSOLUTE
    ../clib/printf_percent.s                 0x00000000   Number         0  _printf_s.o ABSOLUTE
    ../clib/printf_percent.s                 0x00000000   Number         0  _printf_x.o ABSOLUTE
    ../clib/printf_percent.s                 0x00000000   Number         0  _printf_d.o ABSOLUTE
    ../clib/printf_percent.s                 0x00000000   Number         0  _printf_percent.o ABSOLUTE
    ../clib/printf_percent.s                 0x00000000   Number         0  _printf_percent_end.o ABSOLUTE
    ../clib/signal.c                         0x00000000   Number         0  defsig_rtmem_outer.o ABSOLUTE
    ../clib/signal.c                         0x00000000   Number         0  defsig_rtmem_formal.o ABSOLUTE
    ../clib/signal.c                         0x00000000   Number         0  defsig_exit.o ABSOLUTE
    ../clib/signal.c                         0x00000000   Number         0  defsig_rtmem_inner.o ABSOLUTE
    ../clib/signal.c                         0x00000000   Number         0  __raise.o ABSOLUTE
    ../clib/signal.c                         0x00000000   Number         0  defsig_general.o ABSOLUTE
    ../clib/signal.c                         0x00000000   Number         0  defsig_abrt_inner.o ABSOLUTE
    ../clib/signal.c                         0x00000000   Number         0  defsig_fpe_inner.o ABSOLUTE
    ../clib/signal.c                         0x00000000   Number         0  defsig_rtred_inner.o ABSOLUTE
    ../clib/signal.c                         0x00000000   Number         0  defsig_stak_inner.o ABSOLUTE
    ../clib/signal.c                         0x00000000   Number         0  defsig_pvfn_inner.o ABSOLUTE
    ../clib/signal.c                         0x00000000   Number         0  defsig_cppl_inner.o ABSOLUTE
    ../clib/signal.c                         0x00000000   Number         0  defsig_segv_inner.o ABSOLUTE
    ../clib/signal.c                         0x00000000   Number         0  defsig_other.o ABSOLUTE
    ../clib/signal.s                         0x00000000   Number         0  defsig.o ABSOLUTE
    ../clib/stdio.c                          0x00000000   Number         0  puts.o ABSOLUTE
    ../clib/stdio.c                          0x00000000   Number         0  ferror.o ABSOLUTE
    ../clib/stdio.c                          0x00000000   Number         0  ferror_locked.o ABSOLUTE
    ../clib/stdlib.c                         0x00000000   Number         0  exit.o ABSOLUTE
    ../clib/string.c                         0x00000000   Number         0  strstr.o ABSOLUTE
    ../clib/string.c                         0x00000000   Number         0  strlen.o ABSOLUTE
    ../fplib/fpinit.s                        0x00000000   Number         0  fpinit.o ABSOLUTE
    ../fplib/fpinit_empty.s                  0x00000000   Number         0  fpinit_empty.o ABSOLUTE
    Delay.c                                  0x00000000   Number         0  delay.o ABSOLUTE
    RTE/Device/STM32F103C8/startup_stm32f10x_md.s 0x00000000   Number         0  startup_stm32f10x_md.o ABSOLUTE
    SPI_MSD0_Driver.c                        0x00000000   Number         0  spi_msd0_driver.o ABSOLUTE
    ccsbcs.c                                 0x00000000   Number         0  ccsbcs.o ABSOLUTE
    dc.s                                     0x00000000   Number         0  dc.o ABSOLUTE
    delta.c                                  0x00000000   Number         0  delta.o ABSOLUTE
    diskio.c                                 0x00000000   Number         0  diskio.o ABSOLUTE
    ff.c                                     0x00000000   Number         0  ff.o ABSOLUTE
    flash.c                                  0x00000000   Number         0  flash.o ABSOLUTE
    lib_sd.c                                 0x00000000   Number         0  lib_sd.o ABSOLUTE
    main.c                                   0x00000000   Number         0  main.o ABSOLUTE
    misc.c                                   0x00000000   Number         0  misc.o ABSOLUTE
    stm32f10x_gpio.c                         0x00000000   Number         0  stm32f10x_gpio.o ABSOLUTE
    stm32f10x_rcc.c                          0x00000000   Number         0  stm32f10x_rcc.o ABSOLUTE
    stm32f10x_spi.c                          0x00000000   Number         0  stm32f10x_spi.o ABSOLUTE
    stm32f10x_usart.c                        0x00000000   Number         0  stm32f10x_usart.o ABSOLUTE
    system_stm32f10x.c                       0x00000000   Number         0  system_stm32f10x.o ABSOLUTE
    usart.c                                  0x00000000   Number         0  usart.o ABSOLUTE
    RESET                                    0x08000000   Section      236  startup_stm32f10x_md.o(RESET)
    !!!main                                  0x080000ec   Section        8  __main.o(!!!main)
    !!!scatter                               0x080000f4   Section       52  __scatter.o(!!!scatter)
    !!handler_copy                           0x08000128   Section       26  __scatter_copy.o(!!handler_copy)
    !!handler_zi                             0x08000144   Section       28  __scatter_zi.o(!!handler_zi)
    .ARM.Collect$$_printf_percent$$00000000  0x08000160   Section        0  _printf_percent.o(.ARM.Collect$$_printf_percent$$00000000)
    .ARM.Collect$$_printf_percent$$00000009  0x08000160   Section        6  _printf_d.o(.ARM.Collect$$_printf_percent$$00000009)
    .ARM.Collect$$_printf_percent$$0000000C  0x08000166   Section        6  _printf_x.o(.ARM.Collect$$_printf_percent$$0000000C)
    .ARM.Collect$$_printf_percent$$00000014  0x0800016c   Section        6  _printf_s.o(.ARM.Collect$$_printf_percent$$00000014)
    .ARM.Collect$$_printf_percent$$00000017  0x08000172   Section        4  _printf_percent_end.o(.ARM.Collect$$_printf_percent$$00000017)
    .ARM.Collect$$libinit$$00000000          0x08000176   Section        2  libinit.o(.ARM.Collect$$libinit$$00000000)
    .ARM.Collect$$libinit$$00000002          0x08000178   Section        0  libinit2.o(.ARM.Collect$$libinit$$00000002)
    .ARM.Collect$$libinit$$00000004          0x08000178   Section        0  libinit2.o(.ARM.Collect$$libinit$$00000004)
    .ARM.Collect$$libinit$$0000000A          0x08000178   Section        0  libinit2.o(.ARM.Collect$$libinit$$0000000A)
    .ARM.Collect$$libinit$$0000000C          0x08000178   Section        0  libinit2.o(.ARM.Collect$$libinit$$0000000C)
    .ARM.Collect$$libinit$$0000000E          0x08000178   Section        0  libinit2.o(.ARM.Collect$$libinit$$0000000E)
    .ARM.Collect$$libinit$$00000011          0x08000178   Section        0  libinit2.o(.ARM.Collect$$libinit$$00000011)
    .ARM.Collect$$libinit$$00000013          0x08000178   Section        0  libinit2.o(.ARM.Collect$$libinit$$00000013)
    .ARM.Collect$$libinit$$00000015          0x08000178   Section        0  libinit2.o(.ARM.Collect$$libinit$$00000015)
    .ARM.Collect$$libinit$$00000017          0x08000178   Section        0  libinit2.o(.ARM.Collect$$libinit$$00000017)
    .ARM.Collect$$libinit$$00000019          0x08000178   Section        0  libinit2.o(.ARM.Collect$$libinit$$00000019)
    .ARM.Collect$$libinit$$0000001B          0x08000178   Section        0  libinit2.o(.ARM.Collect$$libinit$$0000001B)
    .ARM.Collect$$libinit$$0000001D          0x08000178   Section        0  libinit2.o(.ARM.Collect$$libinit$$0000001D)
    .ARM.Collect$$libinit$$0000001F          0x08000178   Section        0  libinit2.o(.ARM.Collect$$libinit$$0000001F)
    .ARM.Collect$$libinit$$00000021          0x08000178   Section        0  libinit2.o(.ARM.Collect$$libinit$$00000021)
    .ARM.Collect$$libinit$$00000023          0x08000178   Section        0  libinit2.o(.ARM.Collect$$libinit$$00000023)
    .ARM.Collect$$libinit$$00000025          0x08000178   Section        0  libinit2.o(.ARM.Collect$$libinit$$00000025)
    .ARM.Collect$$libinit$$0000002C          0x08000178   Section        0  libinit2.o(.ARM.Collect$$libinit$$0000002C)
    .ARM.Collect$$libinit$$0000002E          0x08000178   Section        0  libinit2.o(.ARM.Collect$$libinit$$0000002E)
    .ARM.Collect$$libinit$$00000030          0x08000178   Section        0  libinit2.o(.ARM.Collect$$libinit$$00000030)
    .ARM.Collect$$libinit$$00000032          0x08000178   Section        0  libinit2.o(.ARM.Collect$$libinit$$00000032)
    .ARM.Collect$$libinit$$00000033          0x08000178   Section        2  libinit2.o(.ARM.Collect$$libinit$$00000033)
    .ARM.Collect$$libshutdown$$00000000      0x0800017a   Section        2  libshutdown.o(.ARM.Collect$$libshutdown$$00000000)
    .ARM.Collect$$libshutdown$$00000002      0x0800017c   Section        0  libshutdown2.o(.ARM.Collect$$libshutdown$$00000002)
    .ARM.Collect$$libshutdown$$00000004      0x0800017c   Section        0  libshutdown2.o(.ARM.Collect$$libshutdown$$00000004)
    .ARM.Collect$$libshutdown$$00000007      0x0800017c   Section        0  libshutdown2.o(.ARM.Collect$$libshutdown$$00000007)
    .ARM.Collect$$libshutdown$$0000000A      0x0800017c   Section        0  libshutdown2.o(.ARM.Collect$$libshutdown$$0000000A)
    .ARM.Collect$$libshutdown$$0000000C      0x0800017c   Section        0  libshutdown2.o(.ARM.Collect$$libshutdown$$0000000C)
    .ARM.Collect$$libshutdown$$0000000F      0x0800017c   Section        0  libshutdown2.o(.ARM.Collect$$libshutdown$$0000000F)
    .ARM.Collect$$libshutdown$$00000010      0x0800017c   Section        2  libshutdown2.o(.ARM.Collect$$libshutdown$$00000010)
    .ARM.Collect$$rtentry$$00000000          0x0800017e   Section        0  __rtentry.o(.ARM.Collect$$rtentry$$00000000)
    .ARM.Collect$$rtentry$$00000002          0x0800017e   Section        0  __rtentry2.o(.ARM.Collect$$rtentry$$00000002)
    .ARM.Collect$$rtentry$$00000004          0x0800017e   Section        6  __rtentry4.o(.ARM.Collect$$rtentry$$00000004)
    .ARM.Collect$$rtentry$$00000009          0x08000184   Section        0  __rtentry2.o(.ARM.Collect$$rtentry$$00000009)
    .ARM.Collect$$rtentry$$0000000A          0x08000184   Section        4  __rtentry2.o(.ARM.Collect$$rtentry$$0000000A)
    .ARM.Collect$$rtentry$$0000000C          0x08000188   Section        0  __rtentry2.o(.ARM.Collect$$rtentry$$0000000C)
    .ARM.Collect$$rtentry$$0000000D          0x08000188   Section        8  __rtentry2.o(.ARM.Collect$$rtentry$$0000000D)
    .ARM.Collect$$rtexit$$00000000           0x08000190   Section        2  rtexit.o(.ARM.Collect$$rtexit$$00000000)
    .ARM.Collect$$rtexit$$00000002           0x08000192   Section        0  rtexit2.o(.ARM.Collect$$rtexit$$00000002)
    .ARM.Collect$$rtexit$$00000003           0x08000192   Section        4  rtexit2.o(.ARM.Collect$$rtexit$$00000003)
    .ARM.Collect$$rtexit$$00000004           0x08000196   Section        6  rtexit2.o(.ARM.Collect$$rtexit$$00000004)
    .text                                    0x0800019c   Section       64  startup_stm32f10x_md.o(.text)
    .text                                    0x080001dc   Section        0  noretval__2printf.o(.text)
    .text                                    0x080001f4   Section        0  _printf_pad.o(.text)
    .text                                    0x08000242   Section        0  _printf_str.o(.text)
    .text                                    0x08000294   Section        0  _printf_dec.o(.text)
    .text                                    0x0800030c   Section        0  _printf_hex_int.o(.text)
    .text                                    0x08000364   Section        0  __printf_flags_ss_wp.o(.text)
    .text                                    0x080004ec   Section       16  aeabi_memset.o(.text)
    .text                                    0x080004fc   Section        0  heapauxi.o(.text)
    .text                                    0x08000502   Section        0  _printf_intcommon.o(.text)
    _printf_input_char                       0x080005b5   Thumb Code    10  _printf_char_common.o(.text)
    .text                                    0x080005b4   Section        0  _printf_char_common.o(.text)
    .text                                    0x080005e4   Section        0  _printf_char.o(.text)
    .text                                    0x08000610   Section        0  _printf_char_file.o(.text)
    .text                                    0x08000634   Section       68  rt_memclr.o(.text)
    .text                                    0x08000678   Section        0  ferror.o(.text)
    .text                                    0x08000680   Section       78  rt_memclr_w.o(.text)
    .text                                    0x080006ce   Section       74  sys_stackheap_outer.o(.text)
    .text                                    0x08000718   Section        0  exit.o(.text)
    .text                                    0x0800072c   Section        8  libspace.o(.text)
    .text                                    0x08000734   Section        0  sys_exit.o(.text)
    .text                                    0x08000740   Section        2  use_no_semi.o(.text)
    .text                                    0x08000742   Section        0  indicate_semi.o(.text)
    [Anonymous Symbol]                       0x08000744   Section        0  delta.o(.text.Delta_Mount)
    [Anonymous Symbol]                       0x08000794   Section        0  delay.o(.text.Fn_DELAY_Init)
    [Anonymous Symbol]                       0x080007c4   Section        0  delay.o(.text.Fn_DELAY_ms)
    [Anonymous Symbol]                       0x080007f8   Section        0  stm32f10x_gpio.o(.text.GPIO_Init)
    [Anonymous Symbol]                       0x080008a8   Section        0  spi_msd0_driver.o(.text.MSD0_GetCardInfo)
    [Anonymous Symbol]                       0x08000b14   Section        0  spi_msd0_driver.o(.text.MSD0_Init)
    [Anonymous Symbol]                       0x08000cd4   Section        0  spi_msd0_driver.o(.text.MSD0_ReadMultiBlock)
    [Anonymous Symbol]                       0x08000d58   Section        0  spi_msd0_driver.o(.text.MSD0_ReadSingleBlock)
    [Anonymous Symbol]                       0x08000da0   Section        0  spi_msd0_driver.o(.text.MSD0_SPIHighSpeed)
    [Anonymous Symbol]                       0x08000de0   Section        0  spi_msd0_driver.o(.text.MSD0_SPI_Configuration)
    [Anonymous Symbol]                       0x08000e40   Section        0  spi_msd0_driver.o(.text.MSD0_WriteMultiBlock)
    [Anonymous Symbol]                       0x08000f54   Section        0  spi_msd0_driver.o(.text.MSD0_WriteSingleBlock)
    [Anonymous Symbol]                       0x08001008   Section        0  spi_msd0_driver.o(.text.MSD0_read_buffer)
    [Anonymous Symbol]                       0x08001088   Section        0  spi_msd0_driver.o(.text.MSD0_send_command)
    [Anonymous Symbol]                       0x080010f4   Section        0  spi_msd0_driver.o(.text.MSD0_send_command_hold)
    [Anonymous Symbol]                       0x08001154   Section        0  spi_msd0_driver.o(.text.MSD0_spi_read_write)
    [Anonymous Symbol]                       0x08001170   Section        0  stm32f10x_rcc.o(.text.RCC_APB2PeriphClockCmd)
    [Anonymous Symbol]                       0x08001188   Section        0  stm32f10x_rcc.o(.text.RCC_GetClocksFreq)
    [Anonymous Symbol]                       0x08001228   Section        0  lib_sd.o(.text.SD_WriteFile)
    [Anonymous Symbol]                       0x08001258   Section        0  stm32f10x_spi.o(.text.SPI_Cmd)
    [Anonymous Symbol]                       0x0800126c   Section        0  stm32f10x_spi.o(.text.SPI_Init)
    SetSysClock                              0x080012b5   Thumb Code     8  system_stm32f10x.o(.text.SetSysClock)
    [Anonymous Symbol]                       0x080012b4   Section        0  system_stm32f10x.o(.text.SetSysClock)
    SetSysClockTo72                          0x080012bd   Thumb Code   190  system_stm32f10x.o(.text.SetSysClockTo72)
    [Anonymous Symbol]                       0x080012bc   Section        0  system_stm32f10x.o(.text.SetSysClockTo72)
    [Anonymous Symbol]                       0x0800137c   Section        0  system_stm32f10x.o(.text.SystemInit)
    [Anonymous Symbol]                       0x080013d4   Section        0  usart.o(.text.USART1_IRQHandler)
    [Anonymous Symbol]                       0x08001444   Section        0  stm32f10x_usart.o(.text.USART_ClearITPendingBit)
    [Anonymous Symbol]                       0x08001454   Section        0  stm32f10x_usart.o(.text.USART_Cmd)
    [Anonymous Symbol]                       0x08001468   Section        0  stm32f10x_usart.o(.text.USART_GetFlagStatus)
    [Anonymous Symbol]                       0x08001474   Section        0  stm32f10x_usart.o(.text.USART_GetITStatus)
    [Anonymous Symbol]                       0x080014a4   Section        0  stm32f10x_usart.o(.text.USART_ITConfig)
    [Anonymous Symbol]                       0x080014d4   Section        0  stm32f10x_usart.o(.text.USART_Init)
    [Anonymous Symbol]                       0x0800158c   Section        0  stm32f10x_usart.o(.text.USART_ReceiveData)
    [Anonymous Symbol]                       0x08001594   Section        0  stm32f10x_usart.o(.text.USART_SendData)
    __NVIC_EnableIRQ                         0x0800159d   Thumb Code    14  usart.o(.text.__NVIC_EnableIRQ)
    [Anonymous Symbol]                       0x0800159c   Section        0  usart.o(.text.__NVIC_EnableIRQ)
    check_fs                                 0x080015ad   Thumb Code   106  ff.o(.text.check_fs)
    [Anonymous Symbol]                       0x080015ac   Section        0  ff.o(.text.check_fs)
    chk_chr                                  0x08001619   Thumb Code    18  ff.o(.text.chk_chr)
    [Anonymous Symbol]                       0x08001618   Section        0  ff.o(.text.chk_chr)
    chk_mounted                              0x0800162d   Thumb Code   538  ff.o(.text.chk_mounted)
    [Anonymous Symbol]                       0x0800162c   Section        0  ff.o(.text.chk_mounted)
    [Anonymous Symbol]                       0x08001848   Section        0  ff.o(.text.clust2sect)
    cmp_lfn                                  0x08001861   Thumb Code   126  ff.o(.text.cmp_lfn)
    [Anonymous Symbol]                       0x08001860   Section        0  ff.o(.text.cmp_lfn)
    create_chain                             0x080018e1   Thumb Code   172  ff.o(.text.create_chain)
    [Anonymous Symbol]                       0x080018e0   Section        0  ff.o(.text.create_chain)
    create_name                              0x0800198d   Thumb Code   536  ff.o(.text.create_name)
    [Anonymous Symbol]                       0x0800198c   Section        0  ff.o(.text.create_name)
    [Anonymous Symbol]                       0x08001bb8   Section        0  usart.o(.text.db_DEBUG_Init)
    [Anonymous Symbol]                       0x08001c40   Section        0  usart.o(.text.db_DEBUG_SendChar)
    dir_find                                 0x08001c65   Thumb Code   194  ff.o(.text.dir_find)
    [Anonymous Symbol]                       0x08001c64   Section        0  ff.o(.text.dir_find)
    dir_next                                 0x08001d29   Thumb Code   312  ff.o(.text.dir_next)
    [Anonymous Symbol]                       0x08001d28   Section        0  ff.o(.text.dir_next)
    dir_register                             0x08001e61   Thumb Code   430  ff.o(.text.dir_register)
    [Anonymous Symbol]                       0x08001e60   Section        0  ff.o(.text.dir_register)
    dir_sdi                                  0x08002011   Thumb Code   156  ff.o(.text.dir_sdi)
    [Anonymous Symbol]                       0x08002010   Section        0  ff.o(.text.dir_sdi)
    [Anonymous Symbol]                       0x080020ac   Section        0  diskio.o(.text.disk_initialize)
    [Anonymous Symbol]                       0x080020cc   Section        0  diskio.o(.text.disk_ioctl)
    [Anonymous Symbol]                       0x08002114   Section        0  diskio.o(.text.disk_read)
    [Anonymous Symbol]                       0x08002144   Section        0  diskio.o(.text.disk_status)
    [Anonymous Symbol]                       0x08002150   Section        0  diskio.o(.text.disk_write)
    [Anonymous Symbol]                       0x08002180   Section        0  ff.o(.text.f_close)
    [Anonymous Symbol]                       0x08002194   Section        0  ff.o(.text.f_mount)
    [Anonymous Symbol]                       0x080021c0   Section        0  ff.o(.text.f_open)
    [Anonymous Symbol]                       0x08002308   Section        0  ff.o(.text.f_sync)
    [Anonymous Symbol]                       0x080023a4   Section        0  ff.o(.text.f_write)
    [Anonymous Symbol]                       0x08002554   Section        0  ccsbcs.o(.text.ff_convert)
    [Anonymous Symbol]                       0x080025a0   Section        0  ccsbcs.o(.text.ff_wtoupper)
    fit_lfn                                  0x080025cd   Thumb Code   110  ff.o(.text.fit_lfn)
    [Anonymous Symbol]                       0x080025cc   Section        0  ff.o(.text.fit_lfn)
    follow_path                              0x0800263d   Thumb Code   154  ff.o(.text.follow_path)
    [Anonymous Symbol]                       0x0800263c   Section        0  ff.o(.text.follow_path)
    [Anonymous Symbol]                       0x080026d8   Section        0  usart.o(.text.fputc)
    [Anonymous Symbol]                       0x080026e8   Section        0  ff.o(.text.gen_numname)
    [Anonymous Symbol]                       0x08002770   Section        0  ff.o(.text.get_fat)
    [Anonymous Symbol]                       0x0800283c   Section        0  diskio.o(.text.get_fattime)
    [Anonymous Symbol]                       0x08002840   Section        0  main.o(.text.main)
    mem_cmp                                  0x08002885   Thumb Code    34  ff.o(.text.mem_cmp)
    [Anonymous Symbol]                       0x08002884   Section        0  ff.o(.text.mem_cmp)
    mem_cpy                                  0x080028a9   Thumb Code    26  ff.o(.text.mem_cpy)
    [Anonymous Symbol]                       0x080028a8   Section        0  ff.o(.text.mem_cpy)
    mem_set                                  0x080028c5   Thumb Code    24  ff.o(.text.mem_set)
    [Anonymous Symbol]                       0x080028c4   Section        0  ff.o(.text.mem_set)
    move_window                              0x080028dd   Thumb Code   130  ff.o(.text.move_window)
    [Anonymous Symbol]                       0x080028dc   Section        0  ff.o(.text.move_window)
    [Anonymous Symbol]                       0x08002960   Section        0  ff.o(.text.put_fat)
    remove_chain                             0x08002a69   Thumb Code    96  ff.o(.text.remove_chain)
    [Anonymous Symbol]                       0x08002a68   Section        0  ff.o(.text.remove_chain)
    sum_sfn                                  0x08002ad5   Thumb Code    36  ff.o(.text.sum_sfn)
    [Anonymous Symbol]                       0x08002ad4   Section        0  ff.o(.text.sum_sfn)
    sync                                     0x08002af9   Thumb Code   122  ff.o(.text.sync)
    [Anonymous Symbol]                       0x08002af8   Section        0  ff.o(.text.sync)
    validate                                 0x08002b75   Thumb Code    36  ff.o(.text.validate)
    [Anonymous Symbol]                       0x08002b74   Section        0  ff.o(.text.validate)
    i._is_digit                              0x08002b98   Section        0  __printf_wp.o(i._is_digit)
    uc_hextab                                0x08002ba6   Data          20  _printf_hex_int.o(.constdata)
    .constdata                               0x08002ba6   Section       40  _printf_hex_int.o(.constdata)
    lc_hextab                                0x08002bba   Data          20  _printf_hex_int.o(.constdata)
    maptable                                 0x08002bce   Data          17  __printf_flags_ss_wp.o(.constdata)
    .constdata                               0x08002bce   Section       17  __printf_flags_ss_wp.o(.constdata)
    ADCPrescTable                            0x08002bdf   Data           4  stm32f10x_rcc.o(.rodata.ADCPrescTable)
    [Anonymous Symbol]                       0x08002bdf   Section        0  stm32f10x_rcc.o(.rodata.ADCPrescTable)
    APBAHBPrescTable                         0x08002be3   Data          16  stm32f10x_rcc.o(.rodata.APBAHBPrescTable)
    [Anonymous Symbol]                       0x08002be3   Section        0  stm32f10x_rcc.o(.rodata.APBAHBPrescTable)
    LfnOfs                                   0x08002bf3   Data          13  ff.o(.rodata.LfnOfs)
    [Anonymous Symbol]                       0x08002bf3   Section        0  ff.o(.rodata.LfnOfs)
    Tbl                                      0x08002c00   Data         256  ccsbcs.o(.rodata.Tbl)
    [Anonymous Symbol]                       0x08002c00   Section        0  ccsbcs.o(.rodata.Tbl)
    create_name.excvt                        0x08002d00   Data         128  ff.o(.rodata.create_name.excvt)
    [Anonymous Symbol]                       0x08002d00   Section        0  ff.o(.rodata.create_name.excvt)
    ff_wtoupper.tbl_upper                    0x08002d80   Data         480  ccsbcs.o(.rodata.str2.2)
    [Anonymous Symbol]                       0x08002d80   Section        0  ccsbcs.o(.rodata.str2.2)
    ff_wtoupper.tbl_lower                    0x08002f60   Data         480  ccsbcs.o(.rodata.str2.2)
    .bss                                     0x20000028   Section       96  libspace.o(.bss)
    FatFs                                    0x20000088   Data           4  ff.o(.bss.FatFs)
    [Anonymous Symbol]                       0x20000088   Section        0  ff.o(.bss.FatFs)
    Fsid                                     0x2000008c   Data           2  ff.o(.bss.Fsid)
    [Anonymous Symbol]                       0x2000008c   Section        0  ff.o(.bss.Fsid)
    LfnBuf                                   0x2000009c   Data         512  ff.o(.bss.LfnBuf)
    [Anonymous Symbol]                       0x2000009c   Section        0  ff.o(.bss.LfnBuf)
    fac_ms                                   0x200003b0   Data           2  delay.o(.bss.fac_ms)
    [Anonymous Symbol]                       0x200003b0   Section        0  delay.o(.bss.fac_ms)
    fac_us                                   0x200003b2   Data           1  delay.o(.bss.fac_us)
    [Anonymous Symbol]                       0x200003b2   Section        0  delay.o(.bss.fac_us)
    Heap_Mem                                 0x200005f0   Data         512  startup_stm32f10x_md.o(HEAP)
    HEAP                                     0x200005f0   Section      512  startup_stm32f10x_md.o(HEAP)
    Stack_Mem                                0x200007f0   Data        1024  startup_stm32f10x_md.o(STACK)
    STACK                                    0x200007f0   Section     1024  startup_stm32f10x_md.o(STACK)
    __initial_sp                             0x20000bf0   Data           0  startup_stm32f10x_md.o(STACK)

    Global Symbols

    Symbol Name                              Value     Ov Type        Size  Object(Section)

    BuildAttributes$$THM_ISAv4$P$D$K$B$S$PE$A:L22UL41UL21$X:L11$S22US41US21$IEEE1$IW$~IW$USESV6$~STKCKD$USESV7$WCHAR32$ENUMINT$~SHL$OTIME$ROPI$EBA8$UX$STANDARDLIB$REQ8$PRES8$EABIv2 0x00000000   Number         0  anon$$obj.o ABSOLUTE
    __fp_init_empty                          0x00000000   Number         0  fpinit_empty.o ABSOLUTE
    _printf_flags                            0x00000000   Number         0  printf_stubs.o ABSOLUTE
    _printf_return_value                     0x00000000   Number         0  printf_stubs.o ABSOLUTE
    _printf_sizespec                         0x00000000   Number         0  printf_stubs.o ABSOLUTE
    _printf_widthprec                        0x00000000   Number         0  printf_stubs.o ABSOLUTE
    __ARM_exceptions_init                     - Undefined Weak Reference
    __alloca_initialize                       - Undefined Weak Reference
    __arm_preinit_                            - Undefined Weak Reference
    __cpp_initialize__aeabi_                  - Undefined Weak Reference
    __cxa_finalize                            - Undefined Weak Reference
    __rt_locale                               - Undefined Weak Reference
    __sigvec_lookup                           - Undefined Weak Reference
    _atexit_init                              - Undefined Weak Reference
    _call_atexit_fns                          - Undefined Weak Reference
    _clock_init                               - Undefined Weak Reference
    _fp_trap_init                             - Undefined Weak Reference
    _fp_trap_shutdown                         - Undefined Weak Reference
    _get_lc_collate                           - Undefined Weak Reference
    _get_lc_ctype                             - Undefined Weak Reference
    _get_lc_monetary                          - Undefined Weak Reference
    _get_lc_numeric                           - Undefined Weak Reference
    _get_lc_time                              - Undefined Weak Reference
    _getenv_init                              - Undefined Weak Reference
    _handle_redirection                       - Undefined Weak Reference
    _init_alloc                               - Undefined Weak Reference
    _init_user_alloc                          - Undefined Weak Reference
    _initio                                   - Undefined Weak Reference
    _mutex_acquire                            - Undefined Weak Reference
    _mutex_release                            - Undefined Weak Reference
    _printf_mbtowc                            - Undefined Weak Reference
    _printf_truncate_signed                   - Undefined Weak Reference
    _printf_truncate_unsigned                 - Undefined Weak Reference
    _rand_init                                - Undefined Weak Reference
    _signal_finish                            - Undefined Weak Reference
    _signal_init                              - Undefined Weak Reference
    _terminate_alloc                          - Undefined Weak Reference
    _terminate_user_alloc                     - Undefined Weak Reference
    _terminateio                              - Undefined Weak Reference
    __Vectors_Size                           0x000000ec   Number         0  startup_stm32f10x_md.o ABSOLUTE
    __Vectors                                0x08000000   Data           4  startup_stm32f10x_md.o(RESET)
    __Vectors_End                            0x080000ec   Data           0  startup_stm32f10x_md.o(RESET)
    __main                                   0x080000ed   Thumb Code     8  __main.o(!!!main)
    __scatterload                            0x080000f5   Thumb Code     0  __scatter.o(!!!scatter)
    __scatterload_rt2                        0x080000f5   Thumb Code    44  __scatter.o(!!!scatter)
    __scatterload_rt2_thumb_only             0x080000f5   Thumb Code     0  __scatter.o(!!!scatter)
    __scatterload_null                       0x08000103   Thumb Code     0  __scatter.o(!!!scatter)
    __scatterload_copy                       0x08000129   Thumb Code    26  __scatter_copy.o(!!handler_copy)
    __scatterload_zeroinit                   0x08000145   Thumb Code    28  __scatter_zi.o(!!handler_zi)
    _printf_d                                0x08000161   Thumb Code     0  _printf_d.o(.ARM.Collect$$_printf_percent$$00000009)
    _printf_percent                          0x08000161   Thumb Code     0  _printf_percent.o(.ARM.Collect$$_printf_percent$$00000000)
    _printf_x                                0x08000167   Thumb Code     0  _printf_x.o(.ARM.Collect$$_printf_percent$$0000000C)
    _printf_s                                0x0800016d   Thumb Code     0  _printf_s.o(.ARM.Collect$$_printf_percent$$00000014)
    _printf_percent_end                      0x08000173   Thumb Code     0  _printf_percent_end.o(.ARM.Collect$$_printf_percent$$00000017)
    __rt_lib_init                            0x08000177   Thumb Code     0  libinit.o(.ARM.Collect$$libinit$$00000000)
    __rt_lib_init_alloca_1                   0x08000179   Thumb Code     0  libinit2.o(.ARM.Collect$$libinit$$0000002E)
    __rt_lib_init_argv_1                     0x08000179   Thumb Code     0  libinit2.o(.ARM.Collect$$libinit$$0000002C)
    __rt_lib_init_atexit_1                   0x08000179   Thumb Code     0  libinit2.o(.ARM.Collect$$libinit$$0000001B)
    __rt_lib_init_clock_1                    0x08000179   Thumb Code     0  libinit2.o(.ARM.Collect$$libinit$$00000021)
    __rt_lib_init_cpp_1                      0x08000179   Thumb Code     0  libinit2.o(.ARM.Collect$$libinit$$00000032)
    __rt_lib_init_exceptions_1               0x08000179   Thumb Code     0  libinit2.o(.ARM.Collect$$libinit$$00000030)
    __rt_lib_init_fp_1                       0x08000179   Thumb Code     0  libinit2.o(.ARM.Collect$$libinit$$00000002)
    __rt_lib_init_fp_trap_1                  0x08000179   Thumb Code     0  libinit2.o(.ARM.Collect$$libinit$$0000001F)
    __rt_lib_init_getenv_1                   0x08000179   Thumb Code     0  libinit2.o(.ARM.Collect$$libinit$$00000023)
    __rt_lib_init_heap_1                     0x08000179   Thumb Code     0  libinit2.o(.ARM.Collect$$libinit$$0000000A)
    __rt_lib_init_lc_collate_1               0x08000179   Thumb Code     0  libinit2.o(.ARM.Collect$$libinit$$00000011)
    __rt_lib_init_lc_ctype_1                 0x08000179   Thumb Code     0  libinit2.o(.ARM.Collect$$libinit$$00000013)
    __rt_lib_init_lc_monetary_1              0x08000179   Thumb Code     0  libinit2.o(.ARM.Collect$$libinit$$00000015)
    __rt_lib_init_lc_numeric_1               0x08000179   Thumb Code     0  libinit2.o(.ARM.Collect$$libinit$$00000017)
    __rt_lib_init_lc_time_1                  0x08000179   Thumb Code     0  libinit2.o(.ARM.Collect$$libinit$$00000019)
    __rt_lib_init_preinit_1                  0x08000179   Thumb Code     0  libinit2.o(.ARM.Collect$$libinit$$00000004)
    __rt_lib_init_rand_1                     0x08000179   Thumb Code     0  libinit2.o(.ARM.Collect$$libinit$$0000000E)
    __rt_lib_init_return                     0x08000179   Thumb Code     0  libinit2.o(.ARM.Collect$$libinit$$00000033)
    __rt_lib_init_signal_1                   0x08000179   Thumb Code     0  libinit2.o(.ARM.Collect$$libinit$$0000001D)
    __rt_lib_init_stdio_1                    0x08000179   Thumb Code     0  libinit2.o(.ARM.Collect$$libinit$$00000025)
    __rt_lib_init_user_alloc_1               0x08000179   Thumb Code     0  libinit2.o(.ARM.Collect$$libinit$$0000000C)
    __rt_lib_shutdown                        0x0800017b   Thumb Code     0  libshutdown.o(.ARM.Collect$$libshutdown$$00000000)
    __rt_lib_shutdown_cpp_1                  0x0800017d   Thumb Code     0  libshutdown2.o(.ARM.Collect$$libshutdown$$00000002)
    __rt_lib_shutdown_fp_trap_1              0x0800017d   Thumb Code     0  libshutdown2.o(.ARM.Collect$$libshutdown$$00000007)
    __rt_lib_shutdown_heap_1                 0x0800017d   Thumb Code     0  libshutdown2.o(.ARM.Collect$$libshutdown$$0000000F)
    __rt_lib_shutdown_return                 0x0800017d   Thumb Code     0  libshutdown2.o(.ARM.Collect$$libshutdown$$00000010)
    __rt_lib_shutdown_signal_1               0x0800017d   Thumb Code     0  libshutdown2.o(.ARM.Collect$$libshutdown$$0000000A)
    __rt_lib_shutdown_stdio_1                0x0800017d   Thumb Code     0  libshutdown2.o(.ARM.Collect$$libshutdown$$00000004)
    __rt_lib_shutdown_user_alloc_1           0x0800017d   Thumb Code     0  libshutdown2.o(.ARM.Collect$$libshutdown$$0000000C)
    __rt_entry                               0x0800017f   Thumb Code     0  __rtentry.o(.ARM.Collect$$rtentry$$00000000)
    __rt_entry_presh_1                       0x0800017f   Thumb Code     0  __rtentry2.o(.ARM.Collect$$rtentry$$00000002)
    __rt_entry_sh                            0x0800017f   Thumb Code     0  __rtentry4.o(.ARM.Collect$$rtentry$$00000004)
    __rt_entry_li                            0x08000185   Thumb Code     0  __rtentry2.o(.ARM.Collect$$rtentry$$0000000A)
    __rt_entry_postsh_1                      0x08000185   Thumb Code     0  __rtentry2.o(.ARM.Collect$$rtentry$$00000009)
    __rt_entry_main                          0x08000189   Thumb Code     0  __rtentry2.o(.ARM.Collect$$rtentry$$0000000D)
    __rt_entry_postli_1                      0x08000189   Thumb Code     0  __rtentry2.o(.ARM.Collect$$rtentry$$0000000C)
    __rt_exit                                0x08000191   Thumb Code     0  rtexit.o(.ARM.Collect$$rtexit$$00000000)
    __rt_exit_ls                             0x08000193   Thumb Code     0  rtexit2.o(.ARM.Collect$$rtexit$$00000003)
    __rt_exit_prels_1                        0x08000193   Thumb Code     0  rtexit2.o(.ARM.Collect$$rtexit$$00000002)
    __rt_exit_exit                           0x08000197   Thumb Code     0  rtexit2.o(.ARM.Collect$$rtexit$$00000004)
    Reset_Handler                            0x0800019d   Thumb Code     8  startup_stm32f10x_md.o(.text)
    NMI_Handler                              0x080001a5   Thumb Code     2  startup_stm32f10x_md.o(.text)
    HardFault_Handler                        0x080001a7   Thumb Code     2  startup_stm32f10x_md.o(.text)
    MemManage_Handler                        0x080001a9   Thumb Code     2  startup_stm32f10x_md.o(.text)
    BusFault_Handler                         0x080001ab   Thumb Code     2  startup_stm32f10x_md.o(.text)
    UsageFault_Handler                       0x080001ad   Thumb Code     2  startup_stm32f10x_md.o(.text)
    SVC_Handler                              0x080001af   Thumb Code     2  startup_stm32f10x_md.o(.text)
    DebugMon_Handler                         0x080001b1   Thumb Code     2  startup_stm32f10x_md.o(.text)
    PendSV_Handler                           0x080001b3   Thumb Code     2  startup_stm32f10x_md.o(.text)
    SysTick_Handler                          0x080001b5   Thumb Code     2  startup_stm32f10x_md.o(.text)
    ADC1_2_IRQHandler                        0x080001b7   Thumb Code     0  startup_stm32f10x_md.o(.text)
    CAN1_RX1_IRQHandler                      0x080001b7   Thumb Code     0  startup_stm32f10x_md.o(.text)
    CAN1_SCE_IRQHandler                      0x080001b7   Thumb Code     0  startup_stm32f10x_md.o(.text)
    DMA1_Channel1_IRQHandler                 0x080001b7   Thumb Code     0  startup_stm32f10x_md.o(.text)
    DMA1_Channel2_IRQHandler                 0x080001b7   Thumb Code     0  startup_stm32f10x_md.o(.text)
    DMA1_Channel3_IRQHandler                 0x080001b7   Thumb Code     0  startup_stm32f10x_md.o(.text)
    DMA1_Channel4_IRQHandler                 0x080001b7   Thumb Code     0  startup_stm32f10x_md.o(.text)
    DMA1_Channel5_IRQHandler                 0x080001b7   Thumb Code     0  startup_stm32f10x_md.o(.text)
    DMA1_Channel6_IRQHandler                 0x080001b7   Thumb Code     0  startup_stm32f10x_md.o(.text)
    DMA1_Channel7_IRQHandler                 0x080001b7   Thumb Code     0  startup_stm32f10x_md.o(.text)
    EXTI0_IRQHandler                         0x080001b7   Thumb Code     0  startup_stm32f10x_md.o(.text)
    EXTI15_10_IRQHandler                     0x080001b7   Thumb Code     0  startup_stm32f10x_md.o(.text)
    EXTI1_IRQHandler                         0x080001b7   Thumb Code     0  startup_stm32f10x_md.o(.text)
    EXTI2_IRQHandler                         0x080001b7   Thumb Code     0  startup_stm32f10x_md.o(.text)
    EXTI3_IRQHandler                         0x080001b7   Thumb Code     0  startup_stm32f10x_md.o(.text)
    EXTI4_IRQHandler                         0x080001b7   Thumb Code     0  startup_stm32f10x_md.o(.text)
    EXTI9_5_IRQHandler                       0x080001b7   Thumb Code     0  startup_stm32f10x_md.o(.text)
    FLASH_IRQHandler                         0x080001b7   Thumb Code     0  startup_stm32f10x_md.o(.text)
    I2C1_ER_IRQHandler                       0x080001b7   Thumb Code     0  startup_stm32f10x_md.o(.text)
    I2C1_EV_IRQHandler                       0x080001b7   Thumb Code     0  startup_stm32f10x_md.o(.text)
    I2C2_ER_IRQHandler                       0x080001b7   Thumb Code     0  startup_stm32f10x_md.o(.text)
    I2C2_EV_IRQHandler                       0x080001b7   Thumb Code     0  startup_stm32f10x_md.o(.text)
    PVD_IRQHandler                           0x080001b7   Thumb Code     0  startup_stm32f10x_md.o(.text)
    RCC_IRQHandler                           0x080001b7   Thumb Code     0  startup_stm32f10x_md.o(.text)
    RTCAlarm_IRQHandler                      0x080001b7   Thumb Code     0  startup_stm32f10x_md.o(.text)
    RTC_IRQHandler                           0x080001b7   Thumb Code     0  startup_stm32f10x_md.o(.text)
    SPI1_IRQHandler                          0x080001b7   Thumb Code     0  startup_stm32f10x_md.o(.text)
    SPI2_IRQHandler                          0x080001b7   Thumb Code     0  startup_stm32f10x_md.o(.text)
    TAMPER_IRQHandler                        0x080001b7   Thumb Code     0  startup_stm32f10x_md.o(.text)
    TIM1_BRK_IRQHandler                      0x080001b7   Thumb Code     0  startup_stm32f10x_md.o(.text)
    TIM1_CC_IRQHandler                       0x080001b7   Thumb Code     0  startup_stm32f10x_md.o(.text)
    TIM1_TRG_COM_IRQHandler                  0x080001b7   Thumb Code     0  startup_stm32f10x_md.o(.text)
    TIM1_UP_IRQHandler                       0x080001b7   Thumb Code     0  startup_stm32f10x_md.o(.text)
    TIM2_IRQHandler                          0x080001b7   Thumb Code     0  startup_stm32f10x_md.o(.text)
    TIM3_IRQHandler                          0x080001b7   Thumb Code     0  startup_stm32f10x_md.o(.text)
    TIM4_IRQHandler                          0x080001b7   Thumb Code     0  startup_stm32f10x_md.o(.text)
    USART2_IRQHandler                        0x080001b7   Thumb Code     0  startup_stm32f10x_md.o(.text)
    USART3_IRQHandler                        0x080001b7   Thumb Code     0  startup_stm32f10x_md.o(.text)
    USBWakeUp_IRQHandler                     0x080001b7   Thumb Code     0  startup_stm32f10x_md.o(.text)
    USB_HP_CAN1_TX_IRQHandler                0x080001b7   Thumb Code     0  startup_stm32f10x_md.o(.text)
    USB_LP_CAN1_RX0_IRQHandler               0x080001b7   Thumb Code     0  startup_stm32f10x_md.o(.text)
    WWDG_IRQHandler                          0x080001b7   Thumb Code     0  startup_stm32f10x_md.o(.text)
    __user_initial_stackheap                 0x080001b9   Thumb Code     0  startup_stm32f10x_md.o(.text)
    __2printf                                0x080001dd   Thumb Code    20  noretval__2printf.o(.text)
    _printf_pre_padding                      0x080001f5   Thumb Code    44  _printf_pad.o(.text)
    _printf_post_padding                     0x08000221   Thumb Code    34  _printf_pad.o(.text)
    _printf_str                              0x08000243   Thumb Code    82  _printf_str.o(.text)
    _printf_int_dec                          0x08000295   Thumb Code   104  _printf_dec.o(.text)
    _printf_int_hex                          0x0800030d   Thumb Code    84  _printf_hex_int.o(.text)
    _printf_longlong_hex                     0x0800030d   Thumb Code     0  _printf_hex_int.o(.text)
    __printf                                 0x08000365   Thumb Code   388  __printf_flags_ss_wp.o(.text)
    __aeabi_memset                           0x080004ed   Thumb Code    16  aeabi_memset.o(.text)
    __use_two_region_memory                  0x080004fd   Thumb Code     2  heapauxi.o(.text)
    __rt_heap_escrow$2region                 0x080004ff   Thumb Code     2  heapauxi.o(.text)
    __rt_heap_expand$2region                 0x08000501   Thumb Code     2  heapauxi.o(.text)
    _printf_int_common                       0x08000503   Thumb Code   178  _printf_intcommon.o(.text)
    _printf_char_common                      0x080005bf   Thumb Code    32  _printf_char_common.o(.text)
    _printf_cs_common                        0x080005e5   Thumb Code    20  _printf_char.o(.text)
    _printf_char                             0x080005f9   Thumb Code    16  _printf_char.o(.text)
    _printf_string                           0x08000609   Thumb Code     8  _printf_char.o(.text)
    _printf_char_file                        0x08000611   Thumb Code    32  _printf_char_file.o(.text)
    __aeabi_memclr                           0x08000635   Thumb Code     0  rt_memclr.o(.text)
    __rt_memclr                              0x08000635   Thumb Code     0  rt_memclr.o(.text)
    _memset                                  0x08000639   Thumb Code    64  rt_memclr.o(.text)
    ferror                                   0x08000679   Thumb Code     8  ferror.o(.text)
    __aeabi_memclr4                          0x08000681   Thumb Code     0  rt_memclr_w.o(.text)
    __aeabi_memclr8                          0x08000681   Thumb Code     0  rt_memclr_w.o(.text)
    __rt_memclr_w                            0x08000681   Thumb Code     0  rt_memclr_w.o(.text)
    _memset_w                                0x08000685   Thumb Code    74  rt_memclr_w.o(.text)
    __user_setup_stackheap                   0x080006cf   Thumb Code    74  sys_stackheap_outer.o(.text)
    exit                                     0x08000719   Thumb Code    18  exit.o(.text)
    __user_libspace                          0x0800072d   Thumb Code     8  libspace.o(.text)
    __user_perproc_libspace                  0x0800072d   Thumb Code     0  libspace.o(.text)
    __user_perthread_libspace                0x0800072d   Thumb Code     0  libspace.o(.text)
    _sys_exit                                0x08000735   Thumb Code     8  sys_exit.o(.text)
    __I$use$semihosting                      0x08000741   Thumb Code     0  use_no_semi.o(.text)
    __use_no_semihosting_swi                 0x08000741   Thumb Code     2  use_no_semi.o(.text)
    __semihosting_library_function           0x08000743   Thumb Code     0  indicate_semi.o(.text)
    Delta_Mount                              0x08000745   Thumb Code    44  delta.o(.text.Delta_Mount)
    Fn_DELAY_Init                            0x08000795   Thumb Code    46  delay.o(.text.Fn_DELAY_Init)
    Fn_DELAY_ms                              0x080007c5   Thumb Code    50  delay.o(.text.Fn_DELAY_ms)
    GPIO_Init                                0x080007f9   Thumb Code   176  stm32f10x_gpio.o(.text.GPIO_Init)
    MSD0_GetCardInfo                         0x080008a9   Thumb Code   620  spi_msd0_driver.o(.text.MSD0_GetCardInfo)
    MSD0_Init                                0x08000b15   Thumb Code   448  spi_msd0_driver.o(.text.MSD0_Init)
    MSD0_ReadMultiBlock                      0x08000cd5   Thumb Code   130  spi_msd0_driver.o(.text.MSD0_ReadMultiBlock)
    MSD0_ReadSingleBlock                     0x08000d59   Thumb Code    72  spi_msd0_driver.o(.text.MSD0_ReadSingleBlock)
    MSD0_SPIHighSpeed                        0x08000da1   Thumb Code    62  spi_msd0_driver.o(.text.MSD0_SPIHighSpeed)
    MSD0_SPI_Configuration                   0x08000de1   Thumb Code    94  spi_msd0_driver.o(.text.MSD0_SPI_Configuration)
    MSD0_WriteMultiBlock                     0x08000e41   Thumb Code   276  spi_msd0_driver.o(.text.MSD0_WriteMultiBlock)
    MSD0_WriteSingleBlock                    0x08000f55   Thumb Code   178  spi_msd0_driver.o(.text.MSD0_WriteSingleBlock)
    MSD0_read_buffer                         0x08001009   Thumb Code   126  spi_msd0_driver.o(.text.MSD0_read_buffer)
    MSD0_send_command                        0x08001089   Thumb Code   108  spi_msd0_driver.o(.text.MSD0_send_command)
    MSD0_send_command_hold                   0x080010f5   Thumb Code    96  spi_msd0_driver.o(.text.MSD0_send_command_hold)
    MSD0_spi_read_write                      0x08001155   Thumb Code    26  spi_msd0_driver.o(.text.MSD0_spi_read_write)
    RCC_APB2PeriphClockCmd                   0x08001171   Thumb Code    24  stm32f10x_rcc.o(.text.RCC_APB2PeriphClockCmd)
    RCC_GetClocksFreq                        0x08001189   Thumb Code   160  stm32f10x_rcc.o(.text.RCC_GetClocksFreq)
    SD_WriteFile                             0x08001229   Thumb Code    48  lib_sd.o(.text.SD_WriteFile)
    SPI_Cmd                                  0x08001259   Thumb Code    20  stm32f10x_spi.o(.text.SPI_Cmd)
    SPI_Init                                 0x0800126d   Thumb Code    70  stm32f10x_spi.o(.text.SPI_Init)
    SystemInit                               0x0800137d   Thumb Code    86  system_stm32f10x.o(.text.SystemInit)
    USART1_IRQHandler                        0x080013d5   Thumb Code   112  usart.o(.text.USART1_IRQHandler)
    USART_ClearITPendingBit                  0x08001445   Thumb Code    14  stm32f10x_usart.o(.text.USART_ClearITPendingBit)
    USART_Cmd                                0x08001455   Thumb Code    20  stm32f10x_usart.o(.text.USART_Cmd)
    USART_GetFlagStatus                      0x08001469   Thumb Code    10  stm32f10x_usart.o(.text.USART_GetFlagStatus)
    USART_GetITStatus                        0x08001475   Thumb Code    48  stm32f10x_usart.o(.text.USART_GetITStatus)
    USART_ITConfig                           0x080014a5   Thumb Code    46  stm32f10x_usart.o(.text.USART_ITConfig)
    USART_Init                               0x080014d5   Thumb Code   182  stm32f10x_usart.o(.text.USART_Init)
    USART_ReceiveData                        0x0800158d   Thumb Code     8  stm32f10x_usart.o(.text.USART_ReceiveData)
    USART_SendData                           0x08001595   Thumb Code     8  stm32f10x_usart.o(.text.USART_SendData)
    clust2sect                               0x08001849   Thumb Code    24  ff.o(.text.clust2sect)
    db_DEBUG_Init                            0x08001bb9   Thumb Code   134  usart.o(.text.db_DEBUG_Init)
    db_DEBUG_SendChar                        0x08001c41   Thumb Code    34  usart.o(.text.db_DEBUG_SendChar)
    disk_initialize                          0x080020ad   Thumb Code    32  diskio.o(.text.disk_initialize)
    disk_ioctl                               0x080020cd   Thumb Code    70  diskio.o(.text.disk_ioctl)
    disk_read                                0x08002115   Thumb Code    48  diskio.o(.text.disk_read)
    disk_status                              0x08002145   Thumb Code    12  diskio.o(.text.disk_status)
    disk_write                               0x08002151   Thumb Code    48  diskio.o(.text.disk_write)
    f_close                                  0x08002181   Thumb Code    18  ff.o(.text.f_close)
    f_mount                                  0x08002195   Thumb Code    44  ff.o(.text.f_mount)
    f_open                                   0x080021c1   Thumb Code   326  ff.o(.text.f_open)
    f_sync                                   0x08002309   Thumb Code   156  ff.o(.text.f_sync)
    f_write                                  0x080023a5   Thumb Code   430  ff.o(.text.f_write)
    ff_convert                               0x08002555   Thumb Code    74  ccsbcs.o(.text.ff_convert)
    ff_wtoupper                              0x080025a1   Thumb Code    44  ccsbcs.o(.text.ff_wtoupper)
    fputc                                    0x080026d9   Thumb Code    14  usart.o(.text.fputc)
    gen_numname                              0x080026e9   Thumb Code   134  ff.o(.text.gen_numname)
    get_fat                                  0x08002771   Thumb Code   202  ff.o(.text.get_fat)
    get_fattime                              0x0800283d   Thumb Code     4  diskio.o(.text.get_fattime)
    main                                     0x08002841   Thumb Code    56  main.o(.text.main)
    put_fat                                  0x08002961   Thumb Code   264  ff.o(.text.put_fat)
    _is_digit                                0x08002b99   Thumb Code    14  __printf_wp.o(i._is_digit)
    Region$$Table$$Base                      0x08003140   Number         0  anon$$obj.o(Region$$Table)
    Region$$Table$$Limit                     0x08003160   Number         0  anon$$obj.o(Region$$Table)
    textFileBuffer                           0x20000000   Data          33  main.o(.data.textFileBuffer)
    __libspace_start                         0x20000028   Data          96  libspace.o(.bss)
    __temporary_stack_top$libspace           0x20000088   Data           0  libspace.o(.bss)
    GPIO_init1                               0x20000090   Data          12  usart.o(.bss.GPIO_init1)
    RRX                                      0x2000029c   Data          80  usart.o(.bss.RRX)
    RXI                                      0x200002ec   Data           4  usart.o(.bss.RXI)
    RX_FLAG_END_LINE                         0x200002f0   Data           1  usart.o(.bss.RX_FLAG_END_LINE)
    SD0_CardInfo                             0x200002f4   Data          88  spi_msd0_driver.o(.bss.SD0_CardInfo)
    USART_init1                              0x2000034c   Data          16  usart.o(.bss.USART_init1)
    __stdout                                 0x2000035c   Data          84  usart.o(.bss.__stdout)
    fs                                       0x200003b4   Data         560  delta.o(.bss.fs)
    res                                      0x200005e4   Data           4  lib_sd.o(.bss.res)
    temp_char                                0x200005e8   Data           1  usart.o(.bss.temp_char)



==============================================================================

Memory Map of the image

  Image Entry point : 0x080000ed

  Load Region LR_IROM1 (Base: 0x08000000, Size: 0x00003188, Max: 0x00010000, ABSOLUTE)

    Execution Region ER_IROM1 (Exec base: 0x08000000, Load base: 0x08000000, Size: 0x00003160, Max: 0x00010000, ABSOLUTE)

    Exec Addr    Load Addr    Size         Type   Attr      Idx    E Section Name        Object

    0x08000000   0x08000000   0x000000ec   Data   RO          558    RESET               startup_stm32f10x_md.o
    0x080000ec   0x080000ec   0x00000008   Code   RO          656  * !!!main             c_wu.l(__main.o)
    0x080000f4   0x080000f4   0x00000034   Code   RO          840    !!!scatter          c_wu.l(__scatter.o)
    0x08000128   0x08000128   0x0000001a   Code   RO          842    !!handler_copy      c_wu.l(__scatter_copy.o)
    0x08000142   0x08000142   0x00000002   PAD
    0x08000144   0x08000144   0x0000001c   Code   RO          844    !!handler_zi        c_wu.l(__scatter_zi.o)
    0x08000160   0x08000160   0x00000000   Code   RO          645    .ARM.Collect$$_printf_percent$$00000000  c_wu.l(_printf_percent.o)
    0x08000160   0x08000160   0x00000006   Code   RO          644    .ARM.Collect$$_printf_percent$$00000009  c_wu.l(_printf_d.o)
    0x08000166   0x08000166   0x00000006   Code   RO          643    .ARM.Collect$$_printf_percent$$0000000C  c_wu.l(_printf_x.o)
    0x0800016c   0x0800016c   0x00000006   Code   RO          642    .ARM.Collect$$_printf_percent$$00000014  c_wu.l(_printf_s.o)
    0x08000172   0x08000172   0x00000004   Code   RO          669    .ARM.Collect$$_printf_percent$$00000017  c_wu.l(_printf_percent_end.o)
    0x08000176   0x08000176   0x00000002   Code   RO          704    .ARM.Collect$$libinit$$00000000  c_wu.l(libinit.o)
    0x08000178   0x08000178   0x00000000   Code   RO          711    .ARM.Collect$$libinit$$00000002  c_wu.l(libinit2.o)
    0x08000178   0x08000178   0x00000000   Code   RO          713    .ARM.Collect$$libinit$$00000004  c_wu.l(libinit2.o)
    0x08000178   0x08000178   0x00000000   Code   RO          716    .ARM.Collect$$libinit$$0000000A  c_wu.l(libinit2.o)
    0x08000178   0x08000178   0x00000000   Code   RO          718    .ARM.Collect$$libinit$$0000000C  c_wu.l(libinit2.o)
    0x08000178   0x08000178   0x00000000   Code   RO          720    .ARM.Collect$$libinit$$0000000E  c_wu.l(libinit2.o)
    0x08000178   0x08000178   0x00000000   Code   RO          723    .ARM.Collect$$libinit$$00000011  c_wu.l(libinit2.o)
    0x08000178   0x08000178   0x00000000   Code   RO          725    .ARM.Collect$$libinit$$00000013  c_wu.l(libinit2.o)
    0x08000178   0x08000178   0x00000000   Code   RO          727    .ARM.Collect$$libinit$$00000015  c_wu.l(libinit2.o)
    0x08000178   0x08000178   0x00000000   Code   RO          729    .ARM.Collect$$libinit$$00000017  c_wu.l(libinit2.o)
    0x08000178   0x08000178   0x00000000   Code   RO          731    .ARM.Collect$$libinit$$00000019  c_wu.l(libinit2.o)
    0x08000178   0x08000178   0x00000000   Code   RO          733    .ARM.Collect$$libinit$$0000001B  c_wu.l(libinit2.o)
    0x08000178   0x08000178   0x00000000   Code   RO          735    .ARM.Collect$$libinit$$0000001D  c_wu.l(libinit2.o)
    0x08000178   0x08000178   0x00000000   Code   RO          737    .ARM.Collect$$libinit$$0000001F  c_wu.l(libinit2.o)
    0x08000178   0x08000178   0x00000000   Code   RO          739    .ARM.Collect$$libinit$$00000021  c_wu.l(libinit2.o)
    0x08000178   0x08000178   0x00000000   Code   RO          741    .ARM.Collect$$libinit$$00000023  c_wu.l(libinit2.o)
    0x08000178   0x08000178   0x00000000   Code   RO          743    .ARM.Collect$$libinit$$00000025  c_wu.l(libinit2.o)
    0x08000178   0x08000178   0x00000000   Code   RO          747    .ARM.Collect$$libinit$$0000002C  c_wu.l(libinit2.o)
    0x08000178   0x08000178   0x00000000   Code   RO          749    .ARM.Collect$$libinit$$0000002E  c_wu.l(libinit2.o)
    0x08000178   0x08000178   0x00000000   Code   RO          751    .ARM.Collect$$libinit$$00000030  c_wu.l(libinit2.o)
    0x08000178   0x08000178   0x00000000   Code   RO          753    .ARM.Collect$$libinit$$00000032  c_wu.l(libinit2.o)
    0x08000178   0x08000178   0x00000002   Code   RO          754    .ARM.Collect$$libinit$$00000033  c_wu.l(libinit2.o)
    0x0800017a   0x0800017a   0x00000002   Code   RO          776    .ARM.Collect$$libshutdown$$00000000  c_wu.l(libshutdown.o)
    0x0800017c   0x0800017c   0x00000000   Code   RO          791    .ARM.Collect$$libshutdown$$00000002  c_wu.l(libshutdown2.o)
    0x0800017c   0x0800017c   0x00000000   Code   RO          793    .ARM.Collect$$libshutdown$$00000004  c_wu.l(libshutdown2.o)
    0x0800017c   0x0800017c   0x00000000   Code   RO          796    .ARM.Collect$$libshutdown$$00000007  c_wu.l(libshutdown2.o)
    0x0800017c   0x0800017c   0x00000000   Code   RO          799    .ARM.Collect$$libshutdown$$0000000A  c_wu.l(libshutdown2.o)
    0x0800017c   0x0800017c   0x00000000   Code   RO          801    .ARM.Collect$$libshutdown$$0000000C  c_wu.l(libshutdown2.o)
    0x0800017c   0x0800017c   0x00000000   Code   RO          804    .ARM.Collect$$libshutdown$$0000000F  c_wu.l(libshutdown2.o)
    0x0800017c   0x0800017c   0x00000002   Code   RO          805    .ARM.Collect$$libshutdown$$00000010  c_wu.l(libshutdown2.o)
    0x0800017e   0x0800017e   0x00000000   Code   RO          658    .ARM.Collect$$rtentry$$00000000  c_wu.l(__rtentry.o)
    0x0800017e   0x0800017e   0x00000000   Code   RO          673    .ARM.Collect$$rtentry$$00000002  c_wu.l(__rtentry2.o)
    0x0800017e   0x0800017e   0x00000006   Code   RO          685    .ARM.Collect$$rtentry$$00000004  c_wu.l(__rtentry4.o)
    0x08000184   0x08000184   0x00000000   Code   RO          675    .ARM.Collect$$rtentry$$00000009  c_wu.l(__rtentry2.o)
    0x08000184   0x08000184   0x00000004   Code   RO          676    .ARM.Collect$$rtentry$$0000000A  c_wu.l(__rtentry2.o)
    0x08000188   0x08000188   0x00000000   Code   RO          678    .ARM.Collect$$rtentry$$0000000C  c_wu.l(__rtentry2.o)
    0x08000188   0x08000188   0x00000008   Code   RO          679    .ARM.Collect$$rtentry$$0000000D  c_wu.l(__rtentry2.o)
    0x08000190   0x08000190   0x00000002   Code   RO          708    .ARM.Collect$$rtexit$$00000000  c_wu.l(rtexit.o)
    0x08000192   0x08000192   0x00000000   Code   RO          756    .ARM.Collect$$rtexit$$00000002  c_wu.l(rtexit2.o)
    0x08000192   0x08000192   0x00000004   Code   RO          757    .ARM.Collect$$rtexit$$00000003  c_wu.l(rtexit2.o)
    0x08000196   0x08000196   0x00000006   Code   RO          758    .ARM.Collect$$rtexit$$00000004  c_wu.l(rtexit2.o)
    0x0800019c   0x0800019c   0x00000040   Code   RO          559    .text               startup_stm32f10x_md.o
    0x080001dc   0x080001dc   0x00000018   Code   RO          589    .text               c_wu.l(noretval__2printf.o)
    0x080001f4   0x080001f4   0x0000004e   Code   RO          595    .text               c_wu.l(_printf_pad.o)
    0x08000242   0x08000242   0x00000052   Code   RO          597    .text               c_wu.l(_printf_str.o)
    0x08000294   0x08000294   0x00000078   Code   RO          599    .text               c_wu.l(_printf_dec.o)
    0x0800030c   0x0800030c   0x00000058   Code   RO          604    .text               c_wu.l(_printf_hex_int.o)
    0x08000364   0x08000364   0x00000188   Code   RO          639    .text               c_wu.l(__printf_flags_ss_wp.o)
    0x080004ec   0x080004ec   0x00000010   Code   RO          652    .text               c_wu.l(aeabi_memset.o)
    0x080004fc   0x080004fc   0x00000006   Code   RO          654    .text               c_wu.l(heapauxi.o)
    0x08000502   0x08000502   0x000000b2   Code   RO          659    .text               c_wu.l(_printf_intcommon.o)
    0x080005b4   0x080005b4   0x00000030   Code   RO          661    .text               c_wu.l(_printf_char_common.o)
    0x080005e4   0x080005e4   0x0000002c   Code   RO          665    .text               c_wu.l(_printf_char.o)
    0x08000610   0x08000610   0x00000024   Code   RO          667    .text               c_wu.l(_printf_char_file.o)
    0x08000634   0x08000634   0x00000044   Code   RO          670    .text               c_wu.l(rt_memclr.o)
    0x08000678   0x08000678   0x00000008   Code   RO          689    .text               c_wu.l(ferror.o)
    0x08000680   0x08000680   0x0000004e   Code   RO          693    .text               c_wu.l(rt_memclr_w.o)
    0x080006ce   0x080006ce   0x0000004a   Code   RO          695    .text               c_wu.l(sys_stackheap_outer.o)
    0x08000718   0x08000718   0x00000012   Code   RO          697    .text               c_wu.l(exit.o)
    0x0800072a   0x0800072a   0x00000002   PAD
    0x0800072c   0x0800072c   0x00000008   Code   RO          705    .text               c_wu.l(libspace.o)
    0x08000734   0x08000734   0x0000000c   Code   RO          766    .text               c_wu.l(sys_exit.o)
    0x08000740   0x08000740   0x00000002   Code   RO          781    .text               c_wu.l(use_no_semi.o)
    0x08000742   0x08000742   0x00000000   Code   RO          783    .text               c_wu.l(indicate_semi.o)
    0x08000742   0x08000742   0x00000002   PAD
    0x08000744   0x08000744   0x00000050   Code   RO          258    .text.Delta_Mount   delta.o
    0x08000794   0x08000794   0x0000002e   Code   RO          285    .text.Fn_DELAY_Init  delay.o
    0x080007c2   0x080007c2   0x00000002   PAD
    0x080007c4   0x080007c4   0x00000032   Code   RO          287    .text.Fn_DELAY_ms   delay.o
    0x080007f6   0x080007f6   0x00000002   PAD
    0x080007f8   0x080007f8   0x000000b0   Code   RO          323    .text.GPIO_Init     stm32f10x_gpio.o
    0x080008a8   0x080008a8   0x0000026c   Code   RO           14    .text.MSD0_GetCardInfo  spi_msd0_driver.o
    0x08000b14   0x08000b14   0x000001c0   Code   RO            8    .text.MSD0_Init     spi_msd0_driver.o
    0x08000cd4   0x08000cd4   0x00000082   Code   RO           20    .text.MSD0_ReadMultiBlock  spi_msd0_driver.o
    0x08000d56   0x08000d56   0x00000002   PAD
    0x08000d58   0x08000d58   0x00000048   Code   RO           18    .text.MSD0_ReadSingleBlock  spi_msd0_driver.o
    0x08000da0   0x08000da0   0x0000003e   Code   RO            6    .text.MSD0_SPIHighSpeed  spi_msd0_driver.o
    0x08000dde   0x08000dde   0x00000002   PAD
    0x08000de0   0x08000de0   0x0000005e   Code   RO            4    .text.MSD0_SPI_Configuration  spi_msd0_driver.o
    0x08000e3e   0x08000e3e   0x00000002   PAD
    0x08000e40   0x08000e40   0x00000114   Code   RO           24    .text.MSD0_WriteMultiBlock  spi_msd0_driver.o
    0x08000f54   0x08000f54   0x000000b2   Code   RO           22    .text.MSD0_WriteSingleBlock  spi_msd0_driver.o
    0x08001006   0x08001006   0x00000002   PAD
    0x08001008   0x08001008   0x0000007e   Code   RO           16    .text.MSD0_read_buffer  spi_msd0_driver.o
    0x08001086   0x08001086   0x00000002   PAD
    0x08001088   0x08001088   0x0000006c   Code   RO           10    .text.MSD0_send_command  spi_msd0_driver.o
    0x080010f4   0x080010f4   0x00000060   Code   RO           12    .text.MSD0_send_command_hold  spi_msd0_driver.o
    0x08001154   0x08001154   0x0000001a   Code   RO            2    .text.MSD0_spi_read_write  spi_msd0_driver.o
    0x0800116e   0x0800116e   0x00000002   PAD
    0x08001170   0x08001170   0x00000018   Code   RO          407    .text.RCC_APB2PeriphClockCmd  stm32f10x_rcc.o
    0x08001188   0x08001188   0x000000a0   Code   RO          403    .text.RCC_GetClocksFreq  stm32f10x_rcc.o
    0x08001228   0x08001228   0x00000030   Code   RO          178    .text.SD_WriteFile  lib_sd.o
    0x08001258   0x08001258   0x00000014   Code   RO          447    .text.SPI_Cmd       stm32f10x_spi.o
    0x0800126c   0x0800126c   0x00000046   Code   RO          439    .text.SPI_Init      stm32f10x_spi.o
    0x080012b2   0x080012b2   0x00000002   PAD
    0x080012b4   0x080012b4   0x00000008   Code   RO          568    .text.SetSysClock   system_stm32f10x.o
    0x080012bc   0x080012bc   0x000000be   Code   RO          572    .text.SetSysClockTo72  system_stm32f10x.o
    0x0800137a   0x0800137a   0x00000002   PAD
    0x0800137c   0x0800137c   0x00000056   Code   RO          566    .text.SystemInit    system_stm32f10x.o
    0x080013d2   0x080013d2   0x00000002   PAD
    0x080013d4   0x080013d4   0x00000070   Code   RO          218    .text.USART1_IRQHandler  usart.o
    0x08001444   0x08001444   0x0000000e   Code   RO          547    .text.USART_ClearITPendingBit  stm32f10x_usart.o
    0x08001452   0x08001452   0x00000002   PAD
    0x08001454   0x08001454   0x00000014   Code   RO          501    .text.USART_Cmd     stm32f10x_usart.o
    0x08001468   0x08001468   0x0000000a   Code   RO          541    .text.USART_GetFlagStatus  stm32f10x_usart.o
    0x08001472   0x08001472   0x00000002   PAD
    0x08001474   0x08001474   0x00000030   Code   RO          545    .text.USART_GetITStatus  stm32f10x_usart.o
    0x080014a4   0x080014a4   0x0000002e   Code   RO          503    .text.USART_ITConfig  stm32f10x_usart.o
    0x080014d2   0x080014d2   0x00000002   PAD
    0x080014d4   0x080014d4   0x000000b6   Code   RO          493    .text.USART_Init    stm32f10x_usart.o
    0x0800158a   0x0800158a   0x00000002   PAD
    0x0800158c   0x0800158c   0x00000008   Code   RO          519    .text.USART_ReceiveData  stm32f10x_usart.o
    0x08001594   0x08001594   0x00000008   Code   RO          517    .text.USART_SendData  stm32f10x_usart.o
    0x0800159c   0x0800159c   0x0000000e   Code   RO          206    .text.__NVIC_EnableIRQ  usart.o
    0x080015aa   0x080015aa   0x00000002   PAD
    0x080015ac   0x080015ac   0x0000006a   Code   RO          141    .text.check_fs      ff.o
    0x08001616   0x08001616   0x00000002   PAD
    0x08001618   0x08001618   0x00000012   Code   RO          147    .text.chk_chr       ff.o
    0x0800162a   0x0800162a   0x00000002   PAD
    0x0800162c   0x0800162c   0x0000021a   Code   RO           85    .text.chk_mounted   ff.o
    0x08001846   0x08001846   0x00000002   PAD
    0x08001848   0x08001848   0x00000018   Code   RO           69    .text.clust2sect    ff.o
    0x08001860   0x08001860   0x0000007e   Code   RO          149    .text.cmp_lfn       ff.o
    0x080018de   0x080018de   0x00000002   PAD
    0x080018e0   0x080018e0   0x000000ac   Code   RO           99    .text.create_chain  ff.o
    0x0800198c   0x0800198c   0x0000022c   Code   RO          143    .text.create_name   ff.o
    0x08001bb8   0x08001bb8   0x00000086   Code   RO          204    .text.db_DEBUG_Init  usart.o
    0x08001c3e   0x08001c3e   0x00000002   PAD
    0x08001c40   0x08001c40   0x00000022   Code   RO          202    .text.db_DEBUG_SendChar  usart.o
    0x08001c62   0x08001c62   0x00000002   PAD
    0x08001c64   0x08001c64   0x000000c2   Code   RO          145    .text.dir_find      ff.o
    0x08001d26   0x08001d26   0x00000002   PAD
    0x08001d28   0x08001d28   0x00000138   Code   RO          119    .text.dir_next      ff.o
    0x08001e60   0x08001e60   0x000001ae   Code   RO           89    .text.dir_register  ff.o
    0x0800200e   0x0800200e   0x00000002   PAD
    0x08002010   0x08002010   0x0000009c   Code   RO          111    .text.dir_sdi       ff.o
    0x080020ac   0x080020ac   0x00000020   Code   RO           49    .text.disk_initialize  diskio.o
    0x080020cc   0x080020cc   0x00000046   Code   RO           57    .text.disk_ioctl    diskio.o
    0x08002112   0x08002112   0x00000002   PAD
    0x08002114   0x08002114   0x00000030   Code   RO           53    .text.disk_read     diskio.o
    0x08002144   0x08002144   0x0000000c   Code   RO           51    .text.disk_status   diskio.o
    0x08002150   0x08002150   0x00000030   Code   RO           55    .text.disk_write    diskio.o
    0x08002180   0x08002180   0x00000012   Code   RO          105    .text.f_close       ff.o
    0x08002192   0x08002192   0x00000002   PAD
    0x08002194   0x08002194   0x0000002c   Code   RO           81    .text.f_mount       ff.o
    0x080021c0   0x080021c0   0x00000146   Code   RO           83    .text.f_open        ff.o
    0x08002306   0x08002306   0x00000002   PAD
    0x08002308   0x08002308   0x0000009c   Code   RO          101    .text.f_sync        ff.o
    0x080023a4   0x080023a4   0x000001ae   Code   RO           97    .text.f_write       ff.o
    0x08002552   0x08002552   0x00000002   PAD
    0x08002554   0x08002554   0x0000004a   Code   RO           35    .text.ff_convert    ccsbcs.o
    0x0800259e   0x0800259e   0x00000002   PAD
    0x080025a0   0x080025a0   0x0000002c   Code   RO           37    .text.ff_wtoupper   ccsbcs.o
    0x080025cc   0x080025cc   0x0000006e   Code   RO          155    .text.fit_lfn       ff.o
    0x0800263a   0x0800263a   0x00000002   PAD
    0x0800263c   0x0800263c   0x0000009a   Code   RO           87    .text.follow_path   ff.o
    0x080026d6   0x080026d6   0x00000002   PAD
    0x080026d8   0x080026d8   0x0000000e   Code   RO          200    .text.fputc         usart.o
    0x080026e6   0x080026e6   0x00000002   PAD
    0x080026e8   0x080026e8   0x00000086   Code   RO           77    .text.gen_numname   ff.o
    0x0800276e   0x0800276e   0x00000002   PAD
    0x08002770   0x08002770   0x000000ca   Code   RO           71    .text.get_fat       ff.o
    0x0800283a   0x0800283a   0x00000002   PAD
    0x0800283c   0x0800283c   0x00000004   Code   RO           59    .text.get_fattime   diskio.o
    0x08002840   0x08002840   0x00000044   Code   RO          190    .text.main          main.o
    0x08002884   0x08002884   0x00000022   Code   RO          153    .text.mem_cmp       ff.o
    0x080028a6   0x080028a6   0x00000002   PAD
    0x080028a8   0x080028a8   0x0000001a   Code   RO           79    .text.mem_cpy       ff.o
    0x080028c2   0x080028c2   0x00000002   PAD
    0x080028c4   0x080028c4   0x00000018   Code   RO          133    .text.mem_set       ff.o
    0x080028dc   0x080028dc   0x00000082   Code   RO           73    .text.move_window   ff.o
    0x0800295e   0x0800295e   0x00000002   PAD
    0x08002960   0x08002960   0x00000108   Code   RO           75    .text.put_fat       ff.o
    0x08002a68   0x08002a68   0x0000006c   Code   RO           91    .text.remove_chain  ff.o
    0x08002ad4   0x08002ad4   0x00000024   Code   RO          151    .text.sum_sfn       ff.o
    0x08002af8   0x08002af8   0x0000007a   Code   RO          103    .text.sync          ff.o
    0x08002b72   0x08002b72   0x00000002   PAD
    0x08002b74   0x08002b74   0x00000024   Code   RO           95    .text.validate      ff.o
    0x08002b98   0x08002b98   0x0000000e   Code   RO          632    i._is_digit         c_wu.l(__printf_wp.o)
    0x08002ba6   0x08002ba6   0x00000028   Data   RO          605    .constdata          c_wu.l(_printf_hex_int.o)
    0x08002bce   0x08002bce   0x00000011   Data   RO          640    .constdata          c_wu.l(__printf_flags_ss_wp.o)
    0x08002bdf   0x08002bdf   0x00000004   Data   RO          428    .rodata.ADCPrescTable  stm32f10x_rcc.o
    0x08002be3   0x08002be3   0x00000010   Data   RO          427    .rodata.APBAHBPrescTable  stm32f10x_rcc.o
    0x08002bf3   0x08002bf3   0x0000000d   Data   RO          163    .rodata.LfnOfs      ff.o
    0x08002c00   0x08002c00   0x00000100   Data   RO           39    .rodata.Tbl         ccsbcs.o
    0x08002d00   0x08002d00   0x00000080   Data   RO          162    .rodata.create_name.excvt  ff.o
    0x08002d80   0x08002d80   0x000003c0   Data   RO           40    .rodata.str2.2      ccsbcs.o
    0x08003140   0x08003140   0x00000020   Data   RO          839    Region$$Table       anon$$obj.o


    Execution Region RW_IRAM1 (Exec base: 0x20000000, Load base: 0x08003160, Size: 0x00000bf0, Max: 0x00005000, ABSOLUTE)

    Exec Addr    Load Addr    Size         Type   Attr      Idx    E Section Name        Object

    0x20000000   0x08003160   0x00000021   Data   RW          192    .data.textFileBuffer  main.o
    0x20000021   0x08003181   0x00000007   PAD
    0x20000028        -       0x00000060   Zero   RW          706    .bss                c_wu.l(libspace.o)
    0x20000088        -       0x00000004   Zero   RW          159    .bss.FatFs          ff.o
    0x2000008c        -       0x00000002   Zero   RW          161    .bss.Fsid           ff.o
    0x2000008e   0x08003181   0x00000002   PAD
    0x20000090        -       0x0000000c   Zero   RW          222    .bss.GPIO_init1     usart.o
    0x2000009c        -       0x00000200   Zero   RW          160    .bss.LfnBuf         ff.o
    0x2000029c        -       0x00000050   Zero   RW          224    .bss.RRX            usart.o
    0x200002ec        -       0x00000004   Zero   RW          221    .bss.RXI            usart.o
    0x200002f0        -       0x00000001   Zero   RW          220    .bss.RX_FLAG_END_LINE  usart.o
    0x200002f1   0x08003181   0x00000003   PAD
    0x200002f4        -       0x00000058   Zero   RW           26    .bss.SD0_CardInfo   spi_msd0_driver.o
    0x2000034c        -       0x00000010   Zero   RW          223    .bss.USART_init1    usart.o
    0x2000035c        -       0x00000054   Zero   RW          227    .bss.__stdout       usart.o
    0x200003b0        -       0x00000002   Zero   RW          292    .bss.fac_ms         delay.o
    0x200003b2        -       0x00000001   Zero   RW          291    .bss.fac_us         delay.o
    0x200003b3   0x08003181   0x00000001   PAD
    0x200003b4        -       0x00000230   Zero   RW          271    .bss.fs             delta.o
    0x200005e4        -       0x00000004   Zero   RW          181    .bss.res            lib_sd.o
    0x200005e8        -       0x00000001   Zero   RW          226    .bss.temp_char      usart.o
    0x200005e9   0x08003181   0x00000007   PAD
    0x200005f0        -       0x00000200   Zero   RW          557    HEAP                startup_stm32f10x_md.o
    0x200007f0        -       0x00000400   Zero   RW          556    STACK               startup_stm32f10x_md.o


==============================================================================

Image component sizes


      Code (inc. data)   RO Data    RW Data    ZI Data      Debug   Object Name

       118          0       1216          0          0       1330   ccsbcs.o
        96          0          0          0          3       1870   delay.o
        80         36          0          0        560       9656   delta.o
       214          0          0          0          0       2837   diskio.o
      4986         32        141          0        518      31269   ff.o
        48          0          0          0          4       4012   lib_sd.o
        68         12          0         33          0        810   main.o
      2236          0          0          0         88       9926   spi_msd0_driver.o
        64         26        236          0       1536        860   startup_stm32f10x_md.o
       176          0          0          0          0       6204   stm32f10x_gpio.o
       184          0         20          0          0       8120   stm32f10x_rcc.o
        90          0          0          0          0       7532   stm32f10x_spi.o
       336          0          0          0          0       8702   stm32f10x_usart.o
       284          0          0          0          0       2892   system_stm32f10x.o
       308          0          0          0        198       5804   usart.o

    ----------------------------------------------------------------------
      9364        106       1645         36       2924     101824   Object Totals
         0          0         32          0          0          0   (incl. Generated)
        76          0          0          3         17          0   (incl. Padding)

    ----------------------------------------------------------------------

      Code (inc. data)   RO Data    RW Data    ZI Data      Debug   Library Member Name

         8          0          0          0          0         68   __main.o
       392          4         17          0          0         92   __printf_flags_ss_wp.o
        14          0          0          0          0         68   __printf_wp.o
         0          0          0          0          0          0   __rtentry.o
        12          0          0          0          0          0   __rtentry2.o
         6          0          0          0          0          0   __rtentry4.o
        52          8          0          0          0          0   __scatter.o
        26          0          0          0          0          0   __scatter_copy.o
        28          0          0          0          0          0   __scatter_zi.o
        44          0          0          0          0        108   _printf_char.o
        48          6          0          0          0         96   _printf_char_common.o
        36          4          0          0          0         80   _printf_char_file.o
         6          0          0          0          0          0   _printf_d.o
       120         16          0          0          0         92   _printf_dec.o
        88          4         40          0          0         88   _printf_hex_int.o
       178          0          0          0          0         88   _printf_intcommon.o
        78          0          0          0          0        108   _printf_pad.o
         0          0          0          0          0          0   _printf_percent.o
         4          0          0          0          0          0   _printf_percent_end.o
         6          0          0          0          0          0   _printf_s.o
        82          0          0          0          0         80   _printf_str.o
         6          0          0          0          0          0   _printf_x.o
        16          0          0          0          0         68   aeabi_memset.o
        18          0          0          0          0         80   exit.o
         8          0          0          0          0         68   ferror.o
         6          0          0          0          0        152   heapauxi.o
         0          0          0          0          0          0   indicate_semi.o
         2          0          0          0          0          0   libinit.o
         2          0          0          0          0          0   libinit2.o
         2          0          0          0          0          0   libshutdown.o
         2          0          0          0          0          0   libshutdown2.o
         8          4          0          0         96         68   libspace.o
        24          4          0          0          0         84   noretval__2printf.o
        68          0          0          0          0         68   rt_memclr.o
        78          0          0          0          0         80   rt_memclr_w.o
         2          0          0          0          0          0   rtexit.o
        10          0          0          0          0          0   rtexit2.o
        12          4          0          0          0         68   sys_exit.o
        74          0          0          0          0         80   sys_stackheap_outer.o
         2          0          0          0          0         68   use_no_semi.o

    ----------------------------------------------------------------------
      1574         54         57          0         96       1852   Library Totals
         6          0          0          0          0          0   (incl. Padding)

    ----------------------------------------------------------------------

      Code (inc. data)   RO Data    RW Data    ZI Data      Debug   Library Name

      1568         54         57          0         96       1852   c_wu.l

    ----------------------------------------------------------------------
      1574         54         57          0         96       1852   Library Totals

    ----------------------------------------------------------------------

==============================================================================


      Code (inc. data)   RO Data    RW Data    ZI Data      Debug   

     10938        160       1702         36       3020     102528   Grand Totals
     10938        160       1702         36       3020     102528   ELF Image Totals
     10938        160       1702         36          0          0   ROM Totals

==============================================================================

    Total RO  Size (Code + RO Data)                12640 (  12.34kB)
    Total RW  Size (RW Data + ZI Data)              3056 (   2.98kB)
    Total ROM Size (Code + RO Data + RW Data)      12676 (  12.38kB)

==============================================================================

