Component: ARM Compiler 6.16 Tool: armlink [5dfeaa00]

==============================================================================

Section Cross References

    spi_msd0_driver.o(.ARM.exidx.text.MSD0_spi_read_write) refers to spi_msd0_driver.o(.text.MSD0_spi_read_write) for [Anonymous Symbol]
    spi_msd0_driver.o(.text.MSD0_SPI_Configuration) refers to stm32f10x_rcc.o(.text.RCC_APB2PeriphClockCmd) for RCC_APB2PeriphClockCmd
    spi_msd0_driver.o(.text.MSD0_SPI_Configuration) refers to stm32f10x_gpio.o(.text.GPIO_Init) for GPIO_Init
    spi_msd0_driver.o(.text.MSD0_SPI_Configuration) refers to spi_msd0_driver.o(.text.MSD0_SPIHighSpeed) for MSD0_SPIHighSpeed
    spi_msd0_driver.o(.text.MSD0_SPI_Configuration) refers to stm32f10x_spi.o(.text.SPI_Cmd) for SPI_Cmd
    spi_msd0_driver.o(.ARM.exidx.text.MSD0_SPI_Configuration) refers to spi_msd0_driver.o(.text.MSD0_SPI_Configuration) for [Anonymous Symbol]
    spi_msd0_driver.o(.text.MSD0_SPIHighSpeed) refers to stm32f10x_spi.o(.text.SPI_Init) for SPI_Init
    spi_msd0_driver.o(.ARM.exidx.text.MSD0_SPIHighSpeed) refers to spi_msd0_driver.o(.text.MSD0_SPIHighSpeed) for [Anonymous Symbol]
    spi_msd0_driver.o(.text.MSD0_Init) refers to spi_msd0_driver.o(.text.MSD0_spi_read_write) for MSD0_spi_read_write
    spi_msd0_driver.o(.text.MSD0_Init) refers to spi_msd0_driver.o(.text.MSD0_send_command) for MSD0_send_command
    spi_msd0_driver.o(.text.MSD0_Init) refers to spi_msd0_driver.o(.text.MSD0_send_command_hold) for MSD0_send_command_hold
    spi_msd0_driver.o(.text.MSD0_Init) refers to spi_msd0_driver.o(.bss.SD0_CardInfo) for SD0_CardInfo
    spi_msd0_driver.o(.text.MSD0_Init) refers to spi_msd0_driver.o(.text.MSD0_SPIHighSpeed) for MSD0_SPIHighSpeed
    spi_msd0_driver.o(.ARM.exidx.text.MSD0_Init) refers to spi_msd0_driver.o(.text.MSD0_Init) for [Anonymous Symbol]
    spi_msd0_driver.o(.text.MSD0_send_command) refers to spi_msd0_driver.o(.text.MSD0_spi_read_write) for MSD0_spi_read_write
    spi_msd0_driver.o(.ARM.exidx.text.MSD0_send_command) refers to spi_msd0_driver.o(.text.MSD0_send_command) for [Anonymous Symbol]
    spi_msd0_driver.o(.text.MSD0_send_command_hold) refers to spi_msd0_driver.o(.text.MSD0_spi_read_write) for MSD0_spi_read_write
    spi_msd0_driver.o(.ARM.exidx.text.MSD0_send_command_hold) refers to spi_msd0_driver.o(.text.MSD0_send_command_hold) for [Anonymous Symbol]
    spi_msd0_driver.o(.text.MSD0_GetCardInfo) refers to spi_msd0_driver.o(.text.MSD0_send_command) for MSD0_send_command
    spi_msd0_driver.o(.text.MSD0_GetCardInfo) refers to spi_msd0_driver.o(.text.MSD0_read_buffer) for MSD0_read_buffer
    spi_msd0_driver.o(.ARM.exidx.text.MSD0_GetCardInfo) refers to spi_msd0_driver.o(.text.MSD0_GetCardInfo) for [Anonymous Symbol]
    spi_msd0_driver.o(.text.MSD0_read_buffer) refers to spi_msd0_driver.o(.text.MSD0_spi_read_write) for MSD0_spi_read_write
    spi_msd0_driver.o(.ARM.exidx.text.MSD0_read_buffer) refers to spi_msd0_driver.o(.text.MSD0_read_buffer) for [Anonymous Symbol]
    spi_msd0_driver.o(.text.MSD0_ReadSingleBlock) refers to spi_msd0_driver.o(.bss.SD0_CardInfo) for SD0_CardInfo
    spi_msd0_driver.o(.text.MSD0_ReadSingleBlock) refers to spi_msd0_driver.o(.text.MSD0_send_command) for MSD0_send_command
    spi_msd0_driver.o(.text.MSD0_ReadSingleBlock) refers to spi_msd0_driver.o(.text.MSD0_read_buffer) for MSD0_read_buffer
    spi_msd0_driver.o(.ARM.exidx.text.MSD0_ReadSingleBlock) refers to spi_msd0_driver.o(.text.MSD0_ReadSingleBlock) for [Anonymous Symbol]
    spi_msd0_driver.o(.text.MSD0_ReadMultiBlock) refers to spi_msd0_driver.o(.bss.SD0_CardInfo) for SD0_CardInfo
    spi_msd0_driver.o(.text.MSD0_ReadMultiBlock) refers to spi_msd0_driver.o(.text.MSD0_send_command) for MSD0_send_command
    spi_msd0_driver.o(.text.MSD0_ReadMultiBlock) refers to spi_msd0_driver.o(.text.MSD0_read_buffer) for MSD0_read_buffer
    spi_msd0_driver.o(.text.MSD0_ReadMultiBlock) refers to spi_msd0_driver.o(.text.MSD0_spi_read_write) for MSD0_spi_read_write
    spi_msd0_driver.o(.ARM.exidx.text.MSD0_ReadMultiBlock) refers to spi_msd0_driver.o(.text.MSD0_ReadMultiBlock) for [Anonymous Symbol]
    spi_msd0_driver.o(.text.MSD0_WriteSingleBlock) refers to spi_msd0_driver.o(.bss.SD0_CardInfo) for SD0_CardInfo
    spi_msd0_driver.o(.text.MSD0_WriteSingleBlock) refers to spi_msd0_driver.o(.text.MSD0_send_command) for MSD0_send_command
    spi_msd0_driver.o(.text.MSD0_WriteSingleBlock) refers to spi_msd0_driver.o(.text.MSD0_spi_read_write) for MSD0_spi_read_write
    spi_msd0_driver.o(.ARM.exidx.text.MSD0_WriteSingleBlock) refers to spi_msd0_driver.o(.text.MSD0_WriteSingleBlock) for [Anonymous Symbol]
    spi_msd0_driver.o(.text.MSD0_WriteMultiBlock) refers to spi_msd0_driver.o(.bss.SD0_CardInfo) for SD0_CardInfo
    spi_msd0_driver.o(.text.MSD0_WriteMultiBlock) refers to spi_msd0_driver.o(.text.MSD0_send_command) for MSD0_send_command
[...]
    Removing stm32f10x_usart.o(.ARM.exidx.text.USART_SmartCardNACKCmd), (8 bytes).
    Removing stm32f10x_usart.o(.text.USART_HalfDuplexCmd), (20 bytes).
    Removing stm32f10x_usart.o(.ARM.exidx.text.USART_HalfDuplexCmd), (8 bytes).
    Removing stm32f10x_usart.o(.text.USART_OverSampling8Cmd), (20 bytes).
    Removing stm32f10x_usart.o(.ARM.exidx.text.USART_OverSampling8Cmd), (8 bytes).
    Removing stm32f10x_usart.o(.text.USART_OneBitMethodCmd), (20 bytes).
    Removing stm32f10x_usart.o(.ARM.exidx.text.USART_OneBitMethodCmd), (8 bytes).
    Removing stm32f10x_usart.o(.text.USART_IrDAConfig), (16 bytes).
    Removing stm32f10x_usart.o(.ARM.exidx.text.USART_IrDAConfig), (8 bytes).
    Removing stm32f10x_usart.o(.text.USART_IrDACmd), (20 bytes).
    Removing stm32f10x_usart.o(.ARM.exidx.text.USART_IrDACmd), (8 bytes).
    Removing stm32f10x_usart.o(.ARM.exidx.text.USART_GetFlagStatus), (8 bytes).
    Removing stm32f10x_usart.o(.text.USART_ClearFlag), (6 bytes).
    Removing stm32f10x_usart.o(.ARM.exidx.text.USART_ClearFlag), (8 bytes).
    Removing stm32f10x_usart.o(.ARM.exidx.text.USART_GetITStatus), (8 bytes).
    Removing stm32f10x_usart.o(.ARM.exidx.text.USART_ClearITPendingBit), (8 bytes).
    Removing system_stm32f10x.o(.text), (0 bytes).
    Removing system_stm32f10x.o(.ARM.exidx.text.SystemInit), (8 bytes).
    Removing system_stm32f10x.o(.ARM.exidx.text.SetSysClock), (8 bytes).
    Removing system_stm32f10x.o(.text.SystemCoreClockUpdate), (110 bytes).
    Removing system_stm32f10x.o(.ARM.exidx.text.SystemCoreClockUpdate), (8 bytes).
    Removing system_stm32f10x.o(.ARM.exidx.text.SetSysClockTo72), (8 bytes).
    Removing system_stm32f10x.o(.data.SystemCoreClock), (4 bytes).
    Removing system_stm32f10x.o(.rodata.AHBPrescTable), (16 bytes).

337 unused section(s) (total 7364 bytes) removed from the image.

==============================================================================

Image Symbol Table

    Local Symbols

    Symbol Name                              Value     Ov Type        Size  Object(Section)

    ../clib/angel/boardlib.s                 0x00000000   Number         0  boardinit1.o ABSOLUTE
    ../clib/angel/boardlib.s                 0x00000000   Number         0  boardinit2.o ABSOLUTE
    ../clib/angel/boardlib.s                 0x00000000   Number         0  boardinit3.o ABSOLUTE
    ../clib/angel/boardlib.s                 0x00000000   Number         0  boardshut.o ABSOLUTE
    ../clib/angel/handlers.s                 0x00000000   Number         0  __scatter_copy.o ABSOLUTE
    ../clib/angel/handlers.s                 0x00000000   Number         0  __scatter_zi.o ABSOLUTE
    ../clib/angel/kernel.s                   0x00000000   Number         0  __rtentry.o ABSOLUTE
    ../clib/angel/kernel.s                   0x00000000   Number         0  __rtentry2.o ABSOLUTE
    ../clib/angel/kernel.s                   0x00000000   Number         0  __rtentry4.o ABSOLUTE
    ../clib/angel/kernel.s                   0x00000000   Number         0  rtexit.o ABSOLUTE
    ../clib/angel/kernel.s                   0x00000000   Number         0  rtexit2.o ABSOLUTE
    ../clib/angel/rt.s                       0x00000000   Number         0  rt_raise.o ABSOLUTE
    ../clib/angel/scatter.s                  0x00000000   Number         0  __scatter.o ABSOLUTE
    ../clib/angel/startup.s                  0x00000000   Number         0  __main.o ABSOLUTE
    ../clib/angel/sys.s                      0x00000000   Number         0  sys_stackheap_outer.o ABSOLUTE
    ../clib/angel/sys.s                      0x00000000   Number         0  libspace.o ABSOLUTE
    ../clib/angel/sys.s                      0x00000000   Number         0  use_no_semi.o ABSOLUTE
    ../clib/angel/sys.s                      0x00000000   Number         0  indicate_semi.o ABSOLUTE
    ../clib/angel/sysapp.c                   0x00000000   Number         0  sys_exit.o ABSOLUTE
    ../clib/angel/sysapp.c                   0x00000000   Number         0  sys_exit_hlt.o ABSOLUTE
    ../clib/angel/sysapp.c                   0x00000000   Number         0  sys_command.o ABSOLUTE
    ../clib/angel/sysapp.c                   0x00000000   Number         0  sys_command_hlt.o ABSOLUTE
    ../clib/angel/sysapp.c                   0x00000000   Number         0  sys_wrch.o ABSOLUTE
    ../clib/angel/sysapp.c                   0x00000000   Number         0  sys_wrch_hlt.o ABSOLUTE
    ../clib/armsys.c                         0x00000000   Number         0  argv_veneer.o ABSOLUTE
    ../clib/armsys.c                         0x00000000   Number         0  argv_veneer.o ABSOLUTE
    ../clib/armsys.c                         0x00000000   Number         0  _get_argv_nomalloc.o ABSOLUTE
    ../clib/armsys.c                         0x00000000   Number         0  no_argv.o ABSOLUTE
    ../clib/heapalloc.c                      0x00000000   Number         0  hrguard.o ABSOLUTE
    ../clib/heapaux.c                        0x00000000   Number         0  heapauxi.o ABSOLUTE
    ../clib/libinit.s                        0x00000000   Number         0  libinit.o ABSOLUTE
    ../clib/libinit.s                        0x00000000   Number         0  libinit2.o ABSOLUTE
    ../clib/libinit.s                        0x00000000   Number         0  libshutdown.o ABSOLUTE
    ../clib/libinit.s                        0x00000000   Number         0  libshutdown2.o ABSOLUTE
    ../clib/memcpset.s                       0x00000000   Number         0  aeabi_memset.o ABSOLUTE
    ../clib/memcpset.s                       0x00000000   Number         0  rt_memclr.o ABSOLUTE
    ../clib/memcpset.s                       0x00000000   Number         0  rt_memclr_w.o ABSOLUTE
    ../clib/misc.s                           0x00000000   Number         0  printf_stubs.o ABSOLUTE
    ../clib/printf.c                         0x00000000   Number         0  __2printf.o ABSOLUTE
    ../clib/printf.c                         0x00000000   Number         0  __2sprintf.o ABSOLUTE
    ../clib/printf.c                         0x00000000   Number         0  noretval__2printf.o ABSOLUTE
    ../clib/printf.c                         0x00000000   Number         0  noretval__2sprintf.o ABSOLUTE
    ../clib/printf.c                         0x00000000   Number         0  __printf.o ABSOLUTE
    ../clib/printf.c                         0x00000000   Number         0  _printf_pad.o ABSOLUTE
    ../clib/printf.c                         0x00000000   Number         0  _printf_str.o ABSOLUTE
    ../clib/printf.c                         0x00000000   Number         0  _printf_dec.o ABSOLUTE
    ../clib/printf.c                         0x00000000   Number         0  _printf_hex_ll.o ABSOLUTE
    ../clib/printf.c                         0x00000000   Number         0  _printf_hex_int.o ABSOLUTE
    ../clib/printf.c                         0x00000000   Number         0  _printf_hex_int_ll.o ABSOLUTE
    ../clib/printf.c                         0x00000000   Number         0  _printf_hex_ptr.o ABSOLUTE
    ../clib/printf.c                         0x00000000   Number         0  _printf_hex_int_ptr.o ABSOLUTE
    ../clib/printf.c                         0x00000000   Number         0  _printf_hex_ll_ptr.o ABSOLUTE
    ../clib/printf.c                         0x00000000   Number         0  _printf_hex_int_ll_ptr.o ABSOLUTE
    ../clib/printf.c                         0x00000000   Number         0  __printf_flags.o ABSOLUTE
    ../clib/printf.c                         0x00000000   Number         0  __printf_ss.o ABSOLUTE
    ../clib/printf.c                         0x00000000   Number         0  __printf_flags_ss.o ABSOLUTE
    ../clib/printf.c                         0x00000000   Number         0  __printf_wp.o ABSOLUTE
    ../clib/printf.c                         0x00000000   Number         0  __printf_flags_wp.o ABSOLUTE
    ../clib/printf.c                         0x00000000   Number         0  __printf_ss_wp.o ABSOLUTE
    ../clib/printf.c                         0x00000000   Number         0  __printf_flags_ss_wp.o ABSOLUTE
    ../clib/printf.c                         0x00000000   Number         0  _printf_intcommon.o ABSOLUTE
    ../clib/printf.c                         0x00000000   Number         0  _printf_char_common.o ABSOLUTE
    ../clib/printf.c                         0x00000000   Number         0  _sputc.o ABSOLUTE
    ../clib/printf.c                         0x00000000   Number         0  _printf_char.o ABSOLUTE
    ../clib/printf.c                         0x00000000   Number         0  _printf_char_file.o ABSOLUTE
    ../clib/printf.c                         0x00000000   Number         0  __printf_nopercent.o ABSOLUTE
    ../clib/printf_percent.s                 0x00000000   Number         0  _printf_s.o ABSOLUTE
    ../clib/printf_percent.s                 0x00000000   Number         0  _printf_x.o ABSOLUTE
    ../clib/printf_percent.s                 0x00000000   Number         0  _printf_d.o ABSOLUTE
    ../clib/printf_percent.s                 0x00000000   Number         0  _printf_percent.o ABSOLUTE
    ../clib/printf_percent.s                 0x00000000   Number         0  _printf_percent_end.o ABSOLUTE
    ../clib/signal.c                         0x00000000   Number         0  defsig_rtmem_outer.o ABSOLUTE
    ../clib/signal.c                         0x00000000   Number         0  defsig_rtmem_formal.o ABSOLUTE
    ../clib/signal.c                         0x00000000   Number         0  defsig_exit.o ABSOLUTE
    ../clib/signal.c                         0x00000000   Number         0  defsig_rtmem_inner.o ABSOLUTE
    ../clib/signal.c                         0x00000000   Number         0  __raise.o ABSOLUTE
    ../clib/signal.c                         0x00000000   Number         0  defsig_general.o ABSOLUTE
    ../clib/signal.c                         0x00000000   Number         0  defsig_abrt_inner.o ABSOLUTE
    ../clib/signal.c                         0x00000000   Number         0  defsig_fpe_inner.o ABSOLUTE
    ../clib/signal.c                         0x00000000   Number         0  defsig_rtred_inner.o ABSOLUTE
    ../clib/signal.c                         0x00000000   Number         0  defsig_stak_inner.o ABSOLUTE
    ../clib/signal.c                         0x00000000   Number         0  defsig_pvfn_inner.o ABSOLUTE
    ../clib/signal.c                         0x00000000   Number         0  defsig_cppl_inner.o ABSOLUTE
    ../clib/signal.c                         0x00000000   Number         0  defsig_segv_inner.o ABSOLUTE
    ../clib/signal.c                         0x00000000   Number         0  defsig_other.o ABSOLUTE
    ../clib/signal.s                         0x00000000   Number         0  defsig.o ABSOLUTE
    ../clib/stdio.c                          0x00000000   Number         0  puts.o ABSOLUTE
    ../clib/stdio.c                          0x00000000   Number         0  ferror.o ABSOLUTE
    ../clib/stdio.c                          0x00000000   Number         0  ferror_locked.o ABSOLUTE
    ../clib/stdlib.c                         0x00000000   Number         0  exit.o ABSOLUTE
    ../clib/string.c                         0x00000000   Number         0  strstr.o ABSOLUTE
    ../clib/string.c                         0x00000000   Number         0  strlen.o ABSOLUTE
    ../fplib/fpinit.s                        0x00000000   Number         0  fpinit.o ABSOLUTE
    ../fplib/fpinit_empty.s                  0x00000000   Number         0  fpinit_empty.o ABSOLUTE
    RTE/Device/STM32F103C8/startup_stm32f10x_md.s 0x00000000   Number         0  startup_stm32f10x_md.o ABSOLUTE
    SPI_MSD0_Driver.c                        0x00000000   Number         0  spi_msd0_driver.o ABSOLUTE
    ccsbcs.c                                 0x00000000   Number         0  ccsbcs.o ABSOLUTE
    dc.s                                     0x00000000   Number         0  dc.o ABSOLUTE
    diskio.c                                 0x00000000   Number         0  diskio.o ABSOLUTE
    ff.c                                     0x00000000   Number         0  ff.o ABSOLUTE
    lib_sd.c                                 0x00000000   Number         0  lib_sd.o ABSOLUTE
    main.c                                   0x00000000   Number         0  main.o ABSOLUTE
    misc.c                                   0x00000000   Number         0  misc.o ABSOLUTE
    stm32f10x_gpio.c                         0x00000000   Number         0  stm32f10x_gpio.o ABSOLUTE
    stm32f10x_rcc.c                          0x00000000   Number         0  stm32f10x_rcc.o ABSOLUTE
    stm32f10x_spi.c                          0x00000000   Number         0  stm32f10x_spi.o ABSOLUTE
    stm32f10x_usart.c                        0x00000000   Number         0  stm32f10x_usart.o ABSOLUTE
    system_stm32f10x.c                       0x00000000   Number         0  system_stm32f10x.o ABSOLUTE
    usart.c                                  0x00000000   Number         0  usart.o ABSOLUTE
    RESET                                    0x08000000   Section      236  startup_stm32f10x_md.o(RESET)
    !!!main                                  0x080000ec   Section        8  __main.o(!!!main)
    !!!scatter                               0x080000f4   Section       52  __scatter.o(!!!scatter)
    !!handler_copy                           0x08000128   Section       26  __scatter_copy.o(!!handler_copy)
    !!handler_zi                             0x08000144   Section       28  __scatter_zi.o(!!handler_zi)
    .ARM.Collect$$_printf_percent$$00000000  0x08000160   Section        0  _printf_percent.o(.ARM.Collect$$_printf_percent$$00000000)
    .ARM.Collect$$_printf_percent$$00000009  0x08000160   Section        6  _printf_d.o(.ARM.Collect$$_printf_percent$$00000009)
    .ARM.Collect$$_printf_percent$$0000000C  0x08000166   Section        6  _printf_x.o(.ARM.Collect$$_printf_percent$$0000000C)
    .ARM.Collect$$_printf_percent$$00000014  0x0800016c   Section        6  _printf_s.o(.ARM.Collect$$_printf_percent$$00000014)
    .ARM.Collect$$_printf_percent$$00000017  0x08000172   Section        4  _printf_percent_end.o(.ARM.Collect$$_printf_percent$$00000017)
    .ARM.Collect$$libinit$$00000000          0x08000176   Section        2  libinit.o(.ARM.Collect$$libinit$$00000000)
    .ARM.Collect$$libinit$$00000002          0x08000178   Section        0  libinit2.o(.ARM.Collect$$libinit$$00000002)
    .ARM.Collect$$libinit$$00000004          0x08000178   Section        0  libinit2.o(.ARM.Collect$$libinit$$00000004)
    .ARM.Collect$$libinit$$0000000A          0x08000178   Section        0  libinit2.o(.ARM.Collect$$libinit$$0000000A)
    .ARM.Collect$$libinit$$0000000C          0x08000178   Section        0  libinit2.o(.ARM.Collect$$libinit$$0000000C)
    .ARM.Collect$$libinit$$0000000E          0x08000178   Section        0  libinit2.o(.ARM.Collect$$libinit$$0000000E)
    .ARM.Collect$$libinit$$00000011          0x08000178   Section        0  libinit2.o(.ARM.Collect$$libinit$$00000011)
    .ARM.Collect$$libinit$$00000013          0x08000178   Section        0  libinit2.o(.ARM.Collect$$libinit$$00000013)
    .ARM.Collect$$libinit$$00000015          0x08000178   Section        0  libinit2.o(.ARM.Collect$$libinit$$00000015)
    .ARM.Collect$$libinit$$00000017          0x08000178   Section        0  libinit2.o(.ARM.Collect$$libinit$$00000017)
    .ARM.Collect$$libinit$$00000019          0x08000178   Section        0  libinit2.o(.ARM.Collect$$libinit$$00000019)
    .ARM.Collect$$libinit$$0000001B          0x08000178   Section        0  libinit2.o(.ARM.Collect$$libinit$$0000001B)
    .ARM.Collect$$libinit$$0000001D          0x08000178   Section        0  libinit2.o(.ARM.Collect$$libinit$$0000001D)
    .ARM.Collect$$libinit$$0000001F          0x08000178   Section        0  libinit2.o(.ARM.Collect$$libinit$$0000001F)
    .ARM.Collect$$libinit$$00000021          0x08000178   Section        0  libinit2.o(.ARM.Collect$$libinit$$00000021)
    .ARM.Collect$$libinit$$00000023          0x08000178   Section        0  libinit2.o(.ARM.Collect$$libinit$$00000023)
    .ARM.Collect$$libinit$$00000025          0x08000178   Section        0  libinit2.o(.ARM.Collect$$libinit$$00000025)
    .ARM.Collect$$libinit$$0000002C          0x08000178   Section        0  libinit2.o(.ARM.Collect$$libinit$$0000002C)
    .ARM.Collect$$libinit$$0000002E          0x08000178   Section        0  libinit2.o(.ARM.Collect$$libinit$$0000002E)
    .ARM.Collect$$libinit$$00000030          0x08000178   Section        0  libinit2.o(.ARM.Collect$$libinit$$00000030)
    .ARM.Collect$$libinit$$00000032          0x08000178   Section        0  libinit2.o(.ARM.Collect$$libinit$$00000032)
    .ARM.Collect$$libinit$$00000033          0x08000178   Section        2  libinit2.o(.ARM.Collect$$libinit$$00000033)
    .ARM.Collect$$libshutdown$$00000000      0x0800017a   Section        2  libshutdown.o(.ARM.Collect$$libshutdown$$00000000)
    .ARM.Collect$$libshutdown$$00000002      0x0800017c   Section        0  libshutdown2.o(.ARM.Collect$$libshutdown$$00000002)
    .ARM.Collect$$libshutdown$$00000004      0x0800017c   Section        0  libshutdown2.o(.ARM.Collect$$libshutdown$$00000004)
    .ARM.Collect$$libshutdown$$00000007      0x0800017c   Section        0  libshutdown2.o(.ARM.Collect$$libshutdown$$00000007)
    .ARM.Collect$$libshutdown$$0000000A      0x0800017c   Section        0  libshutdown2.o(.ARM.Collect$$libshutdown$$0000000A)
    .ARM.Collect$$libshutdown$$0000000C      0x0800017c   Section        0  libshutdown2.o(.ARM.Collect$$libshutdown$$0000000C)
    .ARM.Collect$$libshutdown$$0000000F      0x0800017c   Section        0  libshutdown2.o(.ARM.Collect$$libshutdown$$0000000F)
    .ARM.Collect$$libshutdown$$00000010      0x0800017c   Section        2  libshutdown2.o(.ARM.Collect$$libshutdown$$00000010)
    .ARM.Collect$$rtentry$$00000000          0x0800017e   Section        0  __rtentry.o(.ARM.Collect$$rtentry$$00000000)
    .ARM.Collect$$rtentry$$00000002          0x0800017e   Section        0  __rtentry2.o(.ARM.Collect$$rtentry$$00000002)
    .ARM.Collect$$rtentry$$00000004          0x0800017e   Section        6  __rtentry4.o(.ARM.Collect$$rtentry$$00000004)
    .ARM.Collect$$rtentry$$00000009          0x08000184   Section        0  __rtentry2.o(.ARM.Collect$$rtentry$$00000009)
    .ARM.Collect$$rtentry$$0000000A          0x08000184   Section        4  __rtentry2.o(.ARM.Collect$$rtentry$$0000000A)
    .ARM.Collect$$rtentry$$0000000C          0x08000188   Section        0  __rtentry2.o(.ARM.Collect$$rtentry$$0000000C)
    .ARM.Collect$$rtentry$$0000000D          0x08000188   Section        8  __rtentry2.o(.ARM.Collect$$rtentry$$0000000D)
    .ARM.Collect$$rtexit$$00000000           0x08000190   Section        2  rtexit.o(.ARM.Collect$$rtexit$$00000000)
    .ARM.Collect$$rtexit$$00000002           0x08000192   Section        0  rtexit2.o(.ARM.Collect$$rtexit$$00000002)
    .ARM.Collect$$rtexit$$00000003           0x08000192   Section        4  rtexit2.o(.ARM.Collect$$rtexit$$00000003)
    .ARM.Collect$$rtexit$$00000004           0x08000196   Section        6  rtexit2.o(.ARM.Collect$$rtexit$$00000004)
    .text                                    0x0800019c   Section       64  startup_stm32f10x_md.o(.text)
    .text                                    0x080001dc   Section        0  noretval__2printf.o(.text)
    .text                                    0x080001f4   Section        0  _printf_pad.o(.text)
    .text                                    0x08000242   Section        0  _printf_str.o(.text)
    .text                                    0x08000294   Section        0  _printf_dec.o(.text)
    .text                                    0x0800030c   Section        0  _printf_hex_int.o(.text)
    .text                                    0x08000364   Section        0  __printf_flags_ss_wp.o(.text)
    .text                                    0x080004ec   Section        0  puts.o(.text)
    .text                                    0x08000518   Section       16  aeabi_memset.o(.text)
    .text                                    0x08000528   Section        0  heapauxi.o(.text)
    .text                                    0x0800052e   Section        0  _printf_intcommon.o(.text)
    _printf_input_char                       0x080005e1   Thumb Code    10  _printf_char_common.o(.text)
    .text                                    0x080005e0   Section        0  _printf_char_common.o(.text)
    .text                                    0x08000610   Section        0  _printf_char.o(.text)
    .text                                    0x0800063c   Section        0  _printf_char_file.o(.text)
    .text                                    0x08000660   Section       68  rt_memclr.o(.text)
    .text                                    0x080006a4   Section        0  ferror.o(.text)
    .text                                    0x080006ac   Section       78  rt_memclr_w.o(.text)
    .text                                    0x080006fa   Section       74  sys_stackheap_outer.o(.text)
    .text                                    0x08000744   Section        0  exit.o(.text)
    .text                                    0x08000758   Section        8  libspace.o(.text)
    .text                                    0x08000760   Section        0  sys_exit.o(.text)
    .text                                    0x0800076c   Section        2  use_no_semi.o(.text)
    .text                                    0x0800076e   Section        0  indicate_semi.o(.text)
    [Anonymous Symbol]                       0x08000770   Section        0  stm32f10x_gpio.o(.text.GPIO_Init)
    [Anonymous Symbol]                       0x08000820   Section        0  spi_msd0_driver.o(.text.MSD0_GetCardInfo)
    [Anonymous Symbol]                       0x08000a8c   Section        0  spi_msd0_driver.o(.text.MSD0_Init)
    [Anonymous Symbol]                       0x08000c4c   Section        0  spi_msd0_driver.o(.text.MSD0_ReadMultiBlock)
    [Anonymous Symbol]                       0x08000cd0   Section        0  spi_msd0_driver.o(.text.MSD0_ReadSingleBlock)
    [Anonymous Symbol]                       0x08000d18   Section        0  spi_msd0_driver.o(.text.MSD0_SPIHighSpeed)
    [Anonymous Symbol]                       0x08000d58   Section        0  spi_msd0_driver.o(.text.MSD0_SPI_Configuration)
    [Anonymous Symbol]                       0x08000db8   Section        0  spi_msd0_driver.o(.text.MSD0_WriteMultiBlock)
    [Anonymous Symbol]                       0x08000ecc   Section        0  spi_msd0_driver.o(.text.MSD0_WriteSingleBlock)
    [Anonymous Symbol]                       0x08000f80   Section        0  spi_msd0_driver.o(.text.MSD0_read_buffer)
    [Anonymous Symbol]                       0x08001000   Section        0  spi_msd0_driver.o(.text.MSD0_send_command)
    [Anonymous Symbol]                       0x0800106c   Section        0  spi_msd0_driver.o(.text.MSD0_send_command_hold)
    [Anonymous Symbol]                       0x080010cc   Section        0  spi_msd0_driver.o(.text.MSD0_spi_read_write)
    [Anonymous Symbol]                       0x080010e8   Section        0  stm32f10x_rcc.o(.text.RCC_APB2PeriphClockCmd)
    [Anonymous Symbol]                       0x08001100   Section        0  stm32f10x_rcc.o(.text.RCC_GetClocksFreq)
    [Anonymous Symbol]                       0x080011a0   Section        0  lib_sd.o(.text.SD_getFileSize)
    [Anonymous Symbol]                       0x080011c8   Section        0  stm32f10x_spi.o(.text.SPI_Cmd)
    [Anonymous Symbol]                       0x080011dc   Section        0  stm32f10x_spi.o(.text.SPI_Init)
    SetSysClock                              0x08001225   Thumb Code     8  system_stm32f10x.o(.text.SetSysClock)
    [Anonymous Symbol]                       0x08001224   Section        0  system_stm32f10x.o(.text.SetSysClock)
    SetSysClockTo72                          0x0800122d   Thumb Code   190  system_stm32f10x.o(.text.SetSysClockTo72)
    [Anonymous Symbol]                       0x0800122c   Section        0  system_stm32f10x.o(.text.SetSysClockTo72)
    [Anonymous Symbol]                       0x080012ec   Section        0  system_stm32f10x.o(.text.SystemInit)
    [Anonymous Symbol]                       0x08001344   Section        0  usart.o(.text.USART1_IRQHandler)
    [Anonymous Symbol]                       0x080013b4   Section        0  stm32f10x_usart.o(.text.USART_ClearITPendingBit)
    [Anonymous Symbol]                       0x080013c4   Section        0  stm32f10x_usart.o(.text.USART_Cmd)
    [Anonymous Symbol]                       0x080013d8   Section        0  stm32f10x_usart.o(.text.USART_GetFlagStatus)
    [Anonymous Symbol]                       0x080013e4   Section        0  stm32f10x_usart.o(.text.USART_GetITStatus)
    [Anonymous Symbol]                       0x08001414   Section        0  stm32f10x_usart.o(.text.USART_ITConfig)
    [Anonymous Symbol]                       0x08001444   Section        0  stm32f10x_usart.o(.text.USART_Init)
    [Anonymous Symbol]                       0x080014fc   Section        0  stm32f10x_usart.o(.text.USART_ReceiveData)
    [Anonymous Symbol]                       0x08001504   Section        0  stm32f10x_usart.o(.text.USART_SendData)
    __NVIC_EnableIRQ                         0x0800150d   Thumb Code    14  usart.o(.text.__NVIC_EnableIRQ)
    [Anonymous Symbol]                       0x0800150c   Section        0  usart.o(.text.__NVIC_EnableIRQ)
    check_fs                                 0x0800151d   Thumb Code   106  ff.o(.text.check_fs)
    [Anonymous Symbol]                       0x0800151c   Section        0  ff.o(.text.check_fs)
    chk_chr                                  0x08001589   Thumb Code    18  ff.o(.text.chk_chr)
    [Anonymous Symbol]                       0x08001588   Section        0  ff.o(.text.chk_chr)
    chk_mounted                              0x0800159d   Thumb Code   538  ff.o(.text.chk_mounted)
    [Anonymous Symbol]                       0x0800159c   Section        0  ff.o(.text.chk_mounted)
    [Anonymous Symbol]                       0x080017b8   Section        0  ff.o(.text.clust2sect)
    cmp_lfn                                  0x080017d1   Thumb Code   126  ff.o(.text.cmp_lfn)
    [Anonymous Symbol]                       0x080017d0   Section        0  ff.o(.text.cmp_lfn)
    create_chain                             0x08001851   Thumb Code   172  ff.o(.text.create_chain)
    [Anonymous Symbol]                       0x08001850   Section        0  ff.o(.text.create_chain)
    create_name                              0x080018fd   Thumb Code   536  ff.o(.text.create_name)
    [Anonymous Symbol]                       0x080018fc   Section        0  ff.o(.text.create_name)
    [Anonymous Symbol]                       0x08001b28   Section        0  usart.o(.text.db_DEBUG_Init)
    [Anonymous Symbol]                       0x08001bb0   Section        0  usart.o(.text.db_DEBUG_SendChar)
    dir_find                                 0x08001bd5   Thumb Code   194  ff.o(.text.dir_find)
    [Anonymous Symbol]                       0x08001bd4   Section        0  ff.o(.text.dir_find)
    dir_next                                 0x08001c99   Thumb Code   312  ff.o(.text.dir_next)
    [Anonymous Symbol]                       0x08001c98   Section        0  ff.o(.text.dir_next)
    dir_register                             0x08001dd1   Thumb Code   430  ff.o(.text.dir_register)
    [Anonymous Symbol]                       0x08001dd0   Section        0  ff.o(.text.dir_register)
    dir_sdi                                  0x08001f81   Thumb Code   156  ff.o(.text.dir_sdi)
    [Anonymous Symbol]                       0x08001f80   Section        0  ff.o(.text.dir_sdi)
    [Anonymous Symbol]                       0x0800201c   Section        0  diskio.o(.text.disk_initialize)
    [Anonymous Symbol]                       0x0800203c   Section        0  diskio.o(.text.disk_ioctl)
    [Anonymous Symbol]                       0x08002084   Section        0  diskio.o(.text.disk_read)
    [Anonymous Symbol]                       0x080020b4   Section        0  diskio.o(.text.disk_status)
    [Anonymous Symbol]                       0x080020c0   Section        0  diskio.o(.text.disk_write)
    [Anonymous Symbol]                       0x080020f0   Section        0  ff.o(.text.f_close)
    [Anonymous Symbol]                       0x08002104   Section        0  ff.o(.text.f_lseek)
    [Anonymous Symbol]                       0x08002250   Section        0  ff.o(.text.f_mount)
    [Anonymous Symbol]                       0x0800227c   Section        0  ff.o(.text.f_open)
    [Anonymous Symbol]                       0x080023c4   Section        0  ff.o(.text.f_read)
    [Anonymous Symbol]                       0x0800254c   Section        0  ff.o(.text.f_sync)
    [Anonymous Symbol]                       0x080025e8   Section        0  ff.o(.text.f_write)
    [Anonymous Symbol]                       0x08002798   Section        0  ccsbcs.o(.text.ff_convert)
    [Anonymous Symbol]                       0x080027e4   Section        0  ccsbcs.o(.text.ff_wtoupper)
    find_length                              0x08002811   Thumb Code   132  main.o(.text.find_length)
    [Anonymous Symbol]                       0x08002810   Section        0  main.o(.text.find_length)
    fit_lfn                                  0x080028c1   Thumb Code   110  ff.o(.text.fit_lfn)
    [Anonymous Symbol]                       0x080028c0   Section        0  ff.o(.text.fit_lfn)
    follow_path                              0x08002931   Thumb Code   154  ff.o(.text.follow_path)
    [Anonymous Symbol]                       0x08002930   Section        0  ff.o(.text.follow_path)
    [Anonymous Symbol]                       0x080029cc   Section        0  usart.o(.text.fputc)
    [Anonymous Symbol]                       0x080029dc   Section        0  ff.o(.text.gen_numname)
    [Anonymous Symbol]                       0x08002a64   Section        0  ff.o(.text.get_fat)
    [Anonymous Symbol]                       0x08002b30   Section        0  diskio.o(.text.get_fattime)
    [Anonymous Symbol]                       0x08002b34   Section        0  main.o(.text.janpatch)
    jp_final_flush                           0x08002e09   Thumb Code    92  main.o(.text.jp_final_flush)
    [Anonymous Symbol]                       0x08002e08   Section        0  main.o(.text.jp_final_flush)
    jp_fread                                 0x08002e65   Thumb Code    46  main.o(.text.jp_fread)
    [Anonymous Symbol]                       0x08002e64   Section        0  main.o(.text.jp_fread)
    jp_fseek                                 0x08002e95   Thumb Code    12  main.o(.text.jp_fseek)
    [Anonymous Symbol]                       0x08002e94   Section        0  main.o(.text.jp_fseek)
    jp_fwrite                                0x08002ea1   Thumb Code    46  main.o(.text.jp_fwrite)
    [Anonymous Symbol]                       0x08002ea0   Section        0  main.o(.text.jp_fwrite)
    jp_getc                                  0x08002ed1   Thumb Code   102  main.o(.text.jp_getc)
    [Anonymous Symbol]                       0x08002ed0   Section        0  main.o(.text.jp_getc)
    jp_putc                                  0x08002f39   Thumb Code   138  main.o(.text.jp_putc)
    [Anonymous Symbol]                       0x08002f38   Section        0  main.o(.text.jp_putc)
    [Anonymous Symbol]                       0x08002fc4   Section        0  main.o(.text.main)
    mem_cmp                                  0x080030e1   Thumb Code    34  ff.o(.text.mem_cmp)
    [Anonymous Symbol]                       0x080030e0   Section        0  ff.o(.text.mem_cmp)
    mem_cpy                                  0x08003105   Thumb Code    26  ff.o(.text.mem_cpy)
    [Anonymous Symbol]                       0x08003104   Section        0  ff.o(.text.mem_cpy)
    mem_set                                  0x08003121   Thumb Code    24  ff.o(.text.mem_set)
    [Anonymous Symbol]                       0x08003120   Section        0  ff.o(.text.mem_set)
    move_window                              0x08003139   Thumb Code   130  ff.o(.text.move_window)
    [Anonymous Symbol]                       0x08003138   Section        0  ff.o(.text.move_window)
    process_mod                              0x080031bd   Thumb Code   202  main.o(.text.process_mod)
    [Anonymous Symbol]                       0x080031bc   Section        0  main.o(.text.process_mod)
    [Anonymous Symbol]                       0x08003288   Section        0  ff.o(.text.put_fat)
    remove_chain                             0x08003391   Thumb Code    96  ff.o(.text.remove_chain)
    [Anonymous Symbol]                       0x08003390   Section        0  ff.o(.text.remove_chain)
    [Anonymous Symbol]                       0x080033fc   Section        0  main.o(.text.sfio_fread)
    [Anonymous Symbol]                       0x08003448   Section        0  main.o(.text.sfio_fseek)
    [Anonymous Symbol]                       0x08003458   Section        0  main.o(.text.sfio_fwrite)
    sum_sfn                                  0x080034a5   Thumb Code    36  ff.o(.text.sum_sfn)
    [Anonymous Symbol]                       0x080034a4   Section        0  ff.o(.text.sum_sfn)
    sync                                     0x080034c9   Thumb Code   122  ff.o(.text.sync)
    [Anonymous Symbol]                       0x080034c8   Section        0  ff.o(.text.sync)
    validate                                 0x08003545   Thumb Code    36  ff.o(.text.validate)
    [Anonymous Symbol]                       0x08003544   Section        0  ff.o(.text.validate)
    i._is_digit                              0x08003568   Section        0  __printf_wp.o(i._is_digit)
    uc_hextab                                0x08003576   Data          20  _printf_hex_int.o(.constdata)
    .constdata                               0x08003576   Section       40  _printf_hex_int.o(.constdata)
    lc_hextab                                0x0800358a   Data          20  _printf_hex_int.o(.constdata)
    maptable                                 0x0800359e   Data          17  __printf_flags_ss_wp.o(.constdata)
    .constdata                               0x0800359e   Section       17  __printf_flags_ss_wp.o(.constdata)
    ADCPrescTable                            0x080035af   Data           4  stm32f10x_rcc.o(.rodata.ADCPrescTable)
    [Anonymous Symbol]                       0x080035af   Section        0  stm32f10x_rcc.o(.rodata.ADCPrescTable)
    APBAHBPrescTable                         0x080035b3   Data          16  stm32f10x_rcc.o(.rodata.APBAHBPrescTable)
    [Anonymous Symbol]                       0x080035b3   Section        0  stm32f10x_rcc.o(.rodata.APBAHBPrescTable)
    LfnOfs                                   0x080035c3   Data          13  ff.o(.rodata.LfnOfs)
    [Anonymous Symbol]                       0x080035c3   Section        0  ff.o(.rodata.LfnOfs)
    Tbl                                      0x080035d0   Data         256  ccsbcs.o(.rodata.Tbl)
    [Anonymous Symbol]                       0x080035d0   Section        0  ccsbcs.o(.rodata.Tbl)
    create_name.excvt                        0x080036d0   Data         128  ff.o(.rodata.create_name.excvt)
    [Anonymous Symbol]                       0x080036d0   Section        0  ff.o(.rodata.create_name.excvt)
    .L.str.1                                 0x08003750   Data          45  main.o(.rodata.str1.1)
    [Anonymous Symbol]                       0x08003750   Section        0  main.o(.rodata.str1.1)
    .L.str.8                                 0x0800377d   Data          33  main.o(.rodata.str1.1)
    .L.str.6                                 0x0800379e   Data          27  main.o(.rodata.str1.1)
    .L.str.11                                0x080037b9   Data          16  main.o(.rodata.str1.1)
    .L.str.9                                 0x080037c9   Data          14  main.o(.rodata.str1.1)
    .L.str.10                                0x080037d7   Data          18  main.o(.rodata.str1.1)
    ff_wtoupper.tbl_upper                    0x080037ea   Data         480  ccsbcs.o(.rodata.str2.2)
    [Anonymous Symbol]                       0x080037ea   Section        0  ccsbcs.o(.rodata.str2.2)
    ff_wtoupper.tbl_lower                    0x080039ca   Data         480  ccsbcs.o(.rodata.str2.2)
    .bss                                     0x20000060   Section       96  libspace.o(.bss)
    FatFs                                    0x200000c0   Data           4  ff.o(.bss.FatFs)
    [Anonymous Symbol]                       0x200000c0   Section        0  ff.o(.bss.FatFs)
    Fsid                                     0x200000c4   Data           2  ff.o(.bss.Fsid)
    [Anonymous Symbol]                       0x200000c4   Section        0  ff.o(.bss.Fsid)
    LfnBuf                                   0x200000d4   Data         512  ff.o(.bss.LfnBuf)
    [Anonymous Symbol]                       0x200000d4   Section        0  ff.o(.bss.LfnBuf)
    patch_buf                                0x20000618   Data        1024  main.o(.bss.patch_buf)
    [Anonymous Symbol]                       0x20000618   Section        0  main.o(.bss.patch_buf)
    source_buf                               0x20000a1c   Data        1024  main.o(.bss.source_buf)
    [Anonymous Symbol]                       0x20000a1c   Section        0  main.o(.bss.source_buf)
    target_buf                               0x20000e1c   Data        1024  main.o(.bss.target_buf)
    [Anonymous Symbol]                       0x20000e1c   Section        0  main.o(.bss.target_buf)
    Heap_Mem                                 0x20001220   Data         512  startup_stm32f10x_md.o(HEAP)
    HEAP                                     0x20001220   Section      512  startup_stm32f10x_md.o(HEAP)
    Stack_Mem                                0x20001420   Data        1024  startup_stm32f10x_md.o(STACK)
    STACK                                    0x20001420   Section     1024  startup_stm32f10x_md.o(STACK)
    __initial_sp                             0x20001820   Data           0  startup_stm32f10x_md.o(STACK)

    Global Symbols

    Symbol Name                              Value     Ov Type        Size  Object(Section)

    BuildAttributes$$THM_ISAv4$P$D$K$B$S$PE$A:L22UL41UL21$X:L11$S22US41US21$IEEE1$IW$~IW$USESV6$~STKCKD$USESV7$WCHAR32$ENUMINT$~SHL$OTIME$ROPI$EBA8$UX$STANDARDLIB$REQ8$PRES8$EABIv2 0x00000000   Number         0  anon$$obj.o ABSOLUTE
    __fp_init_empty                          0x00000000   Number         0  fpinit_empty.o ABSOLUTE
    _printf_flags                            0x00000000   Number         0  printf_stubs.o ABSOLUTE
    _printf_return_value                     0x00000000   Number         0  printf_stubs.o ABSOLUTE
    _printf_sizespec                         0x00000000   Number         0  printf_stubs.o ABSOLUTE
    _printf_widthprec                        0x00000000   Number         0  printf_stubs.o ABSOLUTE
    __ARM_exceptions_init                     - Undefined Weak Reference
    __alloca_initialize                       - Undefined Weak Reference
    __arm_preinit_                            - Undefined Weak Reference
    __cpp_initialize__aeabi_                  - Undefined Weak Reference
    __cxa_finalize                            - Undefined Weak Reference
    __rt_locale                               - Undefined Weak Reference
    __sigvec_lookup                           - Undefined Weak Reference
    _atexit_init                              - Undefined Weak Reference
    _call_atexit_fns                          - Undefined Weak Reference
    _clock_init                               - Undefined Weak Reference
    _fp_trap_init                             - Undefined Weak Reference
    _fp_trap_shutdown                         - Undefined Weak Reference
    _get_lc_collate                           - Undefined Weak Reference
    _get_lc_ctype                             - Undefined Weak Reference
    _get_lc_monetary                          - Undefined Weak Reference
    _get_lc_numeric                           - Undefined Weak Reference
    _get_lc_time                              - Undefined Weak Reference
    _getenv_init                              - Undefined Weak Reference
    _handle_redirection                       - Undefined Weak Reference
    _init_alloc                               - Undefined Weak Reference
    _init_user_alloc                          - Undefined Weak Reference
    _initio                                   - Undefined Weak Reference
    _mutex_acquire                            - Undefined Weak Reference
    _mutex_release                            - Undefined Weak Reference
    _printf_mbtowc                            - Undefined Weak Reference
    _printf_truncate_signed                   - Undefined Weak Reference
    _printf_truncate_unsigned                 - Undefined Weak Reference
    _rand_init                                - Undefined Weak Reference
    _signal_finish                            - Undefined Weak Reference
    _signal_init                              - Undefined Weak Reference
    _terminate_alloc                          - Undefined Weak Reference
    _terminate_user_alloc                     - Undefined Weak Reference
    _terminateio                              - Undefined Weak Reference
    __Vectors_Size                           0x000000ec   Number         0  startup_stm32f10x_md.o ABSOLUTE
    __Vectors                                0x08000000   Data           4  startup_stm32f10x_md.o(RESET)
    __Vectors_End                            0x080000ec   Data           0  startup_stm32f10x_md.o(RESET)
    __main                                   0x080000ed   Thumb Code     8  __main.o(!!!main)
    __scatterload                            0x080000f5   Thumb Code     0  __scatter.o(!!!scatter)
    __scatterload_rt2                        0x080000f5   Thumb Code    44  __scatter.o(!!!scatter)
    __scatterload_rt2_thumb_only             0x080000f5   Thumb Code     0  __scatter.o(!!!scatter)
    __scatterload_null                       0x08000103   Thumb Code     0  __scatter.o(!!!scatter)
    __scatterload_copy                       0x08000129   Thumb Code    26  __scatter_copy.o(!!handler_copy)
    __scatterload_zeroinit                   0x08000145   Thumb Code    28  __scatter_zi.o(!!handler_zi)
    _printf_d                                0x08000161   Thumb Code     0  _printf_d.o(.ARM.Collect$$_printf_percent$$00000009)
    _printf_percent                          0x08000161   Thumb Code     0  _printf_percent.o(.ARM.Collect$$_printf_percent$$00000000)
    _printf_x                                0x08000167   Thumb Code     0  _printf_x.o(.ARM.Collect$$_printf_percent$$0000000C)
    _printf_s                                0x0800016d   Thumb Code     0  _printf_s.o(.ARM.Collect$$_printf_percent$$00000014)
    _printf_percent_end                      0x08000173   Thumb Code     0  _printf_percent_end.o(.ARM.Collect$$_printf_percent$$00000017)
    __rt_lib_init                            0x08000177   Thumb Code     0  libinit.o(.ARM.Collect$$libinit$$00000000)
    __rt_lib_init_alloca_1                   0x08000179   Thumb Code     0  libinit2.o(.ARM.Collect$$libinit$$0000002E)
    __rt_lib_init_argv_1                     0x08000179   Thumb Code     0  libinit2.o(.ARM.Collect$$libinit$$0000002C)
    __rt_lib_init_atexit_1                   0x08000179   Thumb Code     0  libinit2.o(.ARM.Collect$$libinit$$0000001B)
    __rt_lib_init_clock_1                    0x08000179   Thumb Code     0  libinit2.o(.ARM.Collect$$libinit$$00000021)
    __rt_lib_init_cpp_1                      0x08000179   Thumb Code     0  libinit2.o(.ARM.Collect$$libinit$$00000032)
    __rt_lib_init_exceptions_1               0x08000179   Thumb Code     0  libinit2.o(.ARM.Collect$$libinit$$00000030)
    __rt_lib_init_fp_1                       0x08000179   Thumb Code     0  libinit2.o(.ARM.Collect$$libinit$$00000002)
    __rt_lib_init_fp_trap_1                  0x08000179   Thumb Code     0  libinit2.o(.ARM.Collect$$libinit$$0000001F)
    __rt_lib_init_getenv_1                   0x08000179   Thumb Code     0  libinit2.o(.ARM.Collect$$libinit$$00000023)
    __rt_lib_init_heap_1                     0x08000179   Thumb Code     0  libinit2.o(.ARM.Collect$$libinit$$0000000A)
    __rt_lib_init_lc_collate_1               0x08000179   Thumb Code     0  libinit2.o(.ARM.Collect$$libinit$$00000011)
    __rt_lib_init_lc_ctype_1                 0x08000179   Thumb Code     0  libinit2.o(.ARM.Collect$$libinit$$00000013)
    __rt_lib_init_lc_monetary_1              0x08000179   Thumb Code     0  libinit2.o(.ARM.Collect$$libinit$$00000015)
    __rt_lib_init_lc_numeric_1               0x08000179   Thumb Code     0  libinit2.o(.ARM.Collect$$libinit$$00000017)
    __rt_lib_init_lc_time_1                  0x08000179   Thumb Code     0  libinit2.o(.ARM.Collect$$libinit$$00000019)
    __rt_lib_init_preinit_1                  0x08000179   Thumb Code     0  libinit2.o(.ARM.Collect$$libinit$$00000004)
    __rt_lib_init_rand_1                     0x08000179   Thumb Code     0  libinit2.o(.ARM.Collect$$libinit$$0000000E)
    __rt_lib_init_return                     0x08000179   Thumb Code     0  libinit2.o(.ARM.Collect$$libinit$$00000033)
    __rt_lib_init_signal_1                   0x08000179   Thumb Code     0  libinit2.o(.ARM.Collect$$libinit$$0000001D)
    __rt_lib_init_stdio_1                    0x08000179   Thumb Code     0  libinit2.o(.ARM.Collect$$libinit$$00000025)
    __rt_lib_init_user_alloc_1               0x08000179   Thumb Code     0  libinit2.o(.ARM.Collect$$libinit$$0000000C)
    __rt_lib_shutdown                        0x0800017b   Thumb Code     0  libshutdown.o(.ARM.Collect$$libshutdown$$00000000)
    __rt_lib_shutdown_cpp_1                  0x0800017d   Thumb Code     0  libshutdown2.o(.ARM.Collect$$libshutdown$$00000002)
    __rt_lib_shutdown_fp_trap_1              0x0800017d   Thumb Code     0  libshutdown2.o(.ARM.Collect$$libshutdown$$00000007)
    __rt_lib_shutdown_heap_1                 0x0800017d   Thumb Code     0  libshutdown2.o(.ARM.Collect$$libshutdown$$0000000F)
    __rt_lib_shutdown_return                 0x0800017d   Thumb Code     0  libshutdown2.o(.ARM.Collect$$libshutdown$$00000010)
    __rt_lib_shutdown_signal_1               0x0800017d   Thumb Code     0  libshutdown2.o(.ARM.Collect$$libshutdown$$0000000A)
    __rt_lib_shutdown_stdio_1                0x0800017d   Thumb Code     0  libshutdown2.o(.ARM.Collect$$libshutdown$$00000004)
    __rt_lib_shutdown_user_alloc_1           0x0800017d   Thumb Code     0  libshutdown2.o(.ARM.Collect$$libshutdown$$0000000C)
    __rt_entry                               0x0800017f   Thumb Code     0  __rtentry.o(.ARM.Collect$$rtentry$$00000000)
    __rt_entry_presh_1                       0x0800017f   Thumb Code     0  __rtentry2.o(.ARM.Collect$$rtentry$$00000002)
    __rt_entry_sh                            0x0800017f   Thumb Code     0  __rtentry4.o(.ARM.Collect$$rtentry$$00000004)
    __rt_entry_li                            0x08000185   Thumb Code     0  __rtentry2.o(.ARM.Collect$$rtentry$$0000000A)
    __rt_entry_postsh_1                      0x08000185   Thumb Code     0  __rtentry2.o(.ARM.Collect$$rtentry$$00000009)
    __rt_entry_main                          0x08000189   Thumb Code     0  __rtentry2.o(.ARM.Collect$$rtentry$$0000000D)
    __rt_entry_postli_1                      0x08000189   Thumb Code     0  __rtentry2.o(.ARM.Collect$$rtentry$$0000000C)
    __rt_exit                                0x08000191   Thumb Code     0  rtexit.o(.ARM.Collect$$rtexit$$00000000)
    __rt_exit_ls                             0x08000193   Thumb Code     0  rtexit2.o(.ARM.Collect$$rtexit$$00000003)
    __rt_exit_prels_1                        0x08000193   Thumb Code     0  rtexit2.o(.ARM.Collect$$rtexit$$00000002)
    __rt_exit_exit                           0x08000197   Thumb Code     0  rtexit2.o(.ARM.Collect$$rtexit$$00000004)
    Reset_Handler                            0x0800019d   Thumb Code     8  startup_stm32f10x_md.o(.text)
    NMI_Handler                              0x080001a5   Thumb Code     2  startup_stm32f10x_md.o(.text)
    HardFault_Handler                        0x080001a7   Thumb Code     2  startup_stm32f10x_md.o(.text)
    MemManage_Handler                        0x080001a9   Thumb Code     2  startup_stm32f10x_md.o(.text)
    BusFault_Handler                         0x080001ab   Thumb Code     2  startup_stm32f10x_md.o(.text)
    UsageFault_Handler                       0x080001ad   Thumb Code     2  startup_stm32f10x_md.o(.text)
    SVC_Handler                              0x080001af   Thumb Code     2  startup_stm32f10x_md.o(.text)
    DebugMon_Handler                         0x080001b1   Thumb Code     2  startup_stm32f10x_md.o(.text)
    PendSV_Handler                           0x080001b3   Thumb Code     2  startup_stm32f10x_md.o(.text)
    SysTick_Handler                          0x080001b5   Thumb Code     2  startup_stm32f10x_md.o(.text)
    ADC1_2_IRQHandler                        0x080001b7   Thumb Code     0  startup_stm32f10x_md.o(.text)
    CAN1_RX1_IRQHandler                      0x080001b7   Thumb Code     0  startup_stm32f10x_md.o(.text)
    CAN1_SCE_IRQHandler                      0x080001b7   Thumb Code     0  startup_stm32f10x_md.o(.text)
    DMA1_Channel1_IRQHandler                 0x080001b7   Thumb Code     0  startup_stm32f10x_md.o(.text)
    DMA1_Channel2_IRQHandler                 0x080001b7   Thumb Code     0  startup_stm32f10x_md.o(.text)
    DMA1_Channel3_IRQHandler                 0x080001b7   Thumb Code     0  startup_stm32f10x_md.o(.text)
    DMA1_Channel4_IRQHandler                 0x080001b7   Thumb Code     0  startup_stm32f10x_md.o(.text)
    DMA1_Channel5_IRQHandler                 0x080001b7   Thumb Code     0  startup_stm32f10x_md.o(.text)
    DMA1_Channel6_IRQHandler                 0x080001b7   Thumb Code     0  startup_stm32f10x_md.o(.text)
    DMA1_Channel7_IRQHandler                 0x080001b7   Thumb Code     0  startup_stm32f10x_md.o(.text)
    EXTI0_IRQHandler                         0x080001b7   Thumb Code     0  startup_stm32f10x_md.o(.text)
    EXTI15_10_IRQHandler                     0x080001b7   Thumb Code     0  startup_stm32f10x_md.o(.text)
    EXTI1_IRQHandler                         0x080001b7   Thumb Code     0  startup_stm32f10x_md.o(.text)
    EXTI2_IRQHandler                         0x080001b7   Thumb Code     0  startup_stm32f10x_md.o(.text)
    EXTI3_IRQHandler                         0x080001b7   Thumb Code     0  startup_stm32f10x_md.o(.text)
    EXTI4_IRQHandler                         0x080001b7   Thumb Code     0  startup_stm32f10x_md.o(.text)
    EXTI9_5_IRQHandler                       0x080001b7   Thumb Code     0  startup_stm32f10x_md.o(.text)
    FLASH_IRQHandler                         0x080001b7   Thumb Code     0  startup_stm32f10x_md.o(.text)
    I2C1_ER_IRQHandler                       0x080001b7   Thumb Code     0  startup_stm32f10x_md.o(.text)
    I2C1_EV_IRQHandler                       0x080001b7   Thumb Code     0  startup_stm32f10x_md.o(.text)
    I2C2_ER_IRQHandler                       0x080001b7   Thumb Code     0  startup_stm32f10x_md.o(.text)
    I2C2_EV_IRQHandler                       0x080001b7   Thumb Code     0  startup_stm32f10x_md.o(.text)
    PVD_IRQHandler                           0x080001b7   Thumb Code     0  startup_stm32f10x_md.o(.text)
    RCC_IRQHandler                           0x080001b7   Thumb Code     0  startup_stm32f10x_md.o(.text)
    RTCAlarm_IRQHandler                      0x080001b7   Thumb Code     0  startup_stm32f10x_md.o(.text)
    RTC_IRQHandler                           0x080001b7   Thumb Code     0  startup_stm32f10x_md.o(.text)
    SPI1_IRQHandler                          0x080001b7   Thumb Code     0  startup_stm32f10x_md.o(.text)
    SPI2_IRQHandler                          0x080001b7   Thumb Code     0  startup_stm32f10x_md.o(.text)
    TAMPER_IRQHandler                        0x080001b7   Thumb Code     0  startup_stm32f10x_md.o(.text)
    TIM1_BRK_IRQHandler                      0x080001b7   Thumb Code     0  startup_stm32f10x_md.o(.text)
    TIM1_CC_IRQHandler                       0x080001b7   Thumb Code     0  startup_stm32f10x_md.o(.text)
    TIM1_TRG_COM_IRQHandler                  0x080001b7   Thumb Code     0  startup_stm32f10x_md.o(.text)
    TIM1_UP_IRQHandler                       0x080001b7   Thumb Code     0  startup_stm32f10x_md.o(.text)
    TIM2_IRQHandler                          0x080001b7   Thumb Code     0  startup_stm32f10x_md.o(.text)
    TIM3_IRQHandler                          0x080001b7   Thumb Code     0  startup_stm32f10x_md.o(.text)
    TIM4_IRQHandler                          0x080001b7   Thumb Code     0  startup_stm32f10x_md.o(.text)
    USART2_IRQHandler                        0x080001b7   Thumb Code     0  startup_stm32f10x_md.o(.text)
    USART3_IRQHandler                        0x080001b7   Thumb Code     0  startup_stm32f10x_md.o(.text)
    USBWakeUp_IRQHandler                     0x080001b7   Thumb Code     0  startup_stm32f10x_md.o(.text)
    USB_HP_CAN1_TX_IRQHandler                0x080001b7   Thumb Code     0  startup_stm32f10x_md.o(.text)
    USB_LP_CAN1_RX0_IRQHandler               0x080001b7   Thumb Code     0  startup_stm32f10x_md.o(.text)
    WWDG_IRQHandler                          0x080001b7   Thumb Code     0  startup_stm32f10x_md.o(.text)
    __user_initial_stackheap                 0x080001b9   Thumb Code     0  startup_stm32f10x_md.o(.text)
    __2printf                                0x080001dd   Thumb Code    20  noretval__2printf.o(.text)
    _printf_pre_padding                      0x080001f5   Thumb Code    44  _printf_pad.o(.text)
    _printf_post_padding                     0x08000221   Thumb Code    34  _printf_pad.o(.text)
    _printf_str                              0x08000243   Thumb Code    82  _printf_str.o(.text)
    _printf_int_dec                          0x08000295   Thumb Code   104  _printf_dec.o(.text)
    _printf_int_hex                          0x0800030d   Thumb Code    84  _printf_hex_int.o(.text)
    _printf_longlong_hex                     0x0800030d   Thumb Code     0  _printf_hex_int.o(.text)
    __printf                                 0x08000365   Thumb Code   388  __printf_flags_ss_wp.o(.text)
    puts                                     0x080004ed   Thumb Code    40  puts.o(.text)
    __aeabi_memset                           0x08000519   Thumb Code    16  aeabi_memset.o(.text)
    __use_two_region_memory                  0x08000529   Thumb Code     2  heapauxi.o(.text)
    __rt_heap_escrow$2region                 0x0800052b   Thumb Code     2  heapauxi.o(.text)
    __rt_heap_expand$2region                 0x0800052d   Thumb Code     2  heapauxi.o(.text)
    _printf_int_common                       0x0800052f   Thumb Code   178  _printf_intcommon.o(.text)
    _printf_char_common                      0x080005eb   Thumb Code    32  _printf_char_common.o(.text)
    _printf_cs_common                        0x08000611   Thumb Code    20  _printf_char.o(.text)
    _printf_char                             0x08000625   Thumb Code    16  _printf_char.o(.text)
    _printf_string                           0x08000635   Thumb Code     8  _printf_char.o(.text)
    _printf_char_file                        0x0800063d   Thumb Code    32  _printf_char_file.o(.text)
    __aeabi_memclr                           0x08000661   Thumb Code     0  rt_memclr.o(.text)
    __rt_memclr                              0x08000661   Thumb Code     0  rt_memclr.o(.text)
    _memset                                  0x08000665   Thumb Code    64  rt_memclr.o(.text)
    ferror                                   0x080006a5   Thumb Code     8  ferror.o(.text)
    __aeabi_memclr4                          0x080006ad   Thumb Code     0  rt_memclr_w.o(.text)
    __aeabi_memclr8                          0x080006ad   Thumb Code     0  rt_memclr_w.o(.text)
    __rt_memclr_w                            0x080006ad   Thumb Code     0  rt_memclr_w.o(.text)
    _memset_w                                0x080006b1   Thumb Code    74  rt_memclr_w.o(.text)
    __user_setup_stackheap                   0x080006fb   Thumb Code    74  sys_stackheap_outer.o(.text)
    exit                                     0x08000745   Thumb Code    18  exit.o(.text)
    __user_libspace                          0x08000759   Thumb Code     8  libspace.o(.text)
    __user_perproc_libspace                  0x08000759   Thumb Code     0  libspace.o(.text)
    __user_perthread_libspace                0x08000759   Thumb Code     0  libspace.o(.text)
    _sys_exit                                0x08000761   Thumb Code     8  sys_exit.o(.text)
    __I$use$semihosting                      0x0800076d   Thumb Code     0  use_no_semi.o(.text)
    __use_no_semihosting_swi                 0x0800076d   Thumb Code     2  use_no_semi.o(.text)
    __semihosting_library_function           0x0800076f   Thumb Code     0  indicate_semi.o(.text)
    GPIO_Init                                0x08000771   Thumb Code   176  stm32f10x_gpio.o(.text.GPIO_Init)
    MSD0_GetCardInfo                         0x08000821   Thumb Code   620  spi_msd0_driver.o(.text.MSD0_GetCardInfo)
    MSD0_Init                                0x08000a8d   Thumb Code   448  spi_msd0_driver.o(.text.MSD0_Init)
    MSD0_ReadMultiBlock                      0x08000c4d   Thumb Code   130  spi_msd0_driver.o(.text.MSD0_ReadMultiBlock)
    MSD0_ReadSingleBlock                     0x08000cd1   Thumb Code    72  spi_msd0_driver.o(.text.MSD0_ReadSingleBlock)
    MSD0_SPIHighSpeed                        0x08000d19   Thumb Code    62  spi_msd0_driver.o(.text.MSD0_SPIHighSpeed)
    MSD0_SPI_Configuration                   0x08000d59   Thumb Code    94  spi_msd0_driver.o(.text.MSD0_SPI_Configuration)
    MSD0_WriteMultiBlock                     0x08000db9   Thumb Code   276  spi_msd0_driver.o(.text.MSD0_WriteMultiBlock)
    MSD0_WriteSingleBlock                    0x08000ecd   Thumb Code   178  spi_msd0_driver.o(.text.MSD0_WriteSingleBlock)
    MSD0_read_buffer                         0x08000f81   Thumb Code   126  spi_msd0_driver.o(.text.MSD0_read_buffer)
    MSD0_send_command                        0x08001001   Thumb Code   108  spi_msd0_driver.o(.text.MSD0_send_command)
    MSD0_send_command_hold                   0x0800106d   Thumb Code    96  spi_msd0_driver.o(.text.MSD0_send_command_hold)
    MSD0_spi_read_write                      0x080010cd   Thumb Code    26  spi_msd0_driver.o(.text.MSD0_spi_read_write)
    RCC_APB2PeriphClockCmd                   0x080010e9   Thumb Code    24  stm32f10x_rcc.o(.text.RCC_APB2PeriphClockCmd)
    RCC_GetClocksFreq                        0x08001101   Thumb Code   160  stm32f10x_rcc.o(.text.RCC_GetClocksFreq)
    SD_getFileSize                           0x080011a1   Thumb Code    38  lib_sd.o(.text.SD_getFileSize)
    SPI_Cmd                                  0x080011c9   Thumb Code    20  stm32f10x_spi.o(.text.SPI_Cmd)
    SPI_Init                                 0x080011dd   Thumb Code    70  stm32f10x_spi.o(.text.SPI_Init)
    SystemInit                               0x080012ed   Thumb Code    86  system_stm32f10x.o(.text.SystemInit)
    USART1_IRQHandler                        0x08001345   Thumb Code   112  usart.o(.text.USART1_IRQHandler)
    USART_ClearITPendingBit                  0x080013b5   Thumb Code    14  stm32f10x_usart.o(.text.USART_ClearITPendingBit)
    USART_Cmd                                0x080013c5   Thumb Code    20  stm32f10x_usart.o(.text.USART_Cmd)
    USART_GetFlagStatus                      0x080013d9   Thumb Code    10  stm32f10x_usart.o(.text.USART_GetFlagStatus)
    USART_GetITStatus                        0x080013e5   Thumb Code    48  stm32f10x_usart.o(.text.USART_GetITStatus)
    USART_ITConfig                           0x08001415   Thumb Code    46  stm32f10x_usart.o(.text.USART_ITConfig)
    USART_Init                               0x08001445   Thumb Code   182  stm32f10x_usart.o(.text.USART_Init)
    USART_ReceiveData                        0x080014fd   Thumb Code     8  stm32f10x_usart.o(.text.USART_ReceiveData)
    USART_SendData                           0x08001505   Thumb Code     8  stm32f10x_usart.o(.text.USART_SendData)
    clust2sect                               0x080017b9   Thumb Code    24  ff.o(.text.clust2sect)
    db_DEBUG_Init                            0x08001b29   Thumb Code   134  usart.o(.text.db_DEBUG_Init)
    db_DEBUG_SendChar                        0x08001bb1   Thumb Code    34  usart.o(.text.db_DEBUG_SendChar)
    disk_initialize                          0x0800201d   Thumb Code    32  diskio.o(.text.disk_initialize)
    disk_ioctl                               0x0800203d   Thumb Code    70  diskio.o(.text.disk_ioctl)
    disk_read                                0x08002085   Thumb Code    48  diskio.o(.text.disk_read)
    disk_status                              0x080020b5   Thumb Code    12  diskio.o(.text.disk_status)
    disk_write                               0x080020c1   Thumb Code    48  diskio.o(.text.disk_write)
    f_close                                  0x080020f1   Thumb Code    18  ff.o(.text.f_close)
    f_lseek                                  0x08002105   Thumb Code   332  ff.o(.text.f_lseek)
    f_mount                                  0x08002251   Thumb Code    44  ff.o(.text.f_mount)
    f_open                                   0x0800227d   Thumb Code   326  ff.o(.text.f_open)
    f_read                                   0x080023c5   Thumb Code   392  ff.o(.text.f_read)
    f_sync                                   0x0800254d   Thumb Code   156  ff.o(.text.f_sync)
    f_write                                  0x080025e9   Thumb Code   430  ff.o(.text.f_write)
    ff_convert                               0x08002799   Thumb Code    74  ccsbcs.o(.text.ff_convert)
    ff_wtoupper                              0x080027e5   Thumb Code    44  ccsbcs.o(.text.ff_wtoupper)
    fputc                                    0x080029cd   Thumb Code    14  usart.o(.text.fputc)
    gen_numname                              0x080029dd   Thumb Code   134  ff.o(.text.gen_numname)
    get_fat                                  0x08002a65   Thumb Code   202  ff.o(.text.get_fat)
    get_fattime                              0x08002b31   Thumb Code     4  diskio.o(.text.get_fattime)
    janpatch                                 0x08002b35   Thumb Code   592  main.o(.text.janpatch)
    main                                     0x08002fc5   Thumb Code   236  main.o(.text.main)
    put_fat                                  0x08003289   Thumb Code   264  ff.o(.text.put_fat)
    sfio_fread                               0x080033fd   Thumb Code    76  main.o(.text.sfio_fread)
    sfio_fseek                               0x08003449   Thumb Code    16  main.o(.text.sfio_fseek)
    sfio_fwrite                              0x08003459   Thumb Code    76  main.o(.text.sfio_fwrite)
    _is_digit                                0x08003569   Thumb Code    14  __printf_wp.o(i._is_digit)
    Region$$Table$$Base                      0x08003bac   Number         0  anon$$obj.o(Region$$Table)
    Region$$Table$$Limit                     0x08003bcc   Number         0  anon$$obj.o(Region$$Table)
    ctx                                      0x20000000   Data          96  main.o(.data.ctx)
    __libspace_start                         0x20000060   Data          96  libspace.o(.bss)
    __temporary_stack_top$libspace           0x200000c0   Data           0  libspace.o(.bss)
    GPIO_init1                               0x200000c8   Data          12  usart.o(.bss.GPIO_init1)
    RRX                                      0x200002d4   Data          80  usart.o(.bss.RRX)
    RXI                                      0x20000324   Data           4  usart.o(.bss.RXI)
    RX_FLAG_END_LINE                         0x20000328   Data           1  usart.o(.bss.RX_FLAG_END_LINE)
    SD0_CardInfo                             0x2000032c   Data          88  spi_msd0_driver.o(.bss.SD0_CardInfo)
    USART_init1                              0x20000384   Data          16  usart.o(.bss.USART_init1)
    __stdout                                 0x20000394   Data          84  usart.o(.bss.__stdout)
    fs                                       0x200003e8   Data         560  main.o(.bss.fs)
    res                                      0x20000a18   Data           4  lib_sd.o(.bss.res)
    temp_char                                0x2000121c   Data           1  usart.o(.bss.temp_char)



==============================================================================

Memory Map of the image

  Image Entry point : 0x080000ed

  Load Region LR_IROM1 (Base: 0x08000000, Size: 0x00003c30, Max: 0x00010000, ABSOLUTE)

    Execution Region ER_IROM1 (Exec base: 0x08000000, Load base: 0x08000000, Size: 0x00003bcc, Max: 0x00010000, ABSOLUTE)

    Exec Addr    Load Addr    Size         Type   Attr      Idx    E Section Name        Object

    0x08000000   0x08000000   0x000000ec   Data   RO          523    RESET               startup_stm32f10x_md.o
    0x080000ec   0x080000ec   0x00000008   Code   RO          621  * !!!main             c_wu.l(__main.o)
    0x080000f4   0x080000f4   0x00000034   Code   RO          805    !!!scatter          c_wu.l(__scatter.o)
    0x08000128   0x08000128   0x0000001a   Code   RO          807    !!handler_copy      c_wu.l(__scatter_copy.o)
    0x08000142   0x08000142   0x00000002   PAD
    0x08000144   0x08000144   0x0000001c   Code   RO          809    !!handler_zi        c_wu.l(__scatter_zi.o)
    0x08000160   0x08000160   0x00000000   Code   RO          610    .ARM.Collect$$_printf_percent$$00000000  c_wu.l(_printf_percent.o)
    0x08000160   0x08000160   0x00000006   Code   RO          609    .ARM.Collect$$_printf_percent$$00000009  c_wu.l(_printf_d.o)
    0x08000166   0x08000166   0x00000006   Code   RO          608    .ARM.Collect$$_printf_percent$$0000000C  c_wu.l(_printf_x.o)
    0x0800016c   0x0800016c   0x00000006   Code   RO          607    .ARM.Collect$$_printf_percent$$00000014  c_wu.l(_printf_s.o)
    0x08000172   0x08000172   0x00000004   Code   RO          634    .ARM.Collect$$_printf_percent$$00000017  c_wu.l(_printf_percent_end.o)
    0x08000176   0x08000176   0x00000002   Code   RO          669    .ARM.Collect$$libinit$$00000000  c_wu.l(libinit.o)
    0x08000178   0x08000178   0x00000000   Code   RO          676    .ARM.Collect$$libinit$$00000002  c_wu.l(libinit2.o)
    0x08000178   0x08000178   0x00000000   Code   RO          678    .ARM.Collect$$libinit$$00000004  c_wu.l(libinit2.o)
    0x08000178   0x08000178   0x00000000   Code   RO          681    .ARM.Collect$$libinit$$0000000A  c_wu.l(libinit2.o)
    0x08000178   0x08000178   0x00000000   Code   RO          683    .ARM.Collect$$libinit$$0000000C  c_wu.l(libinit2.o)
    0x08000178   0x08000178   0x00000000   Code   RO          685    .ARM.Collect$$libinit$$0000000E  c_wu.l(libinit2.o)
    0x08000178   0x08000178   0x00000000   Code   RO          688    .ARM.Collect$$libinit$$00000011  c_wu.l(libinit2.o)
    0x08000178   0x08000178   0x00000000   Code   RO          690    .ARM.Collect$$libinit$$00000013  c_wu.l(libinit2.o)
    0x08000178   0x08000178   0x00000000   Code   RO          692    .ARM.Collect$$libinit$$00000015  c_wu.l(libinit2.o)
    0x08000178   0x08000178   0x00000000   Code   RO          694    .ARM.Collect$$libinit$$00000017  c_wu.l(libinit2.o)
    0x08000178   0x08000178   0x00000000   Code   RO          696    .ARM.Collect$$libinit$$00000019  c_wu.l(libinit2.o)
    0x08000178   0x08000178   0x00000000   Code   RO          698    .ARM.Collect$$libinit$$0000001B  c_wu.l(libinit2.o)
    0x08000178   0x08000178   0x00000000   Code   RO          700    .ARM.Collect$$libinit$$0000001D  c_wu.l(libinit2.o)
    0x08000178   0x08000178   0x00000000   Code   RO          702    .ARM.Collect$$libinit$$0000001F  c_wu.l(libinit2.o)
    0x08000178   0x08000178   0x00000000   Code   RO          704    .ARM.Collect$$libinit$$00000021  c_wu.l(libinit2.o)
    0x08000178   0x08000178   0x00000000   Code   RO          706    .ARM.Collect$$libinit$$00000023  c_wu.l(libinit2.o)
    0x08000178   0x08000178   0x00000000   Code   RO          708    .ARM.Collect$$libinit$$00000025  c_wu.l(libinit2.o)
    0x08000178   0x08000178   0x00000000   Code   RO          712    .ARM.Collect$$libinit$$0000002C  c_wu.l(libinit2.o)
    0x08000178   0x08000178   0x00000000   Code   RO          714    .ARM.Collect$$libinit$$0000002E  c_wu.l(libinit2.o)
    0x08000178   0x08000178   0x00000000   Code   RO          716    .ARM.Collect$$libinit$$00000030  c_wu.l(libinit2.o)
    0x08000178   0x08000178   0x00000000   Code   RO          718    .ARM.Collect$$libinit$$00000032  c_wu.l(libinit2.o)
    0x08000178   0x08000178   0x00000002   Code   RO          719    .ARM.Collect$$libinit$$00000033  c_wu.l(libinit2.o)
    0x0800017a   0x0800017a   0x00000002   Code   RO          741    .ARM.Collect$$libshutdown$$00000000  c_wu.l(libshutdown.o)
    0x0800017c   0x0800017c   0x00000000   Code   RO          756    .ARM.Collect$$libshutdown$$00000002  c_wu.l(libshutdown2.o)
    0x0800017c   0x0800017c   0x00000000   Code   RO          758    .ARM.Collect$$libshutdown$$00000004  c_wu.l(libshutdown2.o)
    0x0800017c   0x0800017c   0x00000000   Code   RO          761    .ARM.Collect$$libshutdown$$00000007  c_wu.l(libshutdown2.o)
    0x0800017c   0x0800017c   0x00000000   Code   RO          764    .ARM.Collect$$libshutdown$$0000000A  c_wu.l(libshutdown2.o)
    0x0800017c   0x0800017c   0x00000000   Code   RO          766    .ARM.Collect$$libshutdown$$0000000C  c_wu.l(libshutdown2.o)
    0x0800017c   0x0800017c   0x00000000   Code   RO          769    .ARM.Collect$$libshutdown$$0000000F  c_wu.l(libshutdown2.o)
    0x0800017c   0x0800017c   0x00000002   Code   RO          770    .ARM.Collect$$libshutdown$$00000010  c_wu.l(libshutdown2.o)
    0x0800017e   0x0800017e   0x00000000   Code   RO          623    .ARM.Collect$$rtentry$$00000000  c_wu.l(__rtentry.o)
    0x0800017e   0x0800017e   0x00000000   Code   RO          638    .ARM.Collect$$rtentry$$00000002  c_wu.l(__rtentry2.o)
    0x0800017e   0x0800017e   0x00000006   Code   RO          650    .ARM.Collect$$rtentry$$00000004  c_wu.l(__rtentry4.o)
    0x08000184   0x08000184   0x00000000   Code   RO          640    .ARM.Collect$$rtentry$$00000009  c_wu.l(__rtentry2.o)
    0x08000184   0x08000184   0x00000004   Code   RO          641    .ARM.Collect$$rtentry$$0000000A  c_wu.l(__rtentry2.o)
    0x08000188   0x08000188   0x00000000   Code   RO          643    .ARM.Collect$$rtentry$$0000000C  c_wu.l(__rtentry2.o)
    0x08000188   0x08000188   0x00000008   Code   RO          644    .ARM.Collect$$rtentry$$0000000D  c_wu.l(__rtentry2.o)
    0x08000190   0x08000190   0x00000002   Code   RO          673    .ARM.Collect$$rtexit$$00000000  c_wu.l(rtexit.o)
    0x08000192   0x08000192   0x00000000   Code   RO          721    .ARM.Collect$$rtexit$$00000002  c_wu.l(rtexit2.o)
    0x08000192   0x08000192   0x00000004   Code   RO          722    .ARM.Collect$$rtexit$$00000003  c_wu.l(rtexit2.o)
    0x08000196   0x08000196   0x00000006   Code   RO          723    .ARM.Collect$$rtexit$$00000004  c_wu.l(rtexit2.o)
    0x0800019c   0x0800019c   0x00000040   Code   RO          524    .text               startup_stm32f10x_md.o
    0x080001dc   0x080001dc   0x00000018   Code   RO          554    .text               c_wu.l(noretval__2printf.o)
    0x080001f4   0x080001f4   0x0000004e   Code   RO          560    .text               c_wu.l(_printf_pad.o)
    0x08000242   0x08000242   0x00000052   Code   RO          562    .text               c_wu.l(_printf_str.o)
    0x08000294   0x08000294   0x00000078   Code   RO          564    .text               c_wu.l(_printf_dec.o)
    0x0800030c   0x0800030c   0x00000058   Code   RO          569    .text               c_wu.l(_printf_hex_int.o)
    0x08000364   0x08000364   0x00000188   Code   RO          604    .text               c_wu.l(__printf_flags_ss_wp.o)
    0x080004ec   0x080004ec   0x0000002c   Code   RO          611    .text               c_wu.l(puts.o)
    0x08000518   0x08000518   0x00000010   Code   RO          617    .text               c_wu.l(aeabi_memset.o)
    0x08000528   0x08000528   0x00000006   Code   RO          619    .text               c_wu.l(heapauxi.o)
    0x0800052e   0x0800052e   0x000000b2   Code   RO          624    .text               c_wu.l(_printf_intcommon.o)
    0x080005e0   0x080005e0   0x00000030   Code   RO          626    .text               c_wu.l(_printf_char_common.o)
    0x08000610   0x08000610   0x0000002c   Code   RO          630    .text               c_wu.l(_printf_char.o)
    0x0800063c   0x0800063c   0x00000024   Code   RO          632    .text               c_wu.l(_printf_char_file.o)
    0x08000660   0x08000660   0x00000044   Code   RO          635    .text               c_wu.l(rt_memclr.o)
    0x080006a4   0x080006a4   0x00000008   Code   RO          654    .text               c_wu.l(ferror.o)
    0x080006ac   0x080006ac   0x0000004e   Code   RO          658    .text               c_wu.l(rt_memclr_w.o)
    0x080006fa   0x080006fa   0x0000004a   Code   RO          660    .text               c_wu.l(sys_stackheap_outer.o)
    0x08000744   0x08000744   0x00000012   Code   RO          662    .text               c_wu.l(exit.o)
    0x08000756   0x08000756   0x00000002   PAD
    0x08000758   0x08000758   0x00000008   Code   RO          670    .text               c_wu.l(libspace.o)
    0x08000760   0x08000760   0x0000000c   Code   RO          731    .text               c_wu.l(sys_exit.o)
    0x0800076c   0x0800076c   0x00000002   Code   RO          746    .text               c_wu.l(use_no_semi.o)
    0x0800076e   0x0800076e   0x00000000   Code   RO          748    .text               c_wu.l(indicate_semi.o)
    0x0800076e   0x0800076e   0x00000002   PAD
    0x08000770   0x08000770   0x000000b0   Code   RO          288    .text.GPIO_Init     stm32f10x_gpio.o
    0x08000820   0x08000820   0x0000026c   Code   RO           14    .text.MSD0_GetCardInfo  spi_msd0_driver.o
    0x08000a8c   0x08000a8c   0x000001c0   Code   RO            8    .text.MSD0_Init     spi_msd0_driver.o
    0x08000c4c   0x08000c4c   0x00000082   Code   RO           20    .text.MSD0_ReadMultiBlock  spi_msd0_driver.o
    0x08000cce   0x08000cce   0x00000002   PAD
    0x08000cd0   0x08000cd0   0x00000048   Code   RO           18    .text.MSD0_ReadSingleBlock  spi_msd0_driver.o
    0x08000d18   0x08000d18   0x0000003e   Code   RO            6    .text.MSD0_SPIHighSpeed  spi_msd0_driver.o
    0x08000d56   0x08000d56   0x00000002   PAD
    0x08000d58   0x08000d58   0x0000005e   Code   RO            4    .text.MSD0_SPI_Configuration  spi_msd0_driver.o
    0x08000db6   0x08000db6   0x00000002   PAD
    0x08000db8   0x08000db8   0x00000114   Code   RO           24    .text.MSD0_WriteMultiBlock  spi_msd0_driver.o
    0x08000ecc   0x08000ecc   0x000000b2   Code   RO           22    .text.MSD0_WriteSingleBlock  spi_msd0_driver.o
    0x08000f7e   0x08000f7e   0x00000002   PAD
    0x08000f80   0x08000f80   0x0000007e   Code   RO           16    .text.MSD0_read_buffer  spi_msd0_driver.o
    0x08000ffe   0x08000ffe   0x00000002   PAD
    0x08001000   0x08001000   0x0000006c   Code   RO           10    .text.MSD0_send_command  spi_msd0_driver.o
    0x0800106c   0x0800106c   0x00000060   Code   RO           12    .text.MSD0_send_command_hold  spi_msd0_driver.o
    0x080010cc   0x080010cc   0x0000001a   Code   RO            2    .text.MSD0_spi_read_write  spi_msd0_driver.o
    0x080010e6   0x080010e6   0x00000002   PAD
    0x080010e8   0x080010e8   0x00000018   Code   RO          372    .text.RCC_APB2PeriphClockCmd  stm32f10x_rcc.o
    0x08001100   0x08001100   0x000000a0   Code   RO          368    .text.RCC_GetClocksFreq  stm32f10x_rcc.o
    0x080011a0   0x080011a0   0x00000026   Code   RO          176    .text.SD_getFileSize  lib_sd.o
    0x080011c6   0x080011c6   0x00000002   PAD
    0x080011c8   0x080011c8   0x00000014   Code   RO          412    .text.SPI_Cmd       stm32f10x_spi.o
    0x080011dc   0x080011dc   0x00000046   Code   RO          404    .text.SPI_Init      stm32f10x_spi.o
    0x08001222   0x08001222   0x00000002   PAD
    0x08001224   0x08001224   0x00000008   Code   RO          533    .text.SetSysClock   system_stm32f10x.o
    0x0800122c   0x0800122c   0x000000be   Code   RO          537    .text.SetSysClockTo72  system_stm32f10x.o
    0x080012ea   0x080012ea   0x00000002   PAD
    0x080012ec   0x080012ec   0x00000056   Code   RO          531    .text.SystemInit    system_stm32f10x.o
    0x08001342   0x08001342   0x00000002   PAD
    0x08001344   0x08001344   0x00000070   Code   RO          248    .text.USART1_IRQHandler  usart.o
    0x080013b4   0x080013b4   0x0000000e   Code   RO          512    .text.USART_ClearITPendingBit  stm32f10x_usart.o
    0x080013c2   0x080013c2   0x00000002   PAD
    0x080013c4   0x080013c4   0x00000014   Code   RO          466    .text.USART_Cmd     stm32f10x_usart.o
    0x080013d8   0x080013d8   0x0000000a   Code   RO          506    .text.USART_GetFlagStatus  stm32f10x_usart.o
    0x080013e2   0x080013e2   0x00000002   PAD
    0x080013e4   0x080013e4   0x00000030   Code   RO          510    .text.USART_GetITStatus  stm32f10x_usart.o
    0x08001414   0x08001414   0x0000002e   Code   RO          468    .text.USART_ITConfig  stm32f10x_usart.o
    0x08001442   0x08001442   0x00000002   PAD
    0x08001444   0x08001444   0x000000b6   Code   RO          458    .text.USART_Init    stm32f10x_usart.o
    0x080014fa   0x080014fa   0x00000002   PAD
    0x080014fc   0x080014fc   0x00000008   Code   RO          484    .text.USART_ReceiveData  stm32f10x_usart.o
    0x08001504   0x08001504   0x00000008   Code   RO          482    .text.USART_SendData  stm32f10x_usart.o
    0x0800150c   0x0800150c   0x0000000e   Code   RO          236    .text.__NVIC_EnableIRQ  usart.o
    0x0800151a   0x0800151a   0x00000002   PAD
    0x0800151c   0x0800151c   0x0000006a   Code   RO          141    .text.check_fs      ff.o
    0x08001586   0x08001586   0x00000002   PAD
    0x08001588   0x08001588   0x00000012   Code   RO          147    .text.chk_chr       ff.o
    0x0800159a   0x0800159a   0x00000002   PAD
    0x0800159c   0x0800159c   0x0000021a   Code   RO           85    .text.chk_mounted   ff.o
    0x080017b6   0x080017b6   0x00000002   PAD
    0x080017b8   0x080017b8   0x00000018   Code   RO           69    .text.clust2sect    ff.o
    0x080017d0   0x080017d0   0x0000007e   Code   RO          149    .text.cmp_lfn       ff.o
    0x0800184e   0x0800184e   0x00000002   PAD
    0x08001850   0x08001850   0x000000ac   Code   RO           99    .text.create_chain  ff.o
    0x080018fc   0x080018fc   0x0000022c   Code   RO          143    .text.create_name   ff.o
    0x08001b28   0x08001b28   0x00000086   Code   RO          234    .text.db_DEBUG_Init  usart.o
    0x08001bae   0x08001bae   0x00000002   PAD
    0x08001bb0   0x08001bb0   0x00000022   Code   RO          232    .text.db_DEBUG_SendChar  usart.o
    0x08001bd2   0x08001bd2   0x00000002   PAD
    0x08001bd4   0x08001bd4   0x000000c2   Code   RO          145    .text.dir_find      ff.o
    0x08001c96   0x08001c96   0x00000002   PAD
    0x08001c98   0x08001c98   0x00000138   Code   RO          119    .text.dir_next      ff.o
    0x08001dd0   0x08001dd0   0x000001ae   Code   RO           89    .text.dir_register  ff.o
    0x08001f7e   0x08001f7e   0x00000002   PAD
    0x08001f80   0x08001f80   0x0000009c   Code   RO          111    .text.dir_sdi       ff.o
    0x0800201c   0x0800201c   0x00000020   Code   RO           49    .text.disk_initialize  diskio.o
    0x0800203c   0x0800203c   0x00000046   Code   RO           57    .text.disk_ioctl    diskio.o
    0x08002082   0x08002082   0x00000002   PAD
    0x08002084   0x08002084   0x00000030   Code   RO           53    .text.disk_read     diskio.o
    0x080020b4   0x080020b4   0x0000000c   Code   RO           51    .text.disk_status   diskio.o
    0x080020c0   0x080020c0   0x00000030   Code   RO           55    .text.disk_write    diskio.o
    0x080020f0   0x080020f0   0x00000012   Code   RO          105    .text.f_close       ff.o
    0x08002102   0x08002102   0x00000002   PAD
    0x08002104   0x08002104   0x0000014c   Code   RO          107    .text.f_lseek       ff.o
    0x08002250   0x08002250   0x0000002c   Code   RO           81    .text.f_mount       ff.o
    0x0800227c   0x0800227c   0x00000146   Code   RO           83    .text.f_open        ff.o
    0x080023c2   0x080023c2   0x00000002   PAD
    0x080023c4   0x080023c4   0x00000188   Code   RO           93    .text.f_read        ff.o
    0x0800254c   0x0800254c   0x0000009c   Code   RO          101    .text.f_sync        ff.o
    0x080025e8   0x080025e8   0x000001ae   Code   RO           97    .text.f_write       ff.o
    0x08002796   0x08002796   0x00000002   PAD
    0x08002798   0x08002798   0x0000004a   Code   RO           35    .text.ff_convert    ccsbcs.o
    0x080027e2   0x080027e2   0x00000002   PAD
    0x080027e4   0x080027e4   0x0000002c   Code   RO           37    .text.ff_wtoupper   ccsbcs.o
    0x08002810   0x08002810   0x000000b0   Code   RO          192    .text.find_length   main.o
    0x080028c0   0x080028c0   0x0000006e   Code   RO          155    .text.fit_lfn       ff.o
    0x0800292e   0x0800292e   0x00000002   PAD
    0x08002930   0x08002930   0x0000009a   Code   RO           87    .text.follow_path   ff.o
    0x080029ca   0x080029ca   0x00000002   PAD
    0x080029cc   0x080029cc   0x0000000e   Code   RO          230    .text.fputc         usart.o
    0x080029da   0x080029da   0x00000002   PAD
    0x080029dc   0x080029dc   0x00000086   Code   RO           77    .text.gen_numname   ff.o
    0x08002a62   0x08002a62   0x00000002   PAD
    0x08002a64   0x08002a64   0x000000ca   Code   RO           71    .text.get_fat       ff.o
    0x08002b2e   0x08002b2e   0x00000002   PAD
    0x08002b30   0x08002b30   0x00000004   Code   RO           59    .text.get_fattime   diskio.o
    0x08002b34   0x08002b34   0x000002d4   Code   RO          188    .text.janpatch      main.o
    0x08002e08   0x08002e08   0x0000005c   Code   RO          200    .text.jp_final_flush  main.o
    0x08002e64   0x08002e64   0x0000002e   Code   RO          210    .text.jp_fread      main.o
    0x08002e92   0x08002e92   0x00000002   PAD
    0x08002e94   0x08002e94   0x0000000c   Code   RO          198    .text.jp_fseek      main.o
    0x08002ea0   0x08002ea0   0x0000002e   Code   RO          212    .text.jp_fwrite     main.o
    0x08002ece   0x08002ece   0x00000002   PAD
    0x08002ed0   0x08002ed0   0x00000066   Code   RO          190    .text.jp_getc       main.o
    0x08002f36   0x08002f36   0x00000002   PAD
    0x08002f38   0x08002f38   0x0000008a   Code   RO          194    .text.jp_putc       main.o
    0x08002fc2   0x08002fc2   0x00000002   PAD
    0x08002fc4   0x08002fc4   0x0000011c   Code   RO          208    .text.main          main.o
    0x080030e0   0x080030e0   0x00000022   Code   RO          153    .text.mem_cmp       ff.o
    0x08003102   0x08003102   0x00000002   PAD
    0x08003104   0x08003104   0x0000001a   Code   RO           79    .text.mem_cpy       ff.o
    0x0800311e   0x0800311e   0x00000002   PAD
    0x08003120   0x08003120   0x00000018   Code   RO          133    .text.mem_set       ff.o
    0x08003138   0x08003138   0x00000082   Code   RO           73    .text.move_window   ff.o
    0x080031ba   0x080031ba   0x00000002   PAD
    0x080031bc   0x080031bc   0x000000ca   Code   RO          196    .text.process_mod   main.o
    0x08003286   0x08003286   0x00000002   PAD
    0x08003288   0x08003288   0x00000108   Code   RO           75    .text.put_fat       ff.o
    0x08003390   0x08003390   0x0000006c   Code   RO           91    .text.remove_chain  ff.o
    0x080033fc   0x080033fc   0x0000004c   Code   RO          202    .text.sfio_fread    main.o
    0x08003448   0x08003448   0x00000010   Code   RO          206    .text.sfio_fseek    main.o
    0x08003458   0x08003458   0x0000004c   Code   RO          204    .text.sfio_fwrite   main.o
    0x080034a4   0x080034a4   0x00000024   Code   RO          151    .text.sum_sfn       ff.o
    0x080034c8   0x080034c8   0x0000007a   Code   RO          103    .text.sync          ff.o
    0x08003542   0x08003542   0x00000002   PAD
    0x08003544   0x08003544   0x00000024   Code   RO           95    .text.validate      ff.o
    0x08003568   0x08003568   0x0000000e   Code   RO          597    i._is_digit         c_wu.l(__printf_wp.o)
    0x08003576   0x08003576   0x00000028   Data   RO          570    .constdata          c_wu.l(_printf_hex_int.o)
    0x0800359e   0x0800359e   0x00000011   Data   RO          605    .constdata          c_wu.l(__printf_flags_ss_wp.o)
    0x080035af   0x080035af   0x00000004   Data   RO          393    .rodata.ADCPrescTable  stm32f10x_rcc.o
    0x080035b3   0x080035b3   0x00000010   Data   RO          392    .rodata.APBAHBPrescTable  stm32f10x_rcc.o
    0x080035c3   0x080035c3   0x0000000d   Data   RO          163    .rodata.LfnOfs      ff.o
    0x080035d0   0x080035d0   0x00000100   Data   RO           39    .rodata.Tbl         ccsbcs.o
    0x080036d0   0x080036d0   0x00000080   Data   RO          162    .rodata.create_name.excvt  ff.o
    0x08003750   0x08003750   0x00000099   Data   RO          214    .rodata.str1.1      main.o
    0x080037e9   0x080037e9   0x00000001   PAD
    0x080037ea   0x080037ea   0x000003c0   Data   RO           40    .rodata.str2.2      ccsbcs.o
    0x08003baa   0x08003baa   0x00000002   PAD
    0x08003bac   0x08003bac   0x00000020   Data   RO          804    Region$$Table       anon$$obj.o


    Execution Region RW_IRAM1 (Exec base: 0x20000000, Load base: 0x08003bd0, Size: 0x00001820, Max: 0x00005000, ABSOLUTE)

    Exec Addr    Load Addr    Size         Type   Attr      Idx    E Section Name        Object

    0x20000000   0x08003bd0   0x00000060   Data   RW          219    .data.ctx           main.o
    0x20000060        -       0x00000060   Zero   RW          671    .bss                c_wu.l(libspace.o)
    0x200000c0        -       0x00000004   Zero   RW          159    .bss.FatFs          ff.o
    0x200000c4        -       0x00000002   Zero   RW          161    .bss.Fsid           ff.o
    0x200000c6   0x08003c30   0x00000002   PAD
    0x200000c8        -       0x0000000c   Zero   RW          252    .bss.GPIO_init1     usart.o
    0x200000d4        -       0x00000200   Zero   RW          160    .bss.LfnBuf         ff.o
    0x200002d4        -       0x00000050   Zero   RW          254    .bss.RRX            usart.o
    0x20000324        -       0x00000004   Zero   RW          251    .bss.RXI            usart.o
    0x20000328        -       0x00000001   Zero   RW          250    .bss.RX_FLAG_END_LINE  usart.o
    0x20000329   0x08003c30   0x00000003   PAD
    0x2000032c        -       0x00000058   Zero   RW           26    .bss.SD0_CardInfo   spi_msd0_driver.o
    0x20000384        -       0x00000010   Zero   RW          253    .bss.USART_init1    usart.o
    0x20000394        -       0x00000054   Zero   RW          257    .bss.__stdout       usart.o
    0x200003e8        -       0x00000230   Zero   RW          220    .bss.fs             main.o
    0x20000618        -       0x00000400   Zero   RW          218    .bss.patch_buf      main.o
    0x20000a18        -       0x00000004   Zero   RW          179    .bss.res            lib_sd.o
    0x20000a1c        -       0x00000400   Zero   RW          216    .bss.source_buf     main.o
    0x20000e1c        -       0x00000400   Zero   RW          217    .bss.target_buf     main.o
    0x2000121c        -       0x00000001   Zero   RW          256    .bss.temp_char      usart.o
    0x2000121d   0x08003c30   0x00000003   PAD
    0x20001220        -       0x00000200   Zero   RW          522    HEAP                startup_stm32f10x_md.o
    0x20001420        -       0x00000400   Zero   RW          521    STACK               startup_stm32f10x_md.o


==============================================================================

Image component sizes


      Code (inc. data)   RO Data    RW Data    ZI Data      Debug   Object Name

       118          0       1216          0          0       1330   ccsbcs.o
       214          0          0          0          0       2837   diskio.o
      5710         32        141          0        518      31269   ff.o
        38          0          0          0          4       3506   lib_sd.o
      1990        230        153         96       3632       9203   main.o
      2236          0          0          0         88       9926   spi_msd0_driver.o
        64         26        236          0       1536        860   startup_stm32f10x_md.o
       176          0          0          0          0       6204   stm32f10x_gpio.o
       184          0         20          0          0       8120   stm32f10x_rcc.o
        90          0          0          0          0       7532   stm32f10x_spi.o
       336          0          0          0          0       8702   stm32f10x_usart.o
       284          0          0          0          0       2892   system_stm32f10x.o
       308          0          0          0        198       5804   usart.o

    ----------------------------------------------------------------------
     11832        288       1801         96       5984      98185   Object Totals
         0          0         32          0          0          0   (incl. Generated)
        84          0          3          0          8          0   (incl. Padding)

    ----------------------------------------------------------------------

      Code (inc. data)   RO Data    RW Data    ZI Data      Debug   Library Member Name

         8          0          0          0          0         68   __main.o
       392          4         17          0          0         92   __printf_flags_ss_wp.o
        14          0          0          0          0         68   __printf_wp.o
         0          0          0          0          0          0   __rtentry.o
        12          0          0          0          0          0   __rtentry2.o
         6          0          0          0          0          0   __rtentry4.o
        52          8          0          0          0          0   __scatter.o
        26          0          0          0          0          0   __scatter_copy.o
        28          0          0          0          0          0   __scatter_zi.o
        44          0          0          0          0        108   _printf_char.o
        48          6          0          0          0         96   _printf_char_common.o
        36          4          0          0          0         80   _printf_char_file.o
         6          0          0          0          0          0   _printf_d.o
       120         16          0          0          0         92   _printf_dec.o
        88          4         40          0          0         88   _printf_hex_int.o
       178          0          0          0          0         88   _printf_intcommon.o
        78          0          0          0          0        108   _printf_pad.o
         0          0          0          0          0          0   _printf_percent.o
         4          0          0          0          0          0   _printf_percent_end.o
         6          0          0          0          0          0   _printf_s.o
        82          0          0          0          0         80   _printf_str.o
         6          0          0          0          0          0   _printf_x.o
        16          0          0          0          0         68   aeabi_memset.o
        18          0          0          0          0         80   exit.o
         8          0          0          0          0         68   ferror.o
         6          0          0          0          0        152   heapauxi.o
         0          0          0          0          0          0   indicate_semi.o
         2          0          0          0          0          0   libinit.o
         2          0          0          0          0          0   libinit2.o
         2          0          0          0          0          0   libshutdown.o
         2          0          0          0          0          0   libshutdown2.o
         8          4          0          0         96         68   libspace.o
        24          4          0          0          0         84   noretval__2printf.o
        44          4          0          0          0         84   puts.o
        68          0          0          0          0         68   rt_memclr.o
        78          0          0          0          0         80   rt_memclr_w.o
         2          0          0          0          0          0   rtexit.o
        10          0          0          0          0          0   rtexit2.o
        12          4          0          0          0         68   sys_exit.o
        74          0          0          0          0         80   sys_stackheap_outer.o
         2          0          0          0          0         68   use_no_semi.o

    ----------------------------------------------------------------------
      1618         58         57          0         96       1936   Library Totals
         6          0          0          0          0          0   (incl. Padding)

    ----------------------------------------------------------------------

      Code (inc. data)   RO Data    RW Data    ZI Data      Debug   Library Name

      1612         58         57          0         96       1936   c_wu.l

    ----------------------------------------------------------------------
      1618         58         57          0         96       1936   Library Totals

    ----------------------------------------------------------------------

==============================================================================


      Code (inc. data)   RO Data    RW Data    ZI Data      Debug   

     13450        346       1858         96       6080      98961   Grand Totals
     13450        346       1858         96       6080      98961   ELF Image Totals
     13450        346       1858         96          0          0   ROM Totals

==============================================================================

    Total RO  Size (Code + RO Data)                15308 (  14.95kB)
    Total RW  Size (RW Data + ZI Data)              6176 (   6.03kB)
    Total ROM Size (Code + RO Data + RW Data)      15404 (  15.04kB)

==============================================================================

