Component: ARM Compiler 5.06 update 7 (build 960) Tool: armlink [4d3601]

==============================================================================

Section Cross References

    delay.o(i.Fn_DELAY_Init) refers to delay.o(.data) for fac_us
    delay.o(i.Fn_DELAY_ms) refers to delay.o(.data) for fac_ms
    delay.o(i.Fn_DELAY_us) refers to delay.o(.data) for fac_us
    main.o(i.ADC_Config) refers to stm32f10x_rcc.o(i.RCC_ADCCLKConfig) for RCC_ADCCLKConfig
    main.o(i.ADC_Config) refers to stm32f10x_rcc.o(i.RCC_APB2PeriphClockCmd) for RCC_APB2PeriphClockCmd
    main.o(i.ADC_Config) refers to stm32f10x_adc.o(i.ADC_Init) for ADC_Init
    main.o(i.ADC_Config) refers to stm32f10x_adc.o(i.ADC_RegularChannelConfig) for ADC_RegularChannelConfig
    main.o(i.ADC_Config) refers to stm32f10x_adc.o(i.ADC_Cmd) for ADC_Cmd
    main.o(i.ADC_Config) refers to stm32f10x_adc.o(i.ADC_TempSensorVrefintCmd) for ADC_TempSensorVrefintCmd
    main.o(i.ADC_Config) refers to stm32f10x_adc.o(i.ADC_ResetCalibration) for ADC_ResetCalibration
    main.o(i.ADC_Config) refers to stm32f10x_adc.o(i.ADC_GetResetCalibrationStatus) for ADC_GetResetCalibrationStatus
    main.o(i.ADC_Config) refers to stm32f10x_adc.o(i.ADC_StartCalibration) for ADC_StartCalibration
    main.o(i.ADC_Config) refers to stm32f10x_adc.o(i.ADC_GetCalibrationStatus) for ADC_GetCalibrationStatus
    main.o(i.ADC_Config) refers to stm32f10x_adc.o(i.ADC_SoftwareStartConvCmd) for ADC_SoftwareStartConvCmd
    main.o(i.Fn_GPIO_Init) refers to stm32f10x_rcc.o(i.RCC_APB2PeriphClockCmd) for RCC_APB2PeriphClockCmd
    main.o(i.Fn_GPIO_Init) refers to stm32f10x_gpio.o(i.GPIO_Init) for GPIO_Init
    main.o(i.Fn_GPIO_Init) refers to main.o(.data) for GPIO_InitStructure
    main.o(i.config_Timer) refers to stm32f10x_rcc.o(i.RCC_APB1PeriphClockCmd) for RCC_APB1PeriphClockCmd
    main.o(i.config_Timer) refers to stm32f10x_tim.o(i.TIM_TimeBaseInit) for TIM_TimeBaseInit
    main.o(i.config_Timer) refers to stm32f10x_tim.o(i.TIM_ITConfig) for TIM_ITConfig
    main.o(i.config_Timer) refers to main.o(.bss) for TIM_init
    main.o(i.main) refers to _printf_percent.o(.ARM.Collect$$_printf_percent$$00000000) for _printf_percent
    main.o(i.main) refers to _printf_d.o(.ARM.Collect$$_printf_percent$$00000009) for _printf_d
    main.o(i.main) refers to _printf_dec.o(.text) for _printf_int_dec
    main.o(i.main) refers to system_stm32f10x.o(i.SystemCoreClockUpdate) for SystemCoreClockUpdate
    main.o(i.main) refers to delay.o(i.Fn_DELAY_Init) for Fn_DELAY_Init
    main.o(i.main) refers to main.o(i.Fn_GPIO_Init) for Fn_GPIO_Init
    main.o(i.main) refers to spi_msd0_driver.o(i.MSD0_SPI_Configuration) for MSD0_SPI_Configuration
    main.o(i.main) refers to lib_sd.o(i.SD_Mount) for SD_Mount
    main.o(i.main) refers to debug.o(i.db_DEBUG_Init) for db_DEBUG_Init
    main.o(i.main) refers to lib_sd.o(i.SD_TotalSize) for SD_TotalSize
    main.o(i.main) refers to lib_sd.o(i.SD_WriteFile) for SD_WriteFile
    main.o(i.main) refers to debug.o(i.db_DEBUG_flag) for db_DEBUG_flag
    main.o(i.main) refers to debug.o(i.db_DEBUG_Putchar) for db_DEBUG_Putchar
    main.o(i.main) refers to debug.o(i.db_DEBUG_Putchar_RRX) for db_DEBUG_Putchar_RRX
    main.o(i.main) refers to stm32f10x_gpio.o(i.GPIO_WriteBit) for GPIO_WriteBit
    main.o(i.main) refers to bts_get_message.o(i.Is_Message) for Is_Message
    main.o(i.main) refers to bts_frame_message.o(i.DetectMessage) for DetectMessage
    main.o(i.main) refers to noretval__2printf.o(.text) for __2printf
    main.o(i.main) refers to delay.o(i.Fn_DELAY_ms) for Fn_DELAY_ms
    main.o(i.main) refers to main.o(.constdata) for gImage_A
    main.o(i.main) refers to main.o(.data) for CountBlynk
    main.o(i.main) refers to debug.o(.bss) for Array2_Receive
    debug.o(i.USART1_IRQHandler) refers to stm32f10x_usart.o(i.USART_GetITStatus) for USART_GetITStatus
    debug.o(i.USART1_IRQHandler) refers to stm32f10x_usart.o(i.USART_ReceiveData) for USART_ReceiveData
    debug.o(i.USART1_IRQHandler) refers to bts_get_message.o(i.BTS_Get_Message) for BTS_Get_Message
    debug.o(i.USART1_IRQHandler) refers to stm32f10x_usart.o(i.USART_ClearITPendingBit) for USART_ClearITPendingBit
    debug.o(i.USART1_IRQHandler) refers to debug.o(.bss) for Array2_Receive
    debug.o(i.db_DEBUG_Init) refers to stm32f10x_rcc.o(i.RCC_APB2PeriphClockCmd) for RCC_APB2PeriphClockCmd
    debug.o(i.db_DEBUG_Init) refers to stm32f10x_gpio.o(i.GPIO_Init) for GPIO_Init
    debug.o(i.db_DEBUG_Init) refers to stm32f10x_usart.o(i.USART_Cmd) for USART_Cmd
    debug.o(i.db_DEBUG_Init) refers to stm32f10x_usart.o(i.USART_Init) for USART_Init
    debug.o(i.db_DEBUG_Init) refers to stm32f10x_usart.o(i.USART_ITConfig) for USART_ITConfig
    debug.o(i.db_DEBUG_Init) refers to debug.o(.data) for GPIO_init1
    debug.o(i.db_DEBUG_Init) refers to debug.o(.bss) for USART_init1
    debug.o(i.db_DEBUG_Number) refers to _printf_percent.o(.ARM.Collect$$_printf_percent$$00000000) for _printf_percent
[...]
    Removing stm32f10x_tim.o(i.TIM_OC4PreloadConfig), (26 bytes).
    Removing stm32f10x_tim.o(i.TIM_OCStructInit), (20 bytes).
    Removing stm32f10x_tim.o(i.TIM_PWMIConfig), (124 bytes).
    Removing stm32f10x_tim.o(i.TIM_PrescalerConfig), (6 bytes).
    Removing stm32f10x_tim.o(i.TIM_SelectCCDMA), (24 bytes).
    Removing stm32f10x_tim.o(i.TIM_SelectCOM), (24 bytes).
    Removing stm32f10x_tim.o(i.TIM_SelectHallSensor), (24 bytes).
    Removing stm32f10x_tim.o(i.TIM_SelectInputTrigger), (18 bytes).
    Removing stm32f10x_tim.o(i.TIM_SelectMasterSlaveMode), (18 bytes).
    Removing stm32f10x_tim.o(i.TIM_SelectOCxM), (82 bytes).
    Removing stm32f10x_tim.o(i.TIM_SelectOnePulseMode), (18 bytes).
    Removing stm32f10x_tim.o(i.TIM_SelectOutputTrigger), (18 bytes).
    Removing stm32f10x_tim.o(i.TIM_SelectSlaveMode), (18 bytes).
    Removing stm32f10x_tim.o(i.TIM_SetAutoreload), (4 bytes).
    Removing stm32f10x_tim.o(i.TIM_SetClockDivision), (18 bytes).
    Removing stm32f10x_tim.o(i.TIM_SetCompare1), (4 bytes).
    Removing stm32f10x_tim.o(i.TIM_SetCompare2), (4 bytes).
    Removing stm32f10x_tim.o(i.TIM_SetCompare3), (4 bytes).
    Removing stm32f10x_tim.o(i.TIM_SetCompare4), (6 bytes).
    Removing stm32f10x_tim.o(i.TIM_SetCounter), (4 bytes).
    Removing stm32f10x_tim.o(i.TIM_SetIC1Prescaler), (18 bytes).
    Removing stm32f10x_tim.o(i.TIM_SetIC2Prescaler), (26 bytes).
    Removing stm32f10x_tim.o(i.TIM_SetIC3Prescaler), (18 bytes).
    Removing stm32f10x_tim.o(i.TIM_SetIC4Prescaler), (26 bytes).
    Removing stm32f10x_tim.o(i.TIM_TIxExternalClockConfig), (62 bytes).
    Removing stm32f10x_tim.o(i.TIM_TimeBaseInit), (164 bytes).
    Removing stm32f10x_tim.o(i.TIM_TimeBaseStructInit), (18 bytes).
    Removing stm32f10x_tim.o(i.TIM_UpdateDisableConfig), (24 bytes).
    Removing stm32f10x_tim.o(i.TIM_UpdateRequestConfig), (24 bytes).

396 unused section(s) (total 16016 bytes) removed from the image.

==============================================================================

Image Symbol Table

    Local Symbols

    Symbol Name                              Value     Ov Type        Size  Object(Section)

    ../clib/angel/boardlib.s                 0x00000000   Number         0  boardshut.o ABSOLUTE
    ../clib/angel/boardlib.s                 0x00000000   Number         0  boardinit3.o ABSOLUTE
    ../clib/angel/boardlib.s                 0x00000000   Number         0  boardinit2.o ABSOLUTE
    ../clib/angel/boardlib.s                 0x00000000   Number         0  boardinit1.o ABSOLUTE
    ../clib/angel/handlers.s                 0x00000000   Number         0  __scatter_copy.o ABSOLUTE
    ../clib/angel/handlers.s                 0x00000000   Number         0  __scatter_zi.o ABSOLUTE
    ../clib/angel/kernel.s                   0x00000000   Number         0  __rtentry.o ABSOLUTE
    ../clib/angel/kernel.s                   0x00000000   Number         0  rtexit2.o ABSOLUTE
    ../clib/angel/kernel.s                   0x00000000   Number         0  __rtentry4.o ABSOLUTE
    ../clib/angel/kernel.s                   0x00000000   Number         0  rtexit.o ABSOLUTE
    ../clib/angel/kernel.s                   0x00000000   Number         0  __rtentry2.o ABSOLUTE
    ../clib/angel/rt.s                       0x00000000   Number         0  rt_raise.o ABSOLUTE
    ../clib/angel/scatter.s                  0x00000000   Number         0  __scatter.o ABSOLUTE
    ../clib/angel/startup.s                  0x00000000   Number         0  __main.o ABSOLUTE
    ../clib/angel/sys.s                      0x00000000   Number         0  libspace.o ABSOLUTE
    ../clib/angel/sys.s                      0x00000000   Number         0  indicate_semi.o ABSOLUTE
    ../clib/angel/sys.s                      0x00000000   Number         0  use_no_semi.o ABSOLUTE
    ../clib/angel/sys.s                      0x00000000   Number         0  sys_stackheap_outer.o ABSOLUTE
    ../clib/angel/sysapp.c                   0x00000000   Number         0  sys_exit.o ABSOLUTE
    ../clib/angel/sysapp.c                   0x00000000   Number         0  sys_wrch.o ABSOLUTE
    ../clib/angel/sysapp.c                   0x00000000   Number         0  sys_command.o ABSOLUTE
    ../clib/armsys.c                         0x00000000   Number         0  argv_veneer.o ABSOLUTE
    ../clib/armsys.c                         0x00000000   Number         0  argv_veneer.o ABSOLUTE
    ../clib/armsys.c                         0x00000000   Number         0  no_argv.o ABSOLUTE
    ../clib/armsys.c                         0x00000000   Number         0  _get_argv_nomalloc.o ABSOLUTE
    ../clib/heapalloc.c                      0x00000000   Number         0  hrguard.o ABSOLUTE
    ../clib/heapaux.c                        0x00000000   Number         0  heapauxi.o ABSOLUTE
    ../clib/libinit.s                        0x00000000   Number         0  libinit2.o ABSOLUTE
    ../clib/libinit.s                        0x00000000   Number         0  libinit.o ABSOLUTE
    ../clib/libinit.s                        0x00000000   Number         0  libshutdown2.o ABSOLUTE
    ../clib/libinit.s                        0x00000000   Number         0  libshutdown.o ABSOLUTE
    ../clib/memcpset.s                       0x00000000   Number         0  rt_memcpy_v6.o ABSOLUTE
    ../clib/memcpset.s                       0x00000000   Number         0  rt_memcpy_w.o ABSOLUTE
    ../clib/printf.c                         0x00000000   Number         0  _printf_str.o ABSOLUTE
    ../clib/printf.c                         0x00000000   Number         0  noretval__2sprintf.o ABSOLUTE
    ../clib/printf.c                         0x00000000   Number         0  noretval__2printf.o ABSOLUTE
    ../clib/printf.c                         0x00000000   Number         0  __2sprintf.o ABSOLUTE
    ../clib/printf.c                         0x00000000   Number         0  __printf_flags_ss_wp.o ABSOLUTE
    ../clib/printf.c                         0x00000000   Number         0  __2printf.o ABSOLUTE
    ../clib/printf.c                         0x00000000   Number         0  __printf_ss_wp.o ABSOLUTE
    ../clib/printf.c                         0x00000000   Number         0  __printf_flags_wp.o ABSOLUTE
    ../clib/printf.c                         0x00000000   Number         0  __printf_ss.o ABSOLUTE
    ../clib/printf.c                         0x00000000   Number         0  __printf_wp.o ABSOLUTE
    ../clib/printf.c                         0x00000000   Number         0  __printf_flags_ss.o ABSOLUTE
    ../clib/printf.c                         0x00000000   Number         0  __printf.o ABSOLUTE
    ../clib/printf.c                         0x00000000   Number         0  __printf_flags.o ABSOLUTE
    ../clib/printf.c                         0x00000000   Number         0  _printf_hex_int_ll_ptr.o ABSOLUTE
    ../clib/printf.c                         0x00000000   Number         0  _printf_hex_ll_ptr.o ABSOLUTE
    ../clib/printf.c                         0x00000000   Number         0  _printf_hex_int_ptr.o ABSOLUTE
    ../clib/printf.c                         0x00000000   Number         0  _printf_hex_ptr.o ABSOLUTE
    ../clib/printf.c                         0x00000000   Number         0  _printf_hex_int_ll.o ABSOLUTE
    ../clib/printf.c                         0x00000000   Number         0  _printf_hex_int.o ABSOLUTE
    ../clib/printf.c                         0x00000000   Number         0  _printf_hex_ll.o ABSOLUTE
    ../clib/printf.c                         0x00000000   Number         0  _printf_dec.o ABSOLUTE
    ../clib/printf.c                         0x00000000   Number         0  _printf_char_file.o ABSOLUTE
    ../clib/printf.c                         0x00000000   Number         0  _printf_char.o ABSOLUTE
    ../clib/printf.c                         0x00000000   Number         0  _sputc.o ABSOLUTE
    ../clib/printf.c                         0x00000000   Number         0  _printf_char_common.o ABSOLUTE
    ../clib/printf.c                         0x00000000   Number         0  _printf_intcommon.o ABSOLUTE
    ../clib/printf.c                         0x00000000   Number         0  __printf_nopercent.o ABSOLUTE
    ../clib/printf_percent.s                 0x00000000   Number         0  _printf_percent.o ABSOLUTE
    ../clib/printf_percent.s                 0x00000000   Number         0  _printf_percent_end.o ABSOLUTE
    ../clib/printf_percent.s                 0x00000000   Number         0  _printf_d.o ABSOLUTE
    ../clib/printf_percent.s                 0x00000000   Number         0  _printf_x.o ABSOLUTE
    ../clib/printf_percent.s                 0x00000000   Number         0  _printf_s.o ABSOLUTE
    ../clib/signal.c                         0x00000000   Number         0  defsig_rtmem_inner.o ABSOLUTE
    ../clib/signal.c                         0x00000000   Number         0  defsig_rtred_inner.o ABSOLUTE
    ../clib/signal.c                         0x00000000   Number         0  defsig_fpe_inner.o ABSOLUTE
    ../clib/signal.c                         0x00000000   Number         0  defsig_abrt_inner.o ABSOLUTE
    ../clib/signal.c                         0x00000000   Number         0  defsig_general.o ABSOLUTE
    ../clib/signal.c                         0x00000000   Number         0  defsig_stak_inner.o ABSOLUTE
    ../clib/signal.c                         0x00000000   Number         0  __raise.o ABSOLUTE
    ../clib/signal.c                         0x00000000   Number         0  defsig_exit.o ABSOLUTE
    ../clib/signal.c                         0x00000000   Number         0  defsig_rtmem_formal.o ABSOLUTE
    ../clib/signal.c                         0x00000000   Number         0  defsig_rtmem_outer.o ABSOLUTE
    ../clib/signal.c                         0x00000000   Number         0  defsig_other.o ABSOLUTE
    ../clib/signal.c                         0x00000000   Number         0  defsig_segv_inner.o ABSOLUTE
    ../clib/signal.c                         0x00000000   Number         0  defsig_cppl_inner.o ABSOLUTE
    ../clib/signal.c                         0x00000000   Number         0  defsig_pvfn_inner.o ABSOLUTE
    ../clib/signal.s                         0x00000000   Number         0  defsig.o ABSOLUTE
    ../clib/stdio.c                          0x00000000   Number         0  ferror_locked.o ABSOLUTE
    ../clib/stdio.c                          0x00000000   Number         0  ferror.o ABSOLUTE
    ../clib/stdlib.c                         0x00000000   Number         0  exit.o ABSOLUTE
    ../clib/string.c                         0x00000000   Number         0  strstr.o ABSOLUTE
    ../clib/string.c                         0x00000000   Number         0  strlen.o ABSOLUTE
    ../fplib/fpinit.s                        0x00000000   Number         0  fpinit.o ABSOLUTE
    ..\USER\Delay.c                          0x00000000   Number         0  delay.o ABSOLUTE
    ..\USER\FATFS_V0.09\src\ccsbcs.c         0x00000000   Number         0  ccsbcs.o ABSOLUTE
    ..\USER\FATFS_V0.09\src\diskio.c         0x00000000   Number         0  diskio.o ABSOLUTE
    ..\USER\FATFS_V0.09\src\ff.c             0x00000000   Number         0  ff.o ABSOLUTE
    ..\USER\SPI_SD_Card\SPI_MSD0_Driver.c    0x00000000   Number         0  spi_msd0_driver.o ABSOLUTE
    ..\USER\debug.c                          0x00000000   Number         0  debug.o ABSOLUTE
    ..\USER\flash_if.c                       0x00000000   Number         0  flash_if.o ABSOLUTE
    ..\USER\i2c.c                            0x00000000   Number         0  i2c.o ABSOLUTE
    ..\USER\lib_sd.c                         0x00000000   Number         0  lib_sd.o ABSOLUTE
    ..\USER\main.c                           0x00000000   Number         0  main.o ABSOLUTE
    ..\USER\msg\bts_convert.c                0x00000000   Number         0  bts_convert.o ABSOLUTE
    ..\USER\msg\bts_frame_message.c          0x00000000   Number         0  bts_frame_message.o ABSOLUTE
    ..\USER\msg\bts_get_message.c            0x00000000   Number         0  bts_get_message.o ABSOLUTE
    ..\\USER\\Delay.c                        0x00000000   Number         0  delay.o ABSOLUTE
    ..\\USER\\FATFS_V0.09\\src\\diskio.c     0x00000000   Number         0  diskio.o ABSOLUTE
    ..\\USER\\SPI_SD_Card\\SPI_MSD0_Driver.c 0x00000000   Number         0  spi_msd0_driver.o ABSOLUTE
    ..\\USER\\debug.c                        0x00000000   Number         0  debug.o ABSOLUTE
    ..\\USER\\flash_if.c                     0x00000000   Number         0  flash_if.o ABSOLUTE
    ..\\USER\\i2c.c                          0x00000000   Number         0  i2c.o ABSOLUTE
    ..\\USER\\lib_sd.c                       0x00000000   Number         0  lib_sd.o ABSOLUTE
    ..\\USER\\main.c                         0x00000000   Number         0  main.o ABSOLUTE
    ..\\USER\\msg\\bts_frame_message.c       0x00000000   Number         0  bts_frame_message.o ABSOLUTE
    ..\\USER\\msg\\bts_get_message.c         0x00000000   Number         0  bts_get_message.o ABSOLUTE
    C:\Users\nguye\AppData\Local\Arm\Packs\Keil\STM32F1xx_DFP\2.3.0\Device\StdPeriph_Driver\src\misc.c 0x00000000   Number         0  misc.o ABSOLUTE
    C:\Users\nguye\AppData\Local\Arm\Packs\Keil\STM32F1xx_DFP\2.3.0\Device\StdPeriph_Driver\src\stm32f10x_adc.c 0x00000000   Number         0  stm32f10x_adc.o ABSOLUTE
    C:\Users\nguye\AppData\Local\Arm\Packs\Keil\STM32F1xx_DFP\2.3.0\Device\StdPeriph_Driver\src\stm32f10x_flash.c 0x00000000   Number         0  stm32f10x_flash.o ABSOLUTE
    C:\Users\nguye\AppData\Local\Arm\Packs\Keil\STM32F1xx_DFP\2.3.0\Device\StdPeriph_Driver\src\stm32f10x_gpio.c 0x00000000   Number         0  stm32f10x_gpio.o ABSOLUTE
    C:\Users\nguye\AppData\Local\Arm\Packs\Keil\STM32F1xx_DFP\2.3.0\Device\StdPeriph_Driver\src\stm32f10x_i2c.c 0x00000000   Number         0  stm32f10x_i2c.o ABSOLUTE
    C:\Users\nguye\AppData\Local\Arm\Packs\Keil\STM32F1xx_DFP\2.3.0\Device\StdPeriph_Driver\src\stm32f10x_rcc.c 0x00000000   Number         0  stm32f10x_rcc.o ABSOLUTE
    C:\Users\nguye\AppData\Local\Arm\Packs\Keil\STM32F1xx_DFP\2.3.0\Device\StdPeriph_Driver\src\stm32f10x_spi.c 0x00000000   Number         0  stm32f10x_spi.o ABSOLUTE
    C:\Users\nguye\AppData\Local\Arm\Packs\Keil\STM32F1xx_DFP\2.3.0\Device\StdPeriph_Driver\src\stm32f10x_tim.c 0x00000000   Number         0  stm32f10x_tim.o ABSOLUTE
    C:\Users\nguye\AppData\Local\Arm\Packs\Keil\STM32F1xx_DFP\2.3.0\Device\StdPeriph_Driver\src\stm32f10x_usart.c 0x00000000   Number         0  stm32f10x_usart.o ABSOLUTE
    C:\Users\nguye\AppData\Local\Arm\Packs\Keil\STM32F1xx_DFP\2.3.0\RTE_Driver\GPIO_STM32F10x.c 0x00000000   Number         0  gpio_stm32f10x.o ABSOLUTE
    C:\\Users\\nguye\\AppData\\Local\\Arm\\Packs\\Keil\\STM32F1xx_DFP\\2.3.0\\Device\\StdPeriph_Driver\\src\\misc.c 0x00000000   Number         0  misc.o ABSOLUTE
    C:\\Users\\nguye\\AppData\\Local\\Arm\\Packs\\Keil\\STM32F1xx_DFP\\2.3.0\\Device\\StdPeriph_Driver\\src\\stm32f10x_adc.c 0x00000000   Number         0  stm32f10x_adc.o ABSOLUTE
    C:\\Users\\nguye\\AppData\\Local\\Arm\\Packs\\Keil\\STM32F1xx_DFP\\2.3.0\\Device\\StdPeriph_Driver\\src\\stm32f10x_flash.c 0x00000000   Number         0  stm32f10x_flash.o ABSOLUTE
    C:\\Users\\nguye\\AppData\\Local\\Arm\\Packs\\Keil\\STM32F1xx_DFP\\2.3.0\\Device\\StdPeriph_Driver\\src\\stm32f10x_gpio.c 0x00000000   Number         0  stm32f10x_gpio.o ABSOLUTE
    C:\\Users\\nguye\\AppData\\Local\\Arm\\Packs\\Keil\\STM32F1xx_DFP\\2.3.0\\Device\\StdPeriph_Driver\\src\\stm32f10x_i2c.c 0x00000000   Number         0  stm32f10x_i2c.o ABSOLUTE
    C:\\Users\\nguye\\AppData\\Local\\Arm\\Packs\\Keil\\STM32F1xx_DFP\\2.3.0\\Device\\StdPeriph_Driver\\src\\stm32f10x_rcc.c 0x00000000   Number         0  stm32f10x_rcc.o ABSOLUTE
    C:\\Users\\nguye\\AppData\\Local\\Arm\\Packs\\Keil\\STM32F1xx_DFP\\2.3.0\\Device\\StdPeriph_Driver\\src\\stm32f10x_spi.c 0x00000000   Number         0  stm32f10x_spi.o ABSOLUTE
    C:\\Users\\nguye\\AppData\\Local\\Arm\\Packs\\Keil\\STM32F1xx_DFP\\2.3.0\\Device\\StdPeriph_Driver\\src\\stm32f10x_tim.c 0x00000000   Number         0  stm32f10x_tim.o ABSOLUTE
    C:\\Users\\nguye\\AppData\\Local\\Arm\\Packs\\Keil\\STM32F1xx_DFP\\2.3.0\\Device\\StdPeriph_Driver\\src\\stm32f10x_usart.c 0x00000000   Number         0  stm32f10x_usart.o ABSOLUTE
    C:\\Users\\nguye\\AppData\\Local\\Arm\\Packs\\Keil\\STM32F1xx_DFP\\2.3.0\\RTE_Driver\\GPIO_STM32F10x.c 0x00000000   Number         0  gpio_stm32f10x.o ABSOLUTE
    RTE\Device\STM32F103C6\startup_stm32f10x_ld.s 0x00000000   Number         0  startup_stm32f10x_ld.o ABSOLUTE
    RTE\Device\STM32F103C6\system_stm32f10x.c 0x00000000   Number         0  system_stm32f10x.o ABSOLUTE
    RTE\\Device\\STM32F103C6\\system_stm32f10x.c 0x00000000   Number         0  system_stm32f10x.o ABSOLUTE
    dc.s                                     0x00000000   Number         0  dc.o ABSOLUTE
    RESET                                    0x08006000   Section      236  startup_stm32f10x_ld.o(RESET)
    !!!main                                  0x080060ec   Section        8  __main.o(!!!main)
    !!!scatter                               0x080060f4   Section       52  __scatter.o(!!!scatter)
    !!handler_copy                           0x08006128   Section       26  __scatter_copy.o(!!handler_copy)
    !!handler_zi                             0x08006144   Section       28  __scatter_zi.o(!!handler_zi)
    .ARM.Collect$$_printf_percent$$00000000  0x08006160   Section        0  _printf_percent.o(.ARM.Collect$$_printf_percent$$00000000)
    .ARM.Collect$$_printf_percent$$00000009  0x08006160   Section        6  _printf_d.o(.ARM.Collect$$_printf_percent$$00000009)
    .ARM.Collect$$_printf_percent$$00000014  0x08006166   Section        6  _printf_s.o(.ARM.Collect$$_printf_percent$$00000014)
    .ARM.Collect$$_printf_percent$$00000017  0x0800616c   Section        4  _printf_percent_end.o(.ARM.Collect$$_printf_percent$$00000017)
    .ARM.Collect$$libinit$$00000000          0x08006170   Section        2  libinit.o(.ARM.Collect$$libinit$$00000000)
    .ARM.Collect$$libinit$$00000002          0x08006172   Section        0  libinit2.o(.ARM.Collect$$libinit$$00000002)
    .ARM.Collect$$libinit$$00000004          0x08006172   Section        0  libinit2.o(.ARM.Collect$$libinit$$00000004)
    .ARM.Collect$$libinit$$0000000A          0x08006172   Section        0  libinit2.o(.ARM.Collect$$libinit$$0000000A)
    .ARM.Collect$$libinit$$0000000C          0x08006172   Section        0  libinit2.o(.ARM.Collect$$libinit$$0000000C)
    .ARM.Collect$$libinit$$0000000E          0x08006172   Section        0  libinit2.o(.ARM.Collect$$libinit$$0000000E)
    .ARM.Collect$$libinit$$00000011          0x08006172   Section        0  libinit2.o(.ARM.Collect$$libinit$$00000011)
    .ARM.Collect$$libinit$$00000013          0x08006172   Section        0  libinit2.o(.ARM.Collect$$libinit$$00000013)
    .ARM.Collect$$libinit$$00000015          0x08006172   Section        0  libinit2.o(.ARM.Collect$$libinit$$00000015)
    .ARM.Collect$$libinit$$00000017          0x08006172   Section        0  libinit2.o(.ARM.Collect$$libinit$$00000017)
    .ARM.Collect$$libinit$$00000019          0x08006172   Section        0  libinit2.o(.ARM.Collect$$libinit$$00000019)
    .ARM.Collect$$libinit$$0000001B          0x08006172   Section        0  libinit2.o(.ARM.Collect$$libinit$$0000001B)
    .ARM.Collect$$libinit$$0000001D          0x08006172   Section        0  libinit2.o(.ARM.Collect$$libinit$$0000001D)
    .ARM.Collect$$libinit$$0000001F          0x08006172   Section        0  libinit2.o(.ARM.Collect$$libinit$$0000001F)
    .ARM.Collect$$libinit$$00000021          0x08006172   Section        0  libinit2.o(.ARM.Collect$$libinit$$00000021)
    .ARM.Collect$$libinit$$00000023          0x08006172   Section        0  libinit2.o(.ARM.Collect$$libinit$$00000023)
    .ARM.Collect$$libinit$$00000025          0x08006172   Section        0  libinit2.o(.ARM.Collect$$libinit$$00000025)
    .ARM.Collect$$libinit$$0000002C          0x08006172   Section        0  libinit2.o(.ARM.Collect$$libinit$$0000002C)
    .ARM.Collect$$libinit$$0000002E          0x08006172   Section        0  libinit2.o(.ARM.Collect$$libinit$$0000002E)
    .ARM.Collect$$libinit$$00000030          0x08006172   Section        0  libinit2.o(.ARM.Collect$$libinit$$00000030)
    .ARM.Collect$$libinit$$00000032          0x08006172   Section        0  libinit2.o(.ARM.Collect$$libinit$$00000032)
    .ARM.Collect$$libinit$$00000033          0x08006172   Section        2  libinit2.o(.ARM.Collect$$libinit$$00000033)
    .ARM.Collect$$libshutdown$$00000000      0x08006174   Section        2  libshutdown.o(.ARM.Collect$$libshutdown$$00000000)
    .ARM.Collect$$libshutdown$$00000002      0x08006176   Section        0  libshutdown2.o(.ARM.Collect$$libshutdown$$00000002)
    .ARM.Collect$$libshutdown$$00000004      0x08006176   Section        0  libshutdown2.o(.ARM.Collect$$libshutdown$$00000004)
    .ARM.Collect$$libshutdown$$00000006      0x08006176   Section        0  libshutdown2.o(.ARM.Collect$$libshutdown$$00000006)
    .ARM.Collect$$libshutdown$$00000009      0x08006176   Section        0  libshutdown2.o(.ARM.Collect$$libshutdown$$00000009)
    .ARM.Collect$$libshutdown$$0000000C      0x08006176   Section        0  libshutdown2.o(.ARM.Collect$$libshutdown$$0000000C)
    .ARM.Collect$$libshutdown$$0000000E      0x08006176   Section        0  libshutdown2.o(.ARM.Collect$$libshutdown$$0000000E)
    .ARM.Collect$$libshutdown$$00000011      0x08006176   Section        0  libshutdown2.o(.ARM.Collect$$libshutdown$$00000011)
    .ARM.Collect$$libshutdown$$00000012      0x08006176   Section        2  libshutdown2.o(.ARM.Collect$$libshutdown$$00000012)
    .ARM.Collect$$rtentry$$00000000          0x08006178   Section        0  __rtentry.o(.ARM.Collect$$rtentry$$00000000)
    .ARM.Collect$$rtentry$$00000002          0x08006178   Section        0  __rtentry2.o(.ARM.Collect$$rtentry$$00000002)
    .ARM.Collect$$rtentry$$00000004          0x08006178   Section        6  __rtentry4.o(.ARM.Collect$$rtentry$$00000004)
    .ARM.Collect$$rtentry$$00000009          0x0800617e   Section        0  __rtentry2.o(.ARM.Collect$$rtentry$$00000009)
    .ARM.Collect$$rtentry$$0000000A          0x0800617e   Section        4  __rtentry2.o(.ARM.Collect$$rtentry$$0000000A)
    .ARM.Collect$$rtentry$$0000000C          0x08006182   Section        0  __rtentry2.o(.ARM.Collect$$rtentry$$0000000C)
    .ARM.Collect$$rtentry$$0000000D          0x08006182   Section        8  __rtentry2.o(.ARM.Collect$$rtentry$$0000000D)
    .ARM.Collect$$rtexit$$00000000           0x0800618a   Section        2  rtexit.o(.ARM.Collect$$rtexit$$00000000)
    .ARM.Collect$$rtexit$$00000002           0x0800618c   Section        0  rtexit2.o(.ARM.Collect$$rtexit$$00000002)
    .ARM.Collect$$rtexit$$00000003           0x0800618c   Section        4  rtexit2.o(.ARM.Collect$$rtexit$$00000003)
    .ARM.Collect$$rtexit$$00000004           0x08006190   Section        6  rtexit2.o(.ARM.Collect$$rtexit$$00000004)
    .text                                    0x08006198   Section       64  startup_stm32f10x_ld.o(.text)
    .text                                    0x080061d8   Section        0  noretval__2printf.o(.text)
    .text                                    0x080061f0   Section        0  __printf.o(.text)
    .text                                    0x08006258   Section        0  _printf_str.o(.text)
    .text                                    0x080062ac   Section        0  _printf_dec.o(.text)
    .text                                    0x08006324   Section      138  rt_memcpy_v6.o(.text)
    .text                                    0x080063ae   Section        0  heapauxi.o(.text)
    .text                                    0x080063b4   Section        0  _printf_intcommon.o(.text)
    .text                                    0x08006468   Section        0  _printf_char_common.o(.text)
    _printf_input_char                       0x08006469   Thumb Code    10  _printf_char_common.o(.text)
    .text                                    0x08006498   Section        0  _printf_char.o(.text)
    .text                                    0x080064c4   Section        0  _printf_char_file.o(.text)
    .text                                    0x080064e8   Section      100  rt_memcpy_w.o(.text)
    .text                                    0x0800654c   Section        0  ferror.o(.text)
    .text                                    0x08006554   Section       74  sys_stackheap_outer.o(.text)
    .text                                    0x0800659e   Section        0  exit.o(.text)
    .text                                    0x080065b0   Section        8  libspace.o(.text)
    .text                                    0x080065b8   Section        0  sys_exit.o(.text)
    .text                                    0x080065c4   Section        2  use_no_semi.o(.text)
    .text                                    0x080065c6   Section        0  indicate_semi.o(.text)
    i.BTS_Get_Message                        0x080065c8   Section        0  bts_get_message.o(i.BTS_Get_Message)
    i.Bts_Convert_From_Bytes_To_Uint16       0x08006678   Section        0  bts_convert.o(i.Bts_Convert_From_Bytes_To_Uint16)
    i.CheckSum                               0x0800668a   Section        0  bts_frame_message.o(i.CheckSum)
    i.ClearState                             0x080066c8   Section        0  bts_get_message.o(i.ClearState)
    ClearState                               0x080066c9   Thumb Code    24  bts_get_message.o(i.ClearState)
    i.DetectMessage                          0x080066f4   Section        0  bts_frame_message.o(i.DetectMessage)
    i.Fn_DELAY_Init                          0x08006768   Section        0  delay.o(i.Fn_DELAY_Init)
    i.Fn_DELAY_ms                            0x080067a8   Section        0  delay.o(i.Fn_DELAY_ms)
    i.Fn_GPIO_Init                           0x080067e4   Section        0  main.o(i.Fn_GPIO_Init)
    i.GPIO_Init                              0x0800682c   Section        0  stm32f10x_gpio.o(i.GPIO_Init)
    i.GPIO_WriteBit                          0x08006942   Section        0  stm32f10x_gpio.o(i.GPIO_WriteBit)
    i.Is_Message                             0x0800694c   Section        0  bts_get_message.o(i.Is_Message)
    i.MSD0_GetCardInfo                       0x08006980   Section        0  spi_msd0_driver.o(i.MSD0_GetCardInfo)
    i.MSD0_Init                              0x08006c4c   Section        0  spi_msd0_driver.o(i.MSD0_Init)
    i.MSD0_ReadMultiBlock                    0x08006e84   Section        0  spi_msd0_driver.o(i.MSD0_ReadMultiBlock)
    i.MSD0_ReadSingleBlock                   0x08006f04   Section        0  spi_msd0_driver.o(i.MSD0_ReadSingleBlock)
    i.MSD0_SPIHighSpeed                      0x08006f48   Section        0  spi_msd0_driver.o(i.MSD0_SPIHighSpeed)
    i.MSD0_SPI_Configuration                 0x08006fa0   Section        0  spi_msd0_driver.o(i.MSD0_SPI_Configuration)
    i.MSD0_WriteMultiBlock                   0x08007008   Section        0  spi_msd0_driver.o(i.MSD0_WriteMultiBlock)
    i.MSD0_WriteSingleBlock                  0x08007120   Section        0  spi_msd0_driver.o(i.MSD0_WriteSingleBlock)
    i.MSD0_read_buffer                       0x080071e8   Section        0  spi_msd0_driver.o(i.MSD0_read_buffer)
    i.MSD0_send_command                      0x08007260   Section        0  spi_msd0_driver.o(i.MSD0_send_command)
    i.MSD0_send_command_hold                 0x080072d0   Section        0  spi_msd0_driver.o(i.MSD0_send_command_hold)
    i.MSD0_spi_read_write                    0x08007334   Section        0  spi_msd0_driver.o(i.MSD0_spi_read_write)
    i.RCC_APB2PeriphClockCmd                 0x08007360   Section        0  stm32f10x_rcc.o(i.RCC_APB2PeriphClockCmd)
    i.RCC_GetClocksFreq                      0x08007380   Section        0  stm32f10x_rcc.o(i.RCC_GetClocksFreq)
    i.SD_Mount                               0x08007454   Section        0  lib_sd.o(i.SD_Mount)
    i.SD_TotalSize                           0x080074a0   Section        0  lib_sd.o(i.SD_TotalSize)
    i.SD_WriteFile                           0x0800755c   Section        0  lib_sd.o(i.SD_WriteFile)
    i.SPI_Cmd                                0x08007596   Section        0  stm32f10x_spi.o(i.SPI_Cmd)
    i.SPI_Init                               0x080075ae   Section        0  stm32f10x_spi.o(i.SPI_Init)
    i.SetSysClock                            0x080075ea   Section        0  system_stm32f10x.o(i.SetSysClock)
    SetSysClock                              0x080075eb   Thumb Code     8  system_stm32f10x.o(i.SetSysClock)
    i.SetSysClockTo72                        0x080075f4   Section        0  system_stm32f10x.o(i.SetSysClockTo72)
    SetSysClockTo72                          0x080075f5   Thumb Code   214  system_stm32f10x.o(i.SetSysClockTo72)
    i.SystemCoreClockUpdate                  0x080076d4   Section        0  system_stm32f10x.o(i.SystemCoreClockUpdate)
    i.SystemInit                             0x08007778   Section        0  system_stm32f10x.o(i.SystemInit)
    i.Time_Out_Get_Message                   0x080077d8   Section        0  bts_get_message.o(i.Time_Out_Get_Message)
    Time_Out_Get_Message                     0x080077d9   Thumb Code    46  bts_get_message.o(i.Time_Out_Get_Message)
    i.USART1_IRQHandler                      0x08007814   Section        0  debug.o(i.USART1_IRQHandler)
    i.USART_ClearITPendingBit                0x08007848   Section        0  stm32f10x_usart.o(i.USART_ClearITPendingBit)
    i.USART_Cmd                              0x08007866   Section        0  stm32f10x_usart.o(i.USART_Cmd)
    i.USART_GetFlagStatus                    0x0800787e   Section        0  stm32f10x_usart.o(i.USART_GetFlagStatus)
    i.USART_GetITStatus                      0x08007898   Section        0  stm32f10x_usart.o(i.USART_GetITStatus)
    i.USART_ITConfig                         0x080078ec   Section        0  stm32f10x_usart.o(i.USART_ITConfig)
    i.USART_Init                             0x08007938   Section        0  stm32f10x_usart.o(i.USART_Init)
    i.USART_ReceiveData                      0x08007a10   Section        0  stm32f10x_usart.o(i.USART_ReceiveData)
    i.USART_SendData                         0x08007a1a   Section        0  stm32f10x_usart.o(i.USART_SendData)
    i.check_fs                               0x08007a24   Section        0  ff.o(i.check_fs)
    check_fs                                 0x08007a25   Thumb Code   138  ff.o(i.check_fs)
    i.chk_chr                                0x08007ab4   Section        0  ff.o(i.chk_chr)
    chk_chr                                  0x08007ab5   Thumb Code    20  ff.o(i.chk_chr)
    i.chk_mounted                            0x08007ac8   Section        0  ff.o(i.chk_mounted)
    chk_mounted                              0x08007ac9   Thumb Code   898  ff.o(i.chk_mounted)
    i.clust2sect                             0x08007e5c   Section        0  ff.o(i.clust2sect)
    i.cmp_lfn                                0x08007e78   Section        0  ff.o(i.cmp_lfn)
    cmp_lfn                                  0x08007e79   Thumb Code   138  ff.o(i.cmp_lfn)
    i.create_chain                           0x08007f08   Section        0  ff.o(i.create_chain)
    create_chain                             0x08007f09   Thumb Code   202  ff.o(i.create_chain)
    i.create_name                            0x08007fd4   Section        0  ff.o(i.create_name)
    create_name                              0x08007fd5   Thumb Code   534  ff.o(i.create_name)
    i.db_DEBUG_Init                          0x08008204   Section        0  debug.o(i.db_DEBUG_Init)
    i.db_DEBUG_Putchar                       0x080082a4   Section        0  debug.o(i.db_DEBUG_Putchar)
    i.db_DEBUG_Putchar_RRX                   0x080082bc   Section        0  debug.o(i.db_DEBUG_Putchar_RRX)
    i.db_DEBUG_SendChar                      0x080082cc   Section        0  debug.o(i.db_DEBUG_SendChar)
    i.db_DEBUG_flag                          0x080082ec   Section        0  debug.o(i.db_DEBUG_flag)
    i.dir_find                               0x08008308   Section        0  ff.o(i.dir_find)
    dir_find                                 0x08008309   Thumb Code   222  ff.o(i.dir_find)
    i.dir_next                               0x080083e6   Section        0  ff.o(i.dir_next)
    dir_next                                 0x080083e7   Thumb Code   280  ff.o(i.dir_next)
    i.dir_register                           0x080084fe   Section        0  ff.o(i.dir_register)
    dir_register                             0x080084ff   Thumb Code   396  ff.o(i.dir_register)
    i.dir_sdi                                0x0800868a   Section        0  ff.o(i.dir_sdi)
    dir_sdi                                  0x0800868b   Thumb Code   156  ff.o(i.dir_sdi)
    i.disk_initialize                        0x08008726   Section        0  diskio.o(i.disk_initialize)
    i.disk_ioctl                             0x0800875c   Section        0  diskio.o(i.disk_ioctl)
    i.disk_read                              0x08008804   Section        0  diskio.o(i.disk_read)
    i.disk_status                            0x0800885e   Section        0  diskio.o(i.disk_status)
    i.disk_write                             0x0800887c   Section        0  diskio.o(i.disk_write)
    i.f_close                                0x080088d6   Section        0  ff.o(i.f_close)
    i.f_getfree                              0x080088ec   Section        0  ff.o(i.f_getfree)
    i.f_lseek                                0x08008a00   Section        0  ff.o(i.f_lseek)
    i.f_mount                                0x08008bb0   Section        0  ff.o(i.f_mount)
    i.f_open                                 0x08008bdc   Section        0  ff.o(i.f_open)
    i.f_sync                                 0x08008d50   Section        0  ff.o(i.f_sync)
    i.f_write                                0x08008e08   Section        0  ff.o(i.f_write)
    i.ff_convert                             0x08009018   Section        0  ccsbcs.o(i.ff_convert)
    i.ff_wtoupper                            0x08009064   Section        0  ccsbcs.o(i.ff_wtoupper)
    i.fit_lfn                                0x0800909c   Section        0  ff.o(i.fit_lfn)
    fit_lfn                                  0x0800909d   Thumb Code   122  ff.o(i.fit_lfn)
    i.follow_path                            0x0800911c   Section        0  ff.o(i.follow_path)
    follow_path                              0x0800911d   Thumb Code   158  ff.o(i.follow_path)
    i.fputc                                  0x080091ba   Section        0  debug.o(i.fputc)
    i.gen_numname                            0x080091ca   Section        0  ff.o(i.gen_numname)
    i.get_fat                                0x08009272   Section        0  ff.o(i.get_fat)
    i.get_fattime                            0x08009356   Section        0  diskio.o(i.get_fattime)
    i.main                                   0x0800935c   Section        0  main.o(i.main)
    i.mem_cmp                                0x080094b0   Section        0  ff.o(i.mem_cmp)
    mem_cmp                                  0x080094b1   Thumb Code    38  ff.o(i.mem_cmp)
    i.mem_cpy                                0x080094d6   Section        0  ff.o(i.mem_cpy)
    mem_cpy                                  0x080094d7   Thumb Code    26  ff.o(i.mem_cpy)
    i.mem_set                                0x080094f0   Section        0  ff.o(i.mem_set)
    mem_set                                  0x080094f1   Thumb Code    20  ff.o(i.mem_set)
    i.move_window                            0x08009504   Section        0  ff.o(i.move_window)
    move_window                              0x08009505   Thumb Code   114  ff.o(i.move_window)
    i.put_fat                                0x08009576   Section        0  ff.o(i.put_fat)
    i.remove_chain                           0x080096ac   Section        0  ff.o(i.remove_chain)
    remove_chain                             0x080096ad   Thumb Code   104  ff.o(i.remove_chain)
    i.sum_sfn                                0x08009714   Section        0  ff.o(i.sum_sfn)
    sum_sfn                                  0x08009715   Thumb Code    32  ff.o(i.sum_sfn)
    i.sync                                   0x08009734   Section        0  ff.o(i.sync)
    sync                                     0x08009735   Thumb Code   202  ff.o(i.sync)
    i.validate                               0x080097fe   Section        0  ff.o(i.validate)
    validate                                 0x080097ff   Thumb Code    42  ff.o(i.validate)
    .constdata                               0x08009828   Section    25600  main.o(.constdata)
    .constdata                               0x0800fc28   Section     1216  ccsbcs.o(.constdata)
    Tbl                                      0x0800fc28   Data         256  ccsbcs.o(.constdata)
    tbl_lower                                0x0800fd28   Data         480  ccsbcs.o(.constdata)
    tbl_upper                                0x0800ff08   Data         480  ccsbcs.o(.constdata)
    .constdata                               0x080100e8   Section      141  ff.o(.constdata)
    LfnOfs                                   0x080100e8   Data          13  ff.o(.constdata)
    excvt                                    0x080100f5   Data         128  ff.o(.constdata)
    .data                                    0x20000000   Section        4  delay.o(.data)
    fac_us                                   0x20000000   Data           1  delay.o(.data)
    fac_ms                                   0x20000002   Data           2  delay.o(.data)
    .data                                    0x20000008   Section       28  main.o(.data)
    .data                                    0x20000024   Section       16  debug.o(.data)
    .data                                    0x20000034   Section       17  bts_get_message.o(.data)
    .data                                    0x20000045   Section        1  lib_sd.o(.data)
    .data                                    0x20000048   Section        6  ff.o(.data)
    FatFs                                    0x20000048   Data           4  ff.o(.data)
    Fsid                                     0x2000004c   Data           2  ff.o(.data)
    .data                                    0x2000004e   Section       20  stm32f10x_rcc.o(.data)
    APBAHBPrescTable                         0x2000004e   Data          16  stm32f10x_rcc.o(.data)
    ADCPrescTable                            0x2000005e   Data           4  stm32f10x_rcc.o(.data)
    .data                                    0x20000064   Section       20  system_stm32f10x.o(.data)
    .bss                                     0x20000078   Section      368  debug.o(.bss)
    .bss                                     0x200001e8   Section      816  lib_sd.o(.bss)
    lfn                                      0x20000418   Data         256  lib_sd.o(.bss)
    .bss                                     0x20000518   Section       88  spi_msd0_driver.o(.bss)
    .bss                                     0x20000570   Section      512  ff.o(.bss)
    LfnBuf                                   0x20000570   Data         512  ff.o(.bss)
    .bss                                     0x20000770   Section       96  libspace.o(.bss)
    HEAP                                     0x200007d0   Section      512  startup_stm32f10x_ld.o(HEAP)
    Heap_Mem                                 0x200007d0   Data         512  startup_stm32f10x_ld.o(HEAP)
    STACK                                    0x200009d0   Section     1024  startup_stm32f10x_ld.o(STACK)
    Stack_Mem                                0x200009d0   Data        1024  startup_stm32f10x_ld.o(STACK)
    __initial_sp                             0x20000dd0   Data           0  startup_stm32f10x_ld.o(STACK)

    Global Symbols

    Symbol Name                              Value     Ov Type        Size  Object(Section)

    BuildAttributes$$THM_ISAv4$P$D$K$B$S$PE$A:L22UL41UL21$X:L11$S22US41US21$IEEE1$IW$USESV6$~STKCKD$USESV7$~SHL$OSPACE$ROPI$EBA8$UX$STANDARDLIB$REQ8$PRES8$EABIv2 0x00000000   Number         0  anon$$obj.o ABSOLUTE
    __ARM_use_no_argv                        0x00000000   Number         0  main.o ABSOLUTE
    __ARM_exceptions_init                     - Undefined Weak Reference
    __alloca_initialize                       - Undefined Weak Reference
    __arm_fini_                               - Undefined Weak Reference
    __arm_preinit_                            - Undefined Weak Reference
    __cpp_initialize__aeabi_                  - Undefined Weak Reference
    __cxa_finalize                            - Undefined Weak Reference
    __rt_locale                               - Undefined Weak Reference
    __sigvec_lookup                           - Undefined Weak Reference
    _atexit_init                              - Undefined Weak Reference
    _call_atexit_fns                          - Undefined Weak Reference
    _clock_init                               - Undefined Weak Reference
    _fp_trap_init                             - Undefined Weak Reference
    _fp_trap_shutdown                         - Undefined Weak Reference
    _get_lc_collate                           - Undefined Weak Reference
    _get_lc_ctype                             - Undefined Weak Reference
    _get_lc_monetary                          - Undefined Weak Reference
    _get_lc_numeric                           - Undefined Weak Reference
    _get_lc_time                              - Undefined Weak Reference
    _getenv_init                              - Undefined Weak Reference
    _handle_redirection                       - Undefined Weak Reference
    _init_alloc                               - Undefined Weak Reference
    _init_user_alloc                          - Undefined Weak Reference
    _initio                                   - Undefined Weak Reference
    _mutex_acquire                            - Undefined Weak Reference
    _mutex_release                            - Undefined Weak Reference
    _printf_mbtowc                            - Undefined Weak Reference
    _printf_post_padding                      - Undefined Weak Reference
    _printf_pre_padding                       - Undefined Weak Reference
    _printf_truncate_signed                   - Undefined Weak Reference
    _printf_truncate_unsigned                 - Undefined Weak Reference
    _rand_init                                - Undefined Weak Reference
    _signal_finish                            - Undefined Weak Reference
    _signal_init                              - Undefined Weak Reference
    _terminate_alloc                          - Undefined Weak Reference
    _terminate_user_alloc                     - Undefined Weak Reference
    _terminateio                              - Undefined Weak Reference
    __Vectors_Size                           0x000000ec   Number         0  startup_stm32f10x_ld.o ABSOLUTE
    __Vectors                                0x08006000   Data           4  startup_stm32f10x_ld.o(RESET)
    __Vectors_End                            0x080060ec   Data           0  startup_stm32f10x_ld.o(RESET)
    __main                                   0x080060ed   Thumb Code     8  __main.o(!!!main)
    __scatterload                            0x080060f5   Thumb Code     0  __scatter.o(!!!scatter)
    __scatterload_rt2                        0x080060f5   Thumb Code    44  __scatter.o(!!!scatter)
    __scatterload_rt2_thumb_only             0x080060f5   Thumb Code     0  __scatter.o(!!!scatter)
    __scatterload_null                       0x08006103   Thumb Code     0  __scatter.o(!!!scatter)
    __scatterload_copy                       0x08006129   Thumb Code    26  __scatter_copy.o(!!handler_copy)
    __scatterload_zeroinit                   0x08006145   Thumb Code    28  __scatter_zi.o(!!handler_zi)
    _printf_d                                0x08006161   Thumb Code     0  _printf_d.o(.ARM.Collect$$_printf_percent$$00000009)
    _printf_percent                          0x08006161   Thumb Code     0  _printf_percent.o(.ARM.Collect$$_printf_percent$$00000000)
    _printf_s                                0x08006167   Thumb Code     0  _printf_s.o(.ARM.Collect$$_printf_percent$$00000014)
    _printf_percent_end                      0x0800616d   Thumb Code     0  _printf_percent_end.o(.ARM.Collect$$_printf_percent$$00000017)
    __rt_lib_init                            0x08006171   Thumb Code     0  libinit.o(.ARM.Collect$$libinit$$00000000)
    __rt_lib_init_alloca_1                   0x08006173   Thumb Code     0  libinit2.o(.ARM.Collect$$libinit$$0000002E)
    __rt_lib_init_argv_1                     0x08006173   Thumb Code     0  libinit2.o(.ARM.Collect$$libinit$$0000002C)
    __rt_lib_init_atexit_1                   0x08006173   Thumb Code     0  libinit2.o(.ARM.Collect$$libinit$$0000001B)
    __rt_lib_init_clock_1                    0x08006173   Thumb Code     0  libinit2.o(.ARM.Collect$$libinit$$00000021)
    __rt_lib_init_cpp_1                      0x08006173   Thumb Code     0  libinit2.o(.ARM.Collect$$libinit$$00000032)
    __rt_lib_init_exceptions_1               0x08006173   Thumb Code     0  libinit2.o(.ARM.Collect$$libinit$$00000030)
    __rt_lib_init_fp_1                       0x08006173   Thumb Code     0  libinit2.o(.ARM.Collect$$libinit$$00000002)
    __rt_lib_init_fp_trap_1                  0x08006173   Thumb Code     0  libinit2.o(.ARM.Collect$$libinit$$0000001F)
    __rt_lib_init_getenv_1                   0x08006173   Thumb Code     0  libinit2.o(.ARM.Collect$$libinit$$00000023)
    __rt_lib_init_heap_1                     0x08006173   Thumb Code     0  libinit2.o(.ARM.Collect$$libinit$$0000000A)
    __rt_lib_init_lc_collate_1               0x08006173   Thumb Code     0  libinit2.o(.ARM.Collect$$libinit$$00000011)
    __rt_lib_init_lc_ctype_1                 0x08006173   Thumb Code     0  libinit2.o(.ARM.Collect$$libinit$$00000013)
    __rt_lib_init_lc_monetary_1              0x08006173   Thumb Code     0  libinit2.o(.ARM.Collect$$libinit$$00000015)
    __rt_lib_init_lc_numeric_1               0x08006173   Thumb Code     0  libinit2.o(.ARM.Collect$$libinit$$00000017)
    __rt_lib_init_lc_time_1                  0x08006173   Thumb Code     0  libinit2.o(.ARM.Collect$$libinit$$00000019)
    __rt_lib_init_preinit_1                  0x08006173   Thumb Code     0  libinit2.o(.ARM.Collect$$libinit$$00000004)
    __rt_lib_init_rand_1                     0x08006173   Thumb Code     0  libinit2.o(.ARM.Collect$$libinit$$0000000E)
    __rt_lib_init_return                     0x08006173   Thumb Code     0  libinit2.o(.ARM.Collect$$libinit$$00000033)
    __rt_lib_init_signal_1                   0x08006173   Thumb Code     0  libinit2.o(.ARM.Collect$$libinit$$0000001D)
    __rt_lib_init_stdio_1                    0x08006173   Thumb Code     0  libinit2.o(.ARM.Collect$$libinit$$00000025)
    __rt_lib_init_user_alloc_1               0x08006173   Thumb Code     0  libinit2.o(.ARM.Collect$$libinit$$0000000C)
    __rt_lib_shutdown                        0x08006175   Thumb Code     0  libshutdown.o(.ARM.Collect$$libshutdown$$00000000)
    __rt_lib_shutdown_cpp_1                  0x08006177   Thumb Code     0  libshutdown2.o(.ARM.Collect$$libshutdown$$00000004)
    __rt_lib_shutdown_fini_1                 0x08006177   Thumb Code     0  libshutdown2.o(.ARM.Collect$$libshutdown$$00000002)
    __rt_lib_shutdown_fp_trap_1              0x08006177   Thumb Code     0  libshutdown2.o(.ARM.Collect$$libshutdown$$00000009)
    __rt_lib_shutdown_heap_1                 0x08006177   Thumb Code     0  libshutdown2.o(.ARM.Collect$$libshutdown$$00000011)
    __rt_lib_shutdown_return                 0x08006177   Thumb Code     0  libshutdown2.o(.ARM.Collect$$libshutdown$$00000012)
    __rt_lib_shutdown_signal_1               0x08006177   Thumb Code     0  libshutdown2.o(.ARM.Collect$$libshutdown$$0000000C)
    __rt_lib_shutdown_stdio_1                0x08006177   Thumb Code     0  libshutdown2.o(.ARM.Collect$$libshutdown$$00000006)
    __rt_lib_shutdown_user_alloc_1           0x08006177   Thumb Code     0  libshutdown2.o(.ARM.Collect$$libshutdown$$0000000E)
    __rt_entry                               0x08006179   Thumb Code     0  __rtentry.o(.ARM.Collect$$rtentry$$00000000)
    __rt_entry_presh_1                       0x08006179   Thumb Code     0  __rtentry2.o(.ARM.Collect$$rtentry$$00000002)
    __rt_entry_sh                            0x08006179   Thumb Code     0  __rtentry4.o(.ARM.Collect$$rtentry$$00000004)
    __rt_entry_li                            0x0800617f   Thumb Code     0  __rtentry2.o(.ARM.Collect$$rtentry$$0000000A)
    __rt_entry_postsh_1                      0x0800617f   Thumb Code     0  __rtentry2.o(.ARM.Collect$$rtentry$$00000009)
    __rt_entry_main                          0x08006183   Thumb Code     0  __rtentry2.o(.ARM.Collect$$rtentry$$0000000D)
    __rt_entry_postli_1                      0x08006183   Thumb Code     0  __rtentry2.o(.ARM.Collect$$rtentry$$0000000C)
    __rt_exit                                0x0800618b   Thumb Code     0  rtexit.o(.ARM.Collect$$rtexit$$00000000)
    __rt_exit_ls                             0x0800618d   Thumb Code     0  rtexit2.o(.ARM.Collect$$rtexit$$00000003)
    __rt_exit_prels_1                        0x0800618d   Thumb Code     0  rtexit2.o(.ARM.Collect$$rtexit$$00000002)
    __rt_exit_exit                           0x08006191   Thumb Code     0  rtexit2.o(.ARM.Collect$$rtexit$$00000004)
    Reset_Handler                            0x08006199   Thumb Code     8  startup_stm32f10x_ld.o(.text)
    NMI_Handler                              0x080061a1   Thumb Code     2  startup_stm32f10x_ld.o(.text)
    HardFault_Handler                        0x080061a3   Thumb Code     2  startup_stm32f10x_ld.o(.text)
    MemManage_Handler                        0x080061a5   Thumb Code     2  startup_stm32f10x_ld.o(.text)
    BusFault_Handler                         0x080061a7   Thumb Code     2  startup_stm32f10x_ld.o(.text)
    UsageFault_Handler                       0x080061a9   Thumb Code     2  startup_stm32f10x_ld.o(.text)
    SVC_Handler                              0x080061ab   Thumb Code     2  startup_stm32f10x_ld.o(.text)
    DebugMon_Handler                         0x080061ad   Thumb Code     2  startup_stm32f10x_ld.o(.text)
    PendSV_Handler                           0x080061af   Thumb Code     2  startup_stm32f10x_ld.o(.text)
    SysTick_Handler                          0x080061b1   Thumb Code     2  startup_stm32f10x_ld.o(.text)
    ADC1_2_IRQHandler                        0x080061b3   Thumb Code     0  startup_stm32f10x_ld.o(.text)
    CAN1_RX1_IRQHandler                      0x080061b3   Thumb Code     0  startup_stm32f10x_ld.o(.text)
    CAN1_SCE_IRQHandler                      0x080061b3   Thumb Code     0  startup_stm32f10x_ld.o(.text)
    DMA1_Channel1_IRQHandler                 0x080061b3   Thumb Code     0  startup_stm32f10x_ld.o(.text)
    DMA1_Channel2_IRQHandler                 0x080061b3   Thumb Code     0  startup_stm32f10x_ld.o(.text)
    DMA1_Channel3_IRQHandler                 0x080061b3   Thumb Code     0  startup_stm32f10x_ld.o(.text)
    DMA1_Channel4_IRQHandler                 0x080061b3   Thumb Code     0  startup_stm32f10x_ld.o(.text)
    DMA1_Channel5_IRQHandler                 0x080061b3   Thumb Code     0  startup_stm32f10x_ld.o(.text)
    DMA1_Channel6_IRQHandler                 0x080061b3   Thumb Code     0  startup_stm32f10x_ld.o(.text)
    DMA1_Channel7_IRQHandler                 0x080061b3   Thumb Code     0  startup_stm32f10x_ld.o(.text)
    EXTI0_IRQHandler                         0x080061b3   Thumb Code     0  startup_stm32f10x_ld.o(.text)
    EXTI15_10_IRQHandler                     0x080061b3   Thumb Code     0  startup_stm32f10x_ld.o(.text)
    EXTI1_IRQHandler                         0x080061b3   Thumb Code     0  startup_stm32f10x_ld.o(.text)
    EXTI2_IRQHandler                         0x080061b3   Thumb Code     0  startup_stm32f10x_ld.o(.text)
    EXTI3_IRQHandler                         0x080061b3   Thumb Code     0  startup_stm32f10x_ld.o(.text)
    EXTI4_IRQHandler                         0x080061b3   Thumb Code     0  startup_stm32f10x_ld.o(.text)
    EXTI9_5_IRQHandler                       0x080061b3   Thumb Code     0  startup_stm32f10x_ld.o(.text)
    FLASH_IRQHandler                         0x080061b3   Thumb Code     0  startup_stm32f10x_ld.o(.text)
    I2C1_ER_IRQHandler                       0x080061b3   Thumb Code     0  startup_stm32f10x_ld.o(.text)
    I2C1_EV_IRQHandler                       0x080061b3   Thumb Code     0  startup_stm32f10x_ld.o(.text)
    PVD_IRQHandler                           0x080061b3   Thumb Code     0  startup_stm32f10x_ld.o(.text)
    RCC_IRQHandler                           0x080061b3   Thumb Code     0  startup_stm32f10x_ld.o(.text)
    RTCAlarm_IRQHandler                      0x080061b3   Thumb Code     0  startup_stm32f10x_ld.o(.text)
    RTC_IRQHandler                           0x080061b3   Thumb Code     0  startup_stm32f10x_ld.o(.text)
    SPI1_IRQHandler                          0x080061b3   Thumb Code     0  startup_stm32f10x_ld.o(.text)
    TAMPER_IRQHandler                        0x080061b3   Thumb Code     0  startup_stm32f10x_ld.o(.text)
    TIM1_BRK_IRQHandler                      0x080061b3   Thumb Code     0  startup_stm32f10x_ld.o(.text)
    TIM1_CC_IRQHandler                       0x080061b3   Thumb Code     0  startup_stm32f10x_ld.o(.text)
    TIM1_TRG_COM_IRQHandler                  0x080061b3   Thumb Code     0  startup_stm32f10x_ld.o(.text)
    TIM1_UP_IRQHandler                       0x080061b3   Thumb Code     0  startup_stm32f10x_ld.o(.text)
    TIM2_IRQHandler                          0x080061b3   Thumb Code     0  startup_stm32f10x_ld.o(.text)
    TIM3_IRQHandler                          0x080061b3   Thumb Code     0  startup_stm32f10x_ld.o(.text)
    USART2_IRQHandler                        0x080061b3   Thumb Code     0  startup_stm32f10x_ld.o(.text)
    USBWakeUp_IRQHandler                     0x080061b3   Thumb Code     0  startup_stm32f10x_ld.o(.text)
    USB_HP_CAN1_TX_IRQHandler                0x080061b3   Thumb Code     0  startup_stm32f10x_ld.o(.text)
    USB_LP_CAN1_RX0_IRQHandler               0x080061b3   Thumb Code     0  startup_stm32f10x_ld.o(.text)
    WWDG_IRQHandler                          0x080061b3   Thumb Code     0  startup_stm32f10x_ld.o(.text)
    __user_initial_stackheap                 0x080061b5   Thumb Code     0  startup_stm32f10x_ld.o(.text)
    __2printf                                0x080061d9   Thumb Code    20  noretval__2printf.o(.text)
    __printf                                 0x080061f1   Thumb Code   104  __printf.o(.text)
    _printf_str                              0x08006259   Thumb Code    82  _printf_str.o(.text)
    _printf_int_dec                          0x080062ad   Thumb Code   104  _printf_dec.o(.text)
    __aeabi_memcpy                           0x08006325   Thumb Code     0  rt_memcpy_v6.o(.text)
    __rt_memcpy                              0x08006325   Thumb Code   138  rt_memcpy_v6.o(.text)
    _memcpy_lastbytes                        0x0800638b   Thumb Code     0  rt_memcpy_v6.o(.text)
    __use_two_region_memory                  0x080063af   Thumb Code     2  heapauxi.o(.text)
    __rt_heap_escrow$2region                 0x080063b1   Thumb Code     2  heapauxi.o(.text)
    __rt_heap_expand$2region                 0x080063b3   Thumb Code     2  heapauxi.o(.text)
    _printf_int_common                       0x080063b5   Thumb Code   178  _printf_intcommon.o(.text)
    _printf_char_common                      0x08006473   Thumb Code    32  _printf_char_common.o(.text)
    _printf_cs_common                        0x08006499   Thumb Code    20  _printf_char.o(.text)
    _printf_char                             0x080064ad   Thumb Code    16  _printf_char.o(.text)
    _printf_string                           0x080064bd   Thumb Code     8  _printf_char.o(.text)
    _printf_char_file                        0x080064c5   Thumb Code    32  _printf_char_file.o(.text)
    __aeabi_memcpy4                          0x080064e9   Thumb Code     0  rt_memcpy_w.o(.text)
    __aeabi_memcpy8                          0x080064e9   Thumb Code     0  rt_memcpy_w.o(.text)
    __rt_memcpy_w                            0x080064e9   Thumb Code   100  rt_memcpy_w.o(.text)
    _memcpy_lastbytes_aligned                0x08006531   Thumb Code     0  rt_memcpy_w.o(.text)
    ferror                                   0x0800654d   Thumb Code     8  ferror.o(.text)
    __user_setup_stackheap                   0x08006555   Thumb Code    74  sys_stackheap_outer.o(.text)
    exit                                     0x0800659f   Thumb Code    18  exit.o(.text)
    __user_libspace                          0x080065b1   Thumb Code     8  libspace.o(.text)
    __user_perproc_libspace                  0x080065b1   Thumb Code     0  libspace.o(.text)
    __user_perthread_libspace                0x080065b1   Thumb Code     0  libspace.o(.text)
    _sys_exit                                0x080065b9   Thumb Code     8  sys_exit.o(.text)
    __I$use$semihosting                      0x080065c5   Thumb Code     0  use_no_semi.o(.text)
    __use_no_semihosting_swi                 0x080065c5   Thumb Code     2  use_no_semi.o(.text)
    __semihosting_library_function           0x080065c7   Thumb Code     0  indicate_semi.o(.text)
    BTS_Get_Message                          0x080065c9   Thumb Code   146  bts_get_message.o(i.BTS_Get_Message)
    Bts_Convert_From_Bytes_To_Uint16         0x08006679   Thumb Code    18  bts_convert.o(i.Bts_Convert_From_Bytes_To_Uint16)
    CheckSum                                 0x0800668b   Thumb Code    62  bts_frame_message.o(i.CheckSum)
    DetectMessage                            0x080066f5   Thumb Code   114  bts_frame_message.o(i.DetectMessage)
    Fn_DELAY_Init                            0x08006769   Thumb Code    56  delay.o(i.Fn_DELAY_Init)
    Fn_DELAY_ms                              0x080067a9   Thumb Code    56  delay.o(i.Fn_DELAY_ms)
    Fn_GPIO_Init                             0x080067e5   Thumb Code    58  main.o(i.Fn_GPIO_Init)
    GPIO_Init                                0x0800682d   Thumb Code   278  stm32f10x_gpio.o(i.GPIO_Init)
    GPIO_WriteBit                            0x08006943   Thumb Code    10  stm32f10x_gpio.o(i.GPIO_WriteBit)
    Is_Message                               0x0800694d   Thumb Code    40  bts_get_message.o(i.Is_Message)
    MSD0_GetCardInfo                         0x08006981   Thumb Code   716  spi_msd0_driver.o(i.MSD0_GetCardInfo)
    MSD0_Init                                0x08006c4d   Thumb Code   560  spi_msd0_driver.o(i.MSD0_Init)
    MSD0_ReadMultiBlock                      0x08006e85   Thumb Code   120  spi_msd0_driver.o(i.MSD0_ReadMultiBlock)
    MSD0_ReadSingleBlock                     0x08006f05   Thumb Code    62  spi_msd0_driver.o(i.MSD0_ReadSingleBlock)
    MSD0_SPIHighSpeed                        0x08006f49   Thumb Code    84  spi_msd0_driver.o(i.MSD0_SPIHighSpeed)
    MSD0_SPI_Configuration                   0x08006fa1   Thumb Code    94  spi_msd0_driver.o(i.MSD0_SPI_Configuration)
    MSD0_WriteMultiBlock                     0x08007009   Thumb Code   272  spi_msd0_driver.o(i.MSD0_WriteMultiBlock)
    MSD0_WriteSingleBlock                    0x08007121   Thumb Code   190  spi_msd0_driver.o(i.MSD0_WriteSingleBlock)
    MSD0_read_buffer                         0x080071e9   Thumb Code   116  spi_msd0_driver.o(i.MSD0_read_buffer)
    MSD0_send_command                        0x08007261   Thumb Code   108  spi_msd0_driver.o(i.MSD0_send_command)
    MSD0_send_command_hold                   0x080072d1   Thumb Code    94  spi_msd0_driver.o(i.MSD0_send_command_hold)
    MSD0_spi_read_write                      0x08007335   Thumb Code    40  spi_msd0_driver.o(i.MSD0_spi_read_write)
    RCC_APB2PeriphClockCmd                   0x08007361   Thumb Code    26  stm32f10x_rcc.o(i.RCC_APB2PeriphClockCmd)
    RCC_GetClocksFreq                        0x08007381   Thumb Code   192  stm32f10x_rcc.o(i.RCC_GetClocksFreq)
    SD_Mount                                 0x08007455   Thumb Code    32  lib_sd.o(i.SD_Mount)
    SD_TotalSize                             0x080074a1   Thumb Code    76  lib_sd.o(i.SD_TotalSize)
    SD_WriteFile                             0x0800755d   Thumb Code    58  lib_sd.o(i.SD_WriteFile)
    SPI_Cmd                                  0x08007597   Thumb Code    24  stm32f10x_spi.o(i.SPI_Cmd)
    SPI_Init                                 0x080075af   Thumb Code    60  stm32f10x_spi.o(i.SPI_Init)
    SystemCoreClockUpdate                    0x080076d5   Thumb Code   142  system_stm32f10x.o(i.SystemCoreClockUpdate)
    SystemInit                               0x08007779   Thumb Code    76  system_stm32f10x.o(i.SystemInit)
    USART1_IRQHandler                        0x08007815   Thumb Code    42  debug.o(i.USART1_IRQHandler)
    USART_ClearITPendingBit                  0x08007849   Thumb Code    30  stm32f10x_usart.o(i.USART_ClearITPendingBit)
    USART_Cmd                                0x08007867   Thumb Code    24  stm32f10x_usart.o(i.USART_Cmd)
    USART_GetFlagStatus                      0x0800787f   Thumb Code    26  stm32f10x_usart.o(i.USART_GetFlagStatus)
    USART_GetITStatus                        0x08007899   Thumb Code    84  stm32f10x_usart.o(i.USART_GetITStatus)
    USART_ITConfig                           0x080078ed   Thumb Code    74  stm32f10x_usart.o(i.USART_ITConfig)
    USART_Init                               0x08007939   Thumb Code   210  stm32f10x_usart.o(i.USART_Init)
    USART_ReceiveData                        0x08007a11   Thumb Code    10  stm32f10x_usart.o(i.USART_ReceiveData)
    USART_SendData                           0x08007a1b   Thumb Code     8  stm32f10x_usart.o(i.USART_SendData)
    clust2sect                               0x08007e5d   Thumb Code    26  ff.o(i.clust2sect)
    db_DEBUG_Init                            0x08008205   Thumb Code   144  debug.o(i.db_DEBUG_Init)
    db_DEBUG_Putchar                         0x080082a5   Thumb Code    22  debug.o(i.db_DEBUG_Putchar)
    db_DEBUG_Putchar_RRX                     0x080082bd   Thumb Code    10  debug.o(i.db_DEBUG_Putchar_RRX)
    db_DEBUG_SendChar                        0x080082cd   Thumb Code    28  debug.o(i.db_DEBUG_SendChar)
    db_DEBUG_flag                            0x080082ed   Thumb Code    22  debug.o(i.db_DEBUG_flag)
    disk_initialize                          0x08008727   Thumb Code    52  diskio.o(i.disk_initialize)
    disk_ioctl                               0x0800875d   Thumb Code   162  diskio.o(i.disk_ioctl)
    disk_read                                0x08008805   Thumb Code    90  diskio.o(i.disk_read)
    disk_status                              0x0800885f   Thumb Code    30  diskio.o(i.disk_status)
    disk_write                               0x0800887d   Thumb Code    90  diskio.o(i.disk_write)
    f_close                                  0x080088d7   Thumb Code    22  ff.o(i.f_close)
    f_getfree                                0x080088ed   Thumb Code   276  ff.o(i.f_getfree)
    f_lseek                                  0x08008a01   Thumb Code   432  ff.o(i.f_lseek)
    f_mount                                  0x08008bb1   Thumb Code    38  ff.o(i.f_mount)
    f_open                                   0x08008bdd   Thumb Code   368  ff.o(i.f_open)
    f_sync                                   0x08008d51   Thumb Code   184  ff.o(i.f_sync)
    f_write                                  0x08008e09   Thumb Code   526  ff.o(i.f_write)
    ff_convert                               0x08009019   Thumb Code    70  ccsbcs.o(i.ff_convert)
    ff_wtoupper                              0x08009065   Thumb Code    46  ccsbcs.o(i.ff_wtoupper)
    fputc                                    0x080091bb   Thumb Code    16  debug.o(i.fputc)
    gen_numname                              0x080091cb   Thumb Code   168  ff.o(i.gen_numname)
    get_fat                                  0x08009273   Thumb Code   228  ff.o(i.get_fat)
    get_fattime                              0x08009357   Thumb Code     4  diskio.o(i.get_fattime)
    main                                     0x0800935d   Thumb Code   236  main.o(i.main)
    put_fat                                  0x08009577   Thumb Code   310  ff.o(i.put_fat)
    gImage_A                                 0x08009828   Data       25600  main.o(.constdata)
    Region$$Table$$Base                      0x08010178   Number         0  anon$$obj.o(Region$$Table)
    Region$$Table$$Limit                     0x08010198   Number         0  anon$$obj.o(Region$$Table)
    GPIO_InitStructure                       0x20000008   Data           4  main.o(.data)
    giay                                     0x20000010   Data           8  main.o(.data)
    CountBlynk                               0x20000018   Data           4  main.o(.data)
    i                                        0x2000001c   Data           1  main.o(.data)
    lenght                                   0x2000001e   Data           2  main.o(.data)
    addrees_save                             0x20000020   Data           4  main.o(.data)
    __stdout                                 0x20000024   Data           4  debug.o(.data)
    RX_FLAG_END_LINE                         0x20000028   Data           1  debug.o(.data)
    RXI                                      0x2000002c   Data           4  debug.o(.data)
    GPIO_init1                               0x20000030   Data           4  debug.o(.data)
    length_message                           0x20000034   Data           2  bts_get_message.o(.data)
    flag_new_message                         0x20000036   Data           1  bts_get_message.o(.data)
    count_element_arr                        0x20000038   Data           2  bts_get_message.o(.data)
    data_after_length                        0x2000003a   Data           2  bts_get_message.o(.data)
    timeout_start                            0x2000003c   Data           4  bts_get_message.o(.data)
    timeout_wait                             0x20000040   Data           4  bts_get_message.o(.data)
    fsm_state                                0x20000044   Data           1  bts_get_message.o(.data)
    res                                      0x20000045   Data           1  lib_sd.o(.data)
    SystemCoreClock                          0x20000064   Data           4  system_stm32f10x.o(.data)
    AHBPrescTable                            0x20000068   Data          16  system_stm32f10x.o(.data)
    RRX                                      0x20000078   Data         150  debug.o(.bss)
    Number                                   0x2000010e   Data          50  debug.o(.bss)
    Array2_Receive                           0x20000140   Data         150  debug.o(.bss)
    USART_init1                              0x200001d8   Data          16  debug.o(.bss)
    fs                                       0x200001e8   Data         560  lib_sd.o(.bss)
    SD0_CardInfo                             0x20000518   Data          88  spi_msd0_driver.o(.bss)
    __libspace_start                         0x20000770   Data          96  libspace.o(.bss)
    __temporary_stack_top$libspace           0x200007d0   Data           0  libspace.o(.bss)



==============================================================================

Memory Map of the image

  Image Entry point : 0x08006199

  Load Region LR_1 (Base: 0x08006000, Size: 0x0000a210, Max: 0xffffffff, ABSOLUTE)

    Execution Region ER_RO (Exec base: 0x08006000, Load base: 0x08006000, Size: 0x0000a198, Max: 0xffffffff, ABSOLUTE)

    Exec Addr    Load Addr    Size         Type   Attr      Idx    E Section Name        Object

    0x08006000   0x08006000   0x000000ec   Data   RO         2031    RESET               startup_stm32f10x_ld.o
    0x080060ec   0x080060ec   0x00000008   Code   RO         3161  * !!!main             c_w.l(__main.o)
    0x080060f4   0x080060f4   0x00000034   Code   RO         3339    !!!scatter          c_w.l(__scatter.o)
    0x08006128   0x08006128   0x0000001a   Code   RO         3341    !!handler_copy      c_w.l(__scatter_copy.o)
    0x08006142   0x08006142   0x00000002   PAD
    0x08006144   0x08006144   0x0000001c   Code   RO         3343    !!handler_zi        c_w.l(__scatter_zi.o)
    0x08006160   0x08006160   0x00000000   Code   RO         3152    .ARM.Collect$$_printf_percent$$00000000  c_w.l(_printf_percent.o)
    0x08006160   0x08006160   0x00000006   Code   RO         3151    .ARM.Collect$$_printf_percent$$00000009  c_w.l(_printf_d.o)
    0x08006166   0x08006166   0x00000006   Code   RO         3149    .ARM.Collect$$_printf_percent$$00000014  c_w.l(_printf_s.o)
    0x0800616c   0x0800616c   0x00000004   Code   RO         3174    .ARM.Collect$$_printf_percent$$00000017  c_w.l(_printf_percent_end.o)
    0x08006170   0x08006170   0x00000002   Code   RO         3207    .ARM.Collect$$libinit$$00000000  c_w.l(libinit.o)
    0x08006172   0x08006172   0x00000000   Code   RO         3214    .ARM.Collect$$libinit$$00000002  c_w.l(libinit2.o)
    0x08006172   0x08006172   0x00000000   Code   RO         3216    .ARM.Collect$$libinit$$00000004  c_w.l(libinit2.o)
    0x08006172   0x08006172   0x00000000   Code   RO         3219    .ARM.Collect$$libinit$$0000000A  c_w.l(libinit2.o)
    0x08006172   0x08006172   0x00000000   Code   RO         3221    .ARM.Collect$$libinit$$0000000C  c_w.l(libinit2.o)
    0x08006172   0x08006172   0x00000000   Code   RO         3223    .ARM.Collect$$libinit$$0000000E  c_w.l(libinit2.o)
    0x08006172   0x08006172   0x00000000   Code   RO         3226    .ARM.Collect$$libinit$$00000011  c_w.l(libinit2.o)
    0x08006172   0x08006172   0x00000000   Code   RO         3228    .ARM.Collect$$libinit$$00000013  c_w.l(libinit2.o)
    0x08006172   0x08006172   0x00000000   Code   RO         3230    .ARM.Collect$$libinit$$00000015  c_w.l(libinit2.o)
    0x08006172   0x08006172   0x00000000   Code   RO         3232    .ARM.Collect$$libinit$$00000017  c_w.l(libinit2.o)
    0x08006172   0x08006172   0x00000000   Code   RO         3234    .ARM.Collect$$libinit$$00000019  c_w.l(libinit2.o)
    0x08006172   0x08006172   0x00000000   Code   RO         3236    .ARM.Collect$$libinit$$0000001B  c_w.l(libinit2.o)
    0x08006172   0x08006172   0x00000000   Code   RO         3238    .ARM.Collect$$libinit$$0000001D  c_w.l(libinit2.o)
    0x08006172   0x08006172   0x00000000   Code   RO         3240    .ARM.Collect$$libinit$$0000001F  c_w.l(libinit2.o)
    0x08006172   0x08006172   0x00000000   Code   RO         3242    .ARM.Collect$$libinit$$00000021  c_w.l(libinit2.o)
    0x08006172   0x08006172   0x00000000   Code   RO         3244    .ARM.Collect$$libinit$$00000023  c_w.l(libinit2.o)
    0x08006172   0x08006172   0x00000000   Code   RO         3246    .ARM.Collect$$libinit$$00000025  c_w.l(libinit2.o)
    0x08006172   0x08006172   0x00000000   Code   RO         3250    .ARM.Collect$$libinit$$0000002C  c_w.l(libinit2.o)
    0x08006172   0x08006172   0x00000000   Code   RO         3252    .ARM.Collect$$libinit$$0000002E  c_w.l(libinit2.o)
    0x08006172   0x08006172   0x00000000   Code   RO         3254    .ARM.Collect$$libinit$$00000030  c_w.l(libinit2.o)
    0x08006172   0x08006172   0x00000000   Code   RO         3256    .ARM.Collect$$libinit$$00000032  c_w.l(libinit2.o)
    0x08006172   0x08006172   0x00000002   Code   RO         3257    .ARM.Collect$$libinit$$00000033  c_w.l(libinit2.o)
    0x08006174   0x08006174   0x00000002   Code   RO         3277    .ARM.Collect$$libshutdown$$00000000  c_w.l(libshutdown.o)
    0x08006176   0x08006176   0x00000000   Code   RO         3290    .ARM.Collect$$libshutdown$$00000002  c_w.l(libshutdown2.o)
    0x08006176   0x08006176   0x00000000   Code   RO         3292    .ARM.Collect$$libshutdown$$00000004  c_w.l(libshutdown2.o)
    0x08006176   0x08006176   0x00000000   Code   RO         3294    .ARM.Collect$$libshutdown$$00000006  c_w.l(libshutdown2.o)
    0x08006176   0x08006176   0x00000000   Code   RO         3297    .ARM.Collect$$libshutdown$$00000009  c_w.l(libshutdown2.o)
    0x08006176   0x08006176   0x00000000   Code   RO         3300    .ARM.Collect$$libshutdown$$0000000C  c_w.l(libshutdown2.o)
    0x08006176   0x08006176   0x00000000   Code   RO         3302    .ARM.Collect$$libshutdown$$0000000E  c_w.l(libshutdown2.o)
    0x08006176   0x08006176   0x00000000   Code   RO         3305    .ARM.Collect$$libshutdown$$00000011  c_w.l(libshutdown2.o)
    0x08006176   0x08006176   0x00000002   Code   RO         3306    .ARM.Collect$$libshutdown$$00000012  c_w.l(libshutdown2.o)
    0x08006178   0x08006178   0x00000000   Code   RO         3163    .ARM.Collect$$rtentry$$00000000  c_w.l(__rtentry.o)
    0x08006178   0x08006178   0x00000000   Code   RO         3178    .ARM.Collect$$rtentry$$00000002  c_w.l(__rtentry2.o)
    0x08006178   0x08006178   0x00000006   Code   RO         3190    .ARM.Collect$$rtentry$$00000004  c_w.l(__rtentry4.o)
    0x0800617e   0x0800617e   0x00000000   Code   RO         3180    .ARM.Collect$$rtentry$$00000009  c_w.l(__rtentry2.o)
    0x0800617e   0x0800617e   0x00000004   Code   RO         3181    .ARM.Collect$$rtentry$$0000000A  c_w.l(__rtentry2.o)
    0x08006182   0x08006182   0x00000000   Code   RO         3183    .ARM.Collect$$rtentry$$0000000C  c_w.l(__rtentry2.o)
    0x08006182   0x08006182   0x00000008   Code   RO         3184    .ARM.Collect$$rtentry$$0000000D  c_w.l(__rtentry2.o)
    0x0800618a   0x0800618a   0x00000002   Code   RO         3211    .ARM.Collect$$rtexit$$00000000  c_w.l(rtexit.o)
    0x0800618c   0x0800618c   0x00000000   Code   RO         3259    .ARM.Collect$$rtexit$$00000002  c_w.l(rtexit2.o)
    0x0800618c   0x0800618c   0x00000004   Code   RO         3260    .ARM.Collect$$rtexit$$00000003  c_w.l(rtexit2.o)
    0x08006190   0x08006190   0x00000006   Code   RO         3261    .ARM.Collect$$rtexit$$00000004  c_w.l(rtexit2.o)
    0x08006196   0x08006196   0x00000002   PAD
    0x08006198   0x08006198   0x00000040   Code   RO         2032  * .text               startup_stm32f10x_ld.o
    0x080061d8   0x080061d8   0x00000018   Code   RO         3098    .text               c_w.l(noretval__2printf.o)
    0x080061f0   0x080061f0   0x00000068   Code   RO         3102    .text               c_w.l(__printf.o)
    0x08006258   0x08006258   0x00000052   Code   RO         3104    .text               c_w.l(_printf_str.o)
    0x080062aa   0x080062aa   0x00000002   PAD
    0x080062ac   0x080062ac   0x00000078   Code   RO         3106    .text               c_w.l(_printf_dec.o)
    0x08006324   0x08006324   0x0000008a   Code   RO         3157    .text               c_w.l(rt_memcpy_v6.o)
    0x080063ae   0x080063ae   0x00000006   Code   RO         3159    .text               c_w.l(heapauxi.o)
    0x080063b4   0x080063b4   0x000000b2   Code   RO         3164    .text               c_w.l(_printf_intcommon.o)
    0x08006466   0x08006466   0x00000002   PAD
    0x08006468   0x08006468   0x00000030   Code   RO         3166    .text               c_w.l(_printf_char_common.o)
    0x08006498   0x08006498   0x0000002c   Code   RO         3170    .text               c_w.l(_printf_char.o)
    0x080064c4   0x080064c4   0x00000024   Code   RO         3172    .text               c_w.l(_printf_char_file.o)
    0x080064e8   0x080064e8   0x00000064   Code   RO         3175    .text               c_w.l(rt_memcpy_w.o)
    0x0800654c   0x0800654c   0x00000008   Code   RO         3194    .text               c_w.l(ferror.o)
    0x08006554   0x08006554   0x0000004a   Code   RO         3198    .text               c_w.l(sys_stackheap_outer.o)
    0x0800659e   0x0800659e   0x00000012   Code   RO         3200    .text               c_w.l(exit.o)
    0x080065b0   0x080065b0   0x00000008   Code   RO         3208    .text               c_w.l(libspace.o)
    0x080065b8   0x080065b8   0x0000000c   Code   RO         3269    .text               c_w.l(sys_exit.o)
    0x080065c4   0x080065c4   0x00000002   Code   RO         3280    .text               c_w.l(use_no_semi.o)
    0x080065c6   0x080065c6   0x00000000   Code   RO         3282    .text               c_w.l(indicate_semi.o)
    0x080065c6   0x080065c6   0x00000002   PAD
    0x080065c8   0x080065c8   0x000000b0   Code   RO          511    i.BTS_Get_Message   bts_get_message.o
    0x08006678   0x08006678   0x00000012   Code   RO          425    i.Bts_Convert_From_Bytes_To_Uint16  bts_convert.o
    0x0800668a   0x0800668a   0x0000003e   Code   RO          469    i.CheckSum          bts_frame_message.o
    0x080066c8   0x080066c8   0x0000002c   Code   RO          512    i.ClearState        bts_get_message.o
    0x080066f4   0x080066f4   0x00000072   Code   RO          472    i.DetectMessage     bts_frame_message.o
    0x08006766   0x08006766   0x00000002   PAD
    0x08006768   0x08006768   0x00000040   Code   RO            4    i.Fn_DELAY_Init     delay.o
    0x080067a8   0x080067a8   0x0000003c   Code   RO            7    i.Fn_DELAY_ms       delay.o
    0x080067e4   0x080067e4   0x00000048   Code   RO          131    i.Fn_GPIO_Init      main.o
    0x0800682c   0x0800682c   0x00000116   Code   RO         1304    i.GPIO_Init         stm32f10x_gpio.o
    0x08006942   0x08006942   0x0000000a   Code   RO         1315    i.GPIO_WriteBit     stm32f10x_gpio.o
    0x0800694c   0x0800694c   0x00000034   Code   RO          513    i.Is_Message        bts_get_message.o
    0x08006980   0x08006980   0x000002cc   Code   RO          637    i.MSD0_GetCardInfo  spi_msd0_driver.o
    0x08006c4c   0x08006c4c   0x00000238   Code   RO          638    i.MSD0_Init         spi_msd0_driver.o
    0x08006e84   0x08006e84   0x00000080   Code   RO          639    i.MSD0_ReadMultiBlock  spi_msd0_driver.o
    0x08006f04   0x08006f04   0x00000044   Code   RO          640    i.MSD0_ReadSingleBlock  spi_msd0_driver.o
    0x08006f48   0x08006f48   0x00000058   Code   RO          641    i.MSD0_SPIHighSpeed  spi_msd0_driver.o
    0x08006fa0   0x08006fa0   0x00000068   Code   RO          642    i.MSD0_SPI_Configuration  spi_msd0_driver.o
    0x08007008   0x08007008   0x00000118   Code   RO          643    i.MSD0_WriteMultiBlock  spi_msd0_driver.o
    0x08007120   0x08007120   0x000000c8   Code   RO          644    i.MSD0_WriteSingleBlock  spi_msd0_driver.o
    0x080071e8   0x080071e8   0x00000078   Code   RO          645    i.MSD0_read_buffer  spi_msd0_driver.o
    0x08007260   0x08007260   0x00000070   Code   RO          646    i.MSD0_send_command  spi_msd0_driver.o
    0x080072d0   0x080072d0   0x00000064   Code   RO          647    i.MSD0_send_command_hold  spi_msd0_driver.o
    0x08007334   0x08007334   0x0000002c   Code   RO          648    i.MSD0_spi_read_write  spi_msd0_driver.o
    0x08007360   0x08007360   0x00000020   Code   RO         1428    i.RCC_APB2PeriphClockCmd  stm32f10x_rcc.o
    0x08007380   0x08007380   0x000000d4   Code   RO         1436    i.RCC_GetClocksFreq  stm32f10x_rcc.o
    0x08007454   0x08007454   0x0000004c   Code   RO          558    i.SD_Mount          lib_sd.o
    0x080074a0   0x080074a0   0x000000bc   Code   RO          561    i.SD_TotalSize      lib_sd.o
    0x0800755c   0x0800755c   0x0000003a   Code   RO          562    i.SD_WriteFile      lib_sd.o
    0x08007596   0x08007596   0x00000018   Code   RO         1641    i.SPI_Cmd           stm32f10x_spi.o
    0x080075ae   0x080075ae   0x0000003c   Code   RO         1654    i.SPI_Init          stm32f10x_spi.o
    0x080075ea   0x080075ea   0x00000008   Code   RO         2039    i.SetSysClock       system_stm32f10x.o
    0x080075f2   0x080075f2   0x00000002   PAD
    0x080075f4   0x080075f4   0x000000e0   Code   RO         2040    i.SetSysClockTo72   system_stm32f10x.o
    0x080076d4   0x080076d4   0x000000a4   Code   RO         2041    i.SystemCoreClockUpdate  system_stm32f10x.o
    0x08007778   0x08007778   0x00000060   Code   RO         2042    i.SystemInit        system_stm32f10x.o
    0x080077d8   0x080077d8   0x0000003c   Code   RO          514    i.Time_Out_Get_Message  bts_get_message.o
    0x08007814   0x08007814   0x00000034   Code   RO          223    i.USART1_IRQHandler  debug.o
    0x08007848   0x08007848   0x0000001e   Code   RO         1793    i.USART_ClearITPendingBit  stm32f10x_usart.o
    0x08007866   0x08007866   0x00000018   Code   RO         1796    i.USART_Cmd         stm32f10x_usart.o
    0x0800787e   0x0800787e   0x0000001a   Code   RO         1799    i.USART_GetFlagStatus  stm32f10x_usart.o
    0x08007898   0x08007898   0x00000054   Code   RO         1800    i.USART_GetITStatus  stm32f10x_usart.o
    0x080078ec   0x080078ec   0x0000004a   Code   RO         1802    i.USART_ITConfig    stm32f10x_usart.o
    0x08007936   0x08007936   0x00000002   PAD
    0x08007938   0x08007938   0x000000d8   Code   RO         1803    i.USART_Init        stm32f10x_usart.o
    0x08007a10   0x08007a10   0x0000000a   Code   RO         1810    i.USART_ReceiveData  stm32f10x_usart.o
    0x08007a1a   0x08007a1a   0x00000008   Code   RO         1813    i.USART_SendData    stm32f10x_usart.o
    0x08007a22   0x08007a22   0x00000002   PAD
    0x08007a24   0x08007a24   0x00000090   Code   RO          805    i.check_fs          ff.o
    0x08007ab4   0x08007ab4   0x00000014   Code   RO          806    i.chk_chr           ff.o
    0x08007ac8   0x08007ac8   0x00000394   Code   RO          807    i.chk_mounted       ff.o
    0x08007e5c   0x08007e5c   0x0000001a   Code   RO          808    i.clust2sect        ff.o
    0x08007e76   0x08007e76   0x00000002   PAD
    0x08007e78   0x08007e78   0x00000090   Code   RO          809    i.cmp_lfn           ff.o
    0x08007f08   0x08007f08   0x000000ca   Code   RO          810    i.create_chain      ff.o
    0x08007fd2   0x08007fd2   0x00000002   PAD
    0x08007fd4   0x08007fd4   0x00000230   Code   RO          811    i.create_name       ff.o
    0x08008204   0x08008204   0x000000a0   Code   RO          224    i.db_DEBUG_Init     debug.o
    0x080082a4   0x080082a4   0x00000016   Code   RO          226    i.db_DEBUG_Putchar  debug.o
    0x080082ba   0x080082ba   0x00000002   PAD
    0x080082bc   0x080082bc   0x00000010   Code   RO          227    i.db_DEBUG_Putchar_RRX  debug.o
    0x080082cc   0x080082cc   0x00000020   Code   RO          228    i.db_DEBUG_SendChar  debug.o
    0x080082ec   0x080082ec   0x0000001c   Code   RO          230    i.db_DEBUG_flag     debug.o
    0x08008308   0x08008308   0x000000de   Code   RO          812    i.dir_find          ff.o
    0x080083e6   0x080083e6   0x00000118   Code   RO          813    i.dir_next          ff.o
    0x080084fe   0x080084fe   0x0000018c   Code   RO          815    i.dir_register      ff.o
    0x0800868a   0x0800868a   0x0000009c   Code   RO          817    i.dir_sdi           ff.o
    0x08008726   0x08008726   0x00000034   Code   RO          750    i.disk_initialize   diskio.o
    0x0800875a   0x0800875a   0x00000002   PAD
    0x0800875c   0x0800875c   0x000000a8   Code   RO          751    i.disk_ioctl        diskio.o
    0x08008804   0x08008804   0x0000005a   Code   RO          752    i.disk_read         diskio.o
    0x0800885e   0x0800885e   0x0000001e   Code   RO          753    i.disk_status       diskio.o
    0x0800887c   0x0800887c   0x0000005a   Code   RO          754    i.disk_write        diskio.o
    0x080088d6   0x080088d6   0x00000016   Code   RO          819    i.f_close           ff.o
    0x080088ec   0x080088ec   0x00000114   Code   RO          820    i.f_getfree         ff.o
    0x08008a00   0x08008a00   0x000001b0   Code   RO          821    i.f_lseek           ff.o
    0x08008bb0   0x08008bb0   0x0000002c   Code   RO          823    i.f_mount           ff.o
    0x08008bdc   0x08008bdc   0x00000174   Code   RO          824    i.f_open            ff.o
    0x08008d50   0x08008d50   0x000000b8   Code   RO          830    i.f_sync            ff.o
    0x08008e08   0x08008e08   0x0000020e   Code   RO          834    i.f_write           ff.o
    0x08009016   0x08009016   0x00000002   PAD
    0x08009018   0x08009018   0x0000004c   Code   RO          727    i.ff_convert        ccsbcs.o
    0x08009064   0x08009064   0x00000038   Code   RO          728    i.ff_wtoupper       ccsbcs.o
    0x0800909c   0x0800909c   0x00000080   Code   RO          835    i.fit_lfn           ff.o
    0x0800911c   0x0800911c   0x0000009e   Code   RO          836    i.follow_path       ff.o
    0x080091ba   0x080091ba   0x00000010   Code   RO          231    i.fputc             debug.o
    0x080091ca   0x080091ca   0x000000a8   Code   RO          837    i.gen_numname       ff.o
    0x08009272   0x08009272   0x000000e4   Code   RO          838    i.get_fat           ff.o
    0x08009356   0x08009356   0x00000004   Code   RO          755    i.get_fattime       diskio.o
    0x0800935a   0x0800935a   0x00000002   PAD
    0x0800935c   0x0800935c   0x00000154   Code   RO          133    i.main              main.o
    0x080094b0   0x080094b0   0x00000026   Code   RO          840    i.mem_cmp           ff.o
    0x080094d6   0x080094d6   0x0000001a   Code   RO          841    i.mem_cpy           ff.o
    0x080094f0   0x080094f0   0x00000014   Code   RO          842    i.mem_set           ff.o
    0x08009504   0x08009504   0x00000072   Code   RO          843    i.move_window       ff.o
    0x08009576   0x08009576   0x00000136   Code   RO          845    i.put_fat           ff.o
    0x080096ac   0x080096ac   0x00000068   Code   RO          846    i.remove_chain      ff.o
    0x08009714   0x08009714   0x00000020   Code   RO          847    i.sum_sfn           ff.o
    0x08009734   0x08009734   0x000000ca   Code   RO          848    i.sync              ff.o
    0x080097fe   0x080097fe   0x0000002a   Code   RO          849    i.validate          ff.o
    0x08009828   0x08009828   0x00006400   Data   RO          135    .constdata          main.o
    0x0800fc28   0x0800fc28   0x000004c0   Data   RO          729    .constdata          ccsbcs.o
    0x080100e8   0x080100e8   0x0000008d   Data   RO          851    .constdata          ff.o
    0x08010175   0x08010175   0x00000003   PAD
    0x08010178   0x08010178   0x00000020   Data   RO         3337    Region$$Table       anon$$obj.o


    Execution Region ER_RW (Exec base: 0x20000000, Load base: 0x08010198, Size: 0x00000078, Max: 0xffffffff, ABSOLUTE)

    Exec Addr    Load Addr    Size         Type   Attr      Idx    E Section Name        Object

    0x20000000   0x08010198   0x00000004   Data   RW            9    .data               delay.o
    0x20000004   0x0801019c   0x00000004   PAD
    0x20000008   0x080101a0   0x0000001c   Data   RW          136    .data               main.o
    0x20000024   0x080101bc   0x00000010   Data   RW          233    .data               debug.o
    0x20000034   0x080101cc   0x00000011   Data   RW          515    .data               bts_get_message.o
    0x20000045   0x080101dd   0x00000001   Data   RW          566    .data               lib_sd.o
    0x20000046   0x080101de   0x00000002   PAD
    0x20000048   0x080101e0   0x00000006   Data   RW          852    .data               ff.o
    0x2000004e   0x080101e6   0x00000014   Data   RW         1456    .data               stm32f10x_rcc.o
    0x20000062   0x080101fa   0x00000002   PAD
    0x20000064   0x080101fc   0x00000014   Data   RW         2043    .data               system_stm32f10x.o


    Execution Region ER_ZI (Exec base: 0x20000078, Load base: 0x08010210, Size: 0x00000d58, Max: 0xffffffff, ABSOLUTE)

    Exec Addr    Load Addr    Size         Type   Attr      Idx    E Section Name        Object

    0x20000078        -       0x00000170   Zero   RW          232    .bss                debug.o
    0x200001e8        -       0x00000330   Zero   RW          565    .bss                lib_sd.o
    0x20000518        -       0x00000058   Zero   RW          649    .bss                spi_msd0_driver.o
    0x20000570        -       0x00000200   Zero   RW          850    .bss                ff.o
    0x20000770        -       0x00000060   Zero   RW         3209    .bss                c_w.l(libspace.o)
    0x200007d0        -       0x00000200   Zero   RW         2030    HEAP                startup_stm32f10x_ld.o
    0x200009d0        -       0x00000400   Zero   RW         2029    STACK               startup_stm32f10x_ld.o


==============================================================================

Image component sizes


      Code (inc. data)   RO Data    RW Data    ZI Data      Debug   Object Name

        18          0          0          0          0        651   bts_convert.o
       176          0          0          0          0       1867   bts_frame_message.o
       332         76          0         17          0       3802   bts_get_message.o
       132         16       1216          0          0       1919   ccsbcs.o
       326         42          0         16        368      31513   debug.o
       124         12          0          4          0     258338   delay.o
       434         38          0          0          0       5511   diskio.o
      6492         72        141          6        512      29365   ff.o
       322        156          0          1        816       5425   lib_sd.o
       412        118      25600         28          0      30890   main.o
      2528         72          0          0         88      10569   spi_msd0_driver.o
        64         26        236          0       1536        844   startup_stm32f10x_ld.o
       288          0          0          0          0       2824   stm32f10x_gpio.o
       244         26          0         20          0       4149   stm32f10x_rcc.o
        84          0          0          0          0       2421   stm32f10x_spi.o
       472          6          0          0          0       7535   stm32f10x_usart.o
       492         52          0         20          0       3077   system_stm32f10x.o

    ----------------------------------------------------------------------
     12960        712      27228        120       3320     400700   Object Totals
         0          0         32          0          0          0   (incl. Generated)
        20          0          3          8          0          0   (incl. Padding)

    ----------------------------------------------------------------------

      Code (inc. data)   RO Data    RW Data    ZI Data      Debug   Library Member Name

         8          0          0          0          0         68   __main.o
       104          0          0          0          0         84   __printf.o
         0          0          0          0          0          0   __rtentry.o
        12          0          0          0          0          0   __rtentry2.o
         6          0          0          0          0          0   __rtentry4.o
        52          8          0          0          0          0   __scatter.o
        26          0          0          0          0          0   __scatter_copy.o
        28          0          0          0          0          0   __scatter_zi.o
        44          0          0          0          0        108   _printf_char.o
        48          6          0          0          0         96   _printf_char_common.o
        36          4          0          0          0         80   _printf_char_file.o
         6          0          0          0          0          0   _printf_d.o
       120         16          0          0          0         92   _printf_dec.o
       178          0          0          0          0         88   _printf_intcommon.o
         0          0          0          0          0          0   _printf_percent.o
         4          0          0          0          0          0   _printf_percent_end.o
         6          0          0          0          0          0   _printf_s.o
        82          0          0          0          0         80   _printf_str.o
        18          0          0          0          0         80   exit.o
         8          0          0          0          0         68   ferror.o
         6          0          0          0          0        152   heapauxi.o
         0          0          0          0          0          0   indicate_semi.o
         2          0          0          0          0          0   libinit.o
         2          0          0          0          0          0   libinit2.o
         2          0          0          0          0          0   libshutdown.o
         2          0          0          0          0          0   libshutdown2.o
         8          4          0          0         96         68   libspace.o
        24          4          0          0          0         84   noretval__2printf.o
       138          0          0          0          0         68   rt_memcpy_v6.o
       100          0          0          0          0         80   rt_memcpy_w.o
         2          0          0          0          0          0   rtexit.o
        10          0          0          0          0          0   rtexit2.o
        12          4          0          0          0         68   sys_exit.o
        74          0          0          0          0         80   sys_stackheap_outer.o
         2          0          0          0          0         68   use_no_semi.o

    ----------------------------------------------------------------------
      1180         46          0          0         96       1512   Library Totals
        10          0          0          0          0          0   (incl. Padding)

    ----------------------------------------------------------------------

      Code (inc. data)   RO Data    RW Data    ZI Data      Debug   Library Name

      1170         46          0          0         96       1512   c_w.l

    ----------------------------------------------------------------------
      1180         46          0          0         96       1512   Library Totals

    ----------------------------------------------------------------------

==============================================================================


      Code (inc. data)   RO Data    RW Data    ZI Data      Debug   

     14140        758      27228        120       3416     397008   Grand Totals
     14140        758      27228        120       3416     397008   ELF Image Totals
     14140        758      27228        120          0          0   ROM Totals

==============================================================================

    Total RO  Size (Code + RO Data)                41368 (  40.40kB)
    Total RW  Size (RW Data + ZI Data)              3536 (   3.45kB)
    Total ROM Size (Code + RO Data + RW Data)      41488 (  40.52kB)

==============================================================================

